[2023-08-14T16:19:42.697+0700][0.013s] Heap region size: 1M
[2023-08-14T16:19:42.862+0700][0.179s] Using G1
[2023-08-14T16:19:42.863+0700][0.179s] Heap address: 0x00000000e0000000, size: 512 MB, Compressed Oops mode: 32-bit
[2023-08-14T16:19:46.888+0700][4.205s] GC(0) Pause Young (Normal) (G1 Evacuation Pause)
[2023-08-14T16:19:46.889+0700][4.205s] GC(0) Using 8 workers of 8 for evacuation
[2023-08-14T16:19:46.895+0700][4.212s] GC(0)   Pre Evacuate Collection Set: 0.1ms
[2023-08-14T16:19:46.895+0700][4.212s] GC(0)   Evacuate Collection Set: 4.8ms
[2023-08-14T16:19:46.895+0700][4.212s] GC(0)   Post Evacuate Collection Set: 1.3ms
[2023-08-14T16:19:46.895+0700][4.212s] GC(0)   Other: 1.7ms
[2023-08-14T16:19:46.895+0700][4.212s] GC(0) Eden regions: 30->0(303)
[2023-08-14T16:19:46.896+0700][4.212s] GC(0) Survivor regions: 0->4(4)
[2023-08-14T16:19:46.896+0700][4.212s] GC(0) Old regions: 0->0
[2023-08-14T16:19:46.896+0700][4.212s] GC(0) Humongous regions: 0->0
[2023-08-14T16:19:46.896+0700][4.212s] GC(0) Metaspace: 16272K(16896K)->16272K(16896K) NonClass: 14519K(14848K)->14519K(14848K) Class: 1752K(2048K)->1752K(2048K)
[2023-08-14T16:19:46.896+0700][4.212s] GC(0) Pause Young (Normal) (G1 Evacuation Pause) 30M->3M(512M) 7.495ms
[2023-08-14T16:19:46.896+0700][4.212s] GC(0) User=0.00s Sys=0.00s Real=0.01s
[2023-08-14T16:19:47.307+0700][4.623s] GC(1) Pause Young (Concurrent Start) (Metadata GC Threshold)
[2023-08-14T16:19:47.307+0700][4.623s] GC(1) Using 8 workers of 8 for evacuation
[2023-08-14T16:19:47.322+0700][4.639s] GC(1)   Pre Evacuate Collection Set: 0.1ms
[2023-08-14T16:19:47.322+0700][4.639s] GC(1)   Evacuate Collection Set: 12.7ms
[2023-08-14T16:19:47.322+0700][4.639s] GC(1)   Post Evacuate Collection Set: 1.2ms
[2023-08-14T16:19:47.322+0700][4.639s] GC(1)   Other: 1.9ms
[2023-08-14T16:19:47.323+0700][4.639s] GC(1) Eden regions: 18->0(52)
[2023-08-14T16:19:47.323+0700][4.639s] GC(1) Survivor regions: 4->12(39)
[2023-08-14T16:19:47.323+0700][4.639s] GC(1) Old regions: 0->0
[2023-08-14T16:19:47.323+0700][4.639s] GC(1) Humongous regions: 4->4
[2023-08-14T16:19:47.323+0700][4.639s] GC(1) Metaspace: 20662K(21248K)->20662K(21248K) NonClass: 18413K(18688K)->18413K(18688K) Class: 2249K(2560K)->2249K(2560K)
[2023-08-14T16:19:47.323+0700][4.639s] GC(1) Pause Young (Concurrent Start) (Metadata GC Threshold) 25M->15M(512M) 15.861ms
[2023-08-14T16:19:47.323+0700][4.639s] GC(1) User=0.03s Sys=0.00s Real=0.02s
[2023-08-14T16:19:47.323+0700][4.640s] GC(2) Concurrent Cycle
[2023-08-14T16:19:47.323+0700][4.640s] GC(2) Concurrent Clear Claimed Marks
[2023-08-14T16:19:47.323+0700][4.640s] GC(2) Concurrent Clear Claimed Marks 0.158ms
[2023-08-14T16:19:47.324+0700][4.640s] GC(2) Concurrent Scan Root Regions
[2023-08-14T16:19:47.329+0700][4.645s] GC(2) Concurrent Scan Root Regions 5.152ms
[2023-08-14T16:19:47.329+0700][4.645s] GC(2) Concurrent Mark (4.645s)
[2023-08-14T16:19:47.329+0700][4.645s] GC(2) Concurrent Mark From Roots
[2023-08-14T16:19:47.329+0700][4.645s] GC(2) Using 2 workers of 2 for marking
[2023-08-14T16:19:47.330+0700][4.646s] GC(2) Concurrent Mark From Roots 1.151ms
[2023-08-14T16:19:47.330+0700][4.646s] GC(2) Concurrent Preclean
[2023-08-14T16:19:47.330+0700][4.646s] GC(2) Concurrent Preclean 0.057ms
[2023-08-14T16:19:47.330+0700][4.646s] GC(2) Concurrent Mark (4.645s, 4.646s) 1.326ms
[2023-08-14T16:19:47.331+0700][4.648s] GC(2) Pause Remark
[2023-08-14T16:19:47.334+0700][4.650s] GC(2) Cleaned string and symbol table, strings: 10201 processed, 0 removed, symbols: 69117 processed, 21 removed
[2023-08-14T16:19:47.334+0700][4.650s] GC(2) Pause Remark 16M->16M(512M) 2.307ms
[2023-08-14T16:19:47.334+0700][4.650s] GC(2) User=0.00s Sys=0.00s Real=0.00s
[2023-08-14T16:19:47.334+0700][4.650s] GC(2) Concurrent Rebuild Remembered Sets
[2023-08-14T16:19:47.335+0700][4.651s] GC(2) Concurrent Rebuild Remembered Sets 0.951ms
[2023-08-14T16:19:47.335+0700][4.651s] GC(2) Pause Cleanup
[2023-08-14T16:19:47.335+0700][4.651s] GC(2) Pause Cleanup 16M->16M(512M) 0.063ms
[2023-08-14T16:19:47.335+0700][4.651s] GC(2) User=0.00s Sys=0.00s Real=0.00s
[2023-08-14T16:19:47.335+0700][4.651s] GC(2) Concurrent Cleanup for Next Mark
[2023-08-14T16:19:47.337+0700][4.653s] GC(2) Concurrent Cleanup for Next Mark 1.280ms
[2023-08-14T16:19:47.337+0700][4.653s] GC(2) Concurrent Cycle 13.213ms
[2023-08-14T16:19:48.063+0700][5.379s] GC(3) Pause Young (Normal) (G1 Evacuation Pause)
[2023-08-14T16:19:48.063+0700][5.379s] GC(3) Using 8 workers of 8 for evacuation
[2023-08-14T16:19:48.072+0700][5.388s] GC(3)   Pre Evacuate Collection Set: 0.0ms
[2023-08-14T16:19:48.072+0700][5.389s] GC(3)   Evacuate Collection Set: 7.5ms
[2023-08-14T16:19:48.072+0700][5.389s] GC(3)   Post Evacuate Collection Set: 1.5ms
[2023-08-14T16:19:48.072+0700][5.389s] GC(3)   Other: 0.2ms
[2023-08-14T16:19:48.072+0700][5.389s] GC(3) Eden regions: 31->0(55)
[2023-08-14T16:19:48.072+0700][5.389s] GC(3) Survivor regions: 12->6(6)
[2023-08-14T16:19:48.072+0700][5.389s] GC(3) Old regions: 0->12
[2023-08-14T16:19:48.072+0700][5.389s] GC(3) Humongous regions: 4->4
[2023-08-14T16:19:48.073+0700][5.389s] GC(3) Metaspace: 24358K(25216K)->24358K(25216K) NonClass: 21709K(22272K)->21709K(22272K) Class: 2648K(2944K)->2648K(2944K)
[2023-08-14T16:19:48.073+0700][5.389s] GC(3) Pause Young (Normal) (G1 Evacuation Pause) 46M->21M(512M) 9.532ms
[2023-08-14T16:19:48.073+0700][5.389s] GC(3) User=0.03s Sys=0.00s Real=0.01s
[2023-08-14T16:19:48.788+0700][6.105s] GC(4) Pause Young (Normal) (G1 Evacuation Pause)
[2023-08-14T16:19:48.788+0700][6.105s] GC(4) Using 8 workers of 8 for evacuation
[2023-08-14T16:19:48.794+0700][6.111s] GC(4)   Pre Evacuate Collection Set: 0.0ms
[2023-08-14T16:19:48.794+0700][6.111s] GC(4)   Evacuate Collection Set: 5.0ms
[2023-08-14T16:19:48.794+0700][6.111s] GC(4)   Post Evacuate Collection Set: 0.7ms
[2023-08-14T16:19:48.794+0700][6.111s] GC(4)   Other: 0.2ms
[2023-08-14T16:19:48.794+0700][6.111s] GC(4) Eden regions: 55->0(145)
[2023-08-14T16:19:48.794+0700][6.111s] GC(4) Survivor regions: 6->4(8)
[2023-08-14T16:19:48.794+0700][6.111s] GC(4) Old regions: 12->18
[2023-08-14T16:19:48.794+0700][6.111s] GC(4) Humongous regions: 4->4
[2023-08-14T16:19:48.794+0700][6.111s] GC(4) Metaspace: 30577K(31488K)->30577K(31488K) NonClass: 27262K(27904K)->27262K(27904K) Class: 3315K(3584K)->3315K(3584K)
[2023-08-14T16:19:48.794+0700][6.111s] GC(4) Pause Young (Normal) (G1 Evacuation Pause) 76M->25M(512M) 6.074ms
[2023-08-14T16:19:48.794+0700][6.111s] GC(4) User=0.03s Sys=0.00s Real=0.01s
[2023-08-14T16:19:49.348+0700][6.663s] GC(5) Pause Young (Concurrent Start) (Metadata GC Threshold)
[2023-08-14T16:19:49.348+0700][6.663s] GC(5) Using 8 workers of 8 for evacuation
[2023-08-14T16:19:49.350+0700][6.667s] GC(5)   Pre Evacuate Collection Set: 0.0ms
[2023-08-14T16:19:49.351+0700][6.667s] GC(5)   Evacuate Collection Set: 2.7ms
[2023-08-14T16:19:49.351+0700][6.667s] GC(5)   Post Evacuate Collection Set: 0.5ms
[2023-08-14T16:19:49.351+0700][6.667s] GC(5)   Other: 0.2ms
[2023-08-14T16:19:49.351+0700][6.667s] GC(5) Eden regions: 36->0(195)
[2023-08-14T16:19:49.351+0700][6.667s] GC(5) Survivor regions: 4->4(19)
[2023-08-14T16:19:49.351+0700][6.667s] GC(5) Old regions: 18->18
[2023-08-14T16:19:49.351+0700][6.667s] GC(5) Humongous regions: 4->4
[2023-08-14T16:19:49.351+0700][6.667s] GC(5) Metaspace: 35003K(35840K)->35003K(35840K) NonClass: 31152K(31616K)->31152K(31616K) Class: 3851K(4224K)->3851K(4224K)
[2023-08-14T16:19:49.351+0700][6.667s] GC(5) Pause Young (Concurrent Start) (Metadata GC Threshold) 61M->25M(512M) 3.557ms
[2023-08-14T16:19:49.351+0700][6.667s] GC(5) User=0.00s Sys=0.00s Real=0.00s
[2023-08-14T16:19:49.351+0700][6.667s] GC(6) Concurrent Cycle
[2023-08-14T16:19:49.351+0700][6.667s] GC(6) Concurrent Clear Claimed Marks
[2023-08-14T16:19:49.351+0700][6.667s] GC(6) Concurrent Clear Claimed Marks 0.033ms
[2023-08-14T16:19:49.351+0700][6.667s] GC(6) Concurrent Scan Root Regions
[2023-08-14T16:19:49.352+0700][6.669s] GC(6) Concurrent Scan Root Regions 1.535ms
[2023-08-14T16:19:49.352+0700][6.669s] GC(6) Concurrent Mark (6.669s)
[2023-08-14T16:19:49.352+0700][6.669s] GC(6) Concurrent Mark From Roots
[2023-08-14T16:19:49.352+0700][6.669s] GC(6) Using 2 workers of 2 for marking
[2023-08-14T16:19:49.366+0700][6.682s] GC(6) Concurrent Mark From Roots 13.486ms
[2023-08-14T16:19:49.366+0700][6.682s] GC(6) Concurrent Preclean
[2023-08-14T16:19:49.366+0700][6.682s] GC(6) Concurrent Preclean 0.121ms
[2023-08-14T16:19:49.366+0700][6.682s] GC(6) Concurrent Mark (6.669s, 6.682s) 13.740ms
[2023-08-14T16:19:49.366+0700][6.683s] GC(6) Pause Remark
[2023-08-14T16:19:49.369+0700][6.686s] GC(6) Cleaned string and symbol table, strings: 16238 processed, 26 removed, symbols: 116103 processed, 41 removed
[2023-08-14T16:19:49.369+0700][6.686s] GC(6) Pause Remark 26M->26M(512M) 3.246ms
[2023-08-14T16:19:49.369+0700][6.686s] GC(6) User=0.00s Sys=0.00s Real=0.00s
[2023-08-14T16:19:49.369+0700][6.686s] GC(6) Concurrent Rebuild Remembered Sets
[2023-08-14T16:19:49.377+0700][6.693s] GC(6) Concurrent Rebuild Remembered Sets 7.404ms
[2023-08-14T16:19:49.377+0700][6.694s] GC(6) Pause Cleanup
[2023-08-14T16:19:49.377+0700][6.694s] GC(6) Pause Cleanup 27M->27M(512M) 0.105ms
[2023-08-14T16:19:49.377+0700][6.694s] GC(6) User=0.00s Sys=0.00s Real=0.00s
[2023-08-14T16:19:49.377+0700][6.694s] GC(6) Concurrent Cleanup for Next Mark
[2023-08-14T16:19:49.381+0700][6.697s] GC(6) Concurrent Cleanup for Next Mark 3.050ms
[2023-08-14T16:19:49.381+0700][6.697s] GC(6) Concurrent Cycle 30.229ms
[2023-08-14T16:19:50.686+0700][8.003s] GC(7) Pause Young (Normal) (G1 Evacuation Pause)
[2023-08-14T16:19:50.686+0700][8.003s] GC(7) Using 8 workers of 8 for evacuation
[2023-08-14T16:19:50.696+0700][8.012s] GC(7)   Pre Evacuate Collection Set: 0.0ms
[2023-08-14T16:19:50.696+0700][8.013s] GC(7)   Evacuate Collection Set: 8.2ms
[2023-08-14T16:19:50.696+0700][8.013s] GC(7)   Post Evacuate Collection Set: 1.2ms
[2023-08-14T16:19:50.696+0700][8.013s] GC(7)   Other: 0.2ms
[2023-08-14T16:19:50.696+0700][8.013s] GC(7) Eden regions: 208->0(260)
[2023-08-14T16:19:50.696+0700][8.013s] GC(7) Survivor regions: 4->12(27)
[2023-08-14T16:19:50.696+0700][8.013s] GC(7) Old regions: 18->18
[2023-08-14T16:19:50.696+0700][8.013s] GC(7) Humongous regions: 5->4
[2023-08-14T16:19:50.696+0700][8.013s] GC(7) Metaspace: 49559K(50816K)->49559K(50816K) NonClass: 43854K(44544K)->43854K(44544K) Class: 5704K(6272K)->5704K(6272K)
[2023-08-14T16:19:50.696+0700][8.013s] GC(7) Pause Young (Normal) (G1 Evacuation Pause) 234M->33M(512M) 9.899ms
[2023-08-14T16:19:50.696+0700][8.013s] GC(7) User=0.00s Sys=0.00s Real=0.01s
[2023-08-14T16:22:07.748+0700][145.064s] GC(8) Pause Young (Concurrent Start) (Metadata GC Threshold)
[2023-08-14T16:22:07.748+0700][145.064s] GC(8) Using 8 workers of 8 for evacuation
[2023-08-14T16:22:07.761+0700][145.077s] GC(8)   Pre Evacuate Collection Set: 0.2ms
[2023-08-14T16:22:07.761+0700][145.077s] GC(8)   Evacuate Collection Set: 11.7ms
[2023-08-14T16:22:07.761+0700][145.077s] GC(8)   Post Evacuate Collection Set: 1.4ms
[2023-08-14T16:22:07.761+0700][145.078s] GC(8)   Other: 0.4ms
[2023-08-14T16:22:07.761+0700][145.078s] GC(8) Eden regions: 169->0(256)
[2023-08-14T16:22:07.761+0700][145.078s] GC(8) Survivor regions: 12->19(34)
[2023-08-14T16:22:07.761+0700][145.078s] GC(8) Old regions: 18->18
[2023-08-14T16:22:07.761+0700][145.078s] GC(8) Humongous regions: 4->4
[2023-08-14T16:22:07.761+0700][145.078s] GC(8) Metaspace: 58670K(60160K)->58670K(60160K) NonClass: 51935K(52864K)->51935K(52864K) Class: 6734K(7296K)->6734K(7296K)
[2023-08-14T16:22:07.761+0700][145.078s] GC(8) Pause Young (Concurrent Start) (Metadata GC Threshold) 201M->40M(512M) 13.885ms
[2023-08-14T16:22:07.762+0700][145.078s] GC(8) User=0.05s Sys=0.00s Real=0.01s
[2023-08-14T16:22:07.762+0700][145.078s] GC(9) Concurrent Cycle
[2023-08-14T16:22:07.762+0700][145.078s] GC(9) Concurrent Clear Claimed Marks
[2023-08-14T16:22:07.762+0700][145.078s] GC(9) Concurrent Clear Claimed Marks 0.228ms
[2023-08-14T16:22:07.762+0700][145.078s] GC(9) Concurrent Scan Root Regions
[2023-08-14T16:22:07.773+0700][145.089s] GC(9) Concurrent Scan Root Regions 10.814ms
[2023-08-14T16:22:07.773+0700][145.089s] GC(9) Concurrent Mark (145.089s)
[2023-08-14T16:22:07.773+0700][145.089s] GC(9) Concurrent Mark From Roots
[2023-08-14T16:22:07.773+0700][145.089s] GC(9) Using 2 workers of 2 for marking
[2023-08-14T16:22:07.790+0700][145.107s] GC(9) Concurrent Mark From Roots 17.916ms
[2023-08-14T16:22:07.790+0700][145.107s] GC(9) Concurrent Preclean
[2023-08-14T16:22:07.791+0700][145.107s] GC(9) Concurrent Preclean 0.220ms
[2023-08-14T16:22:07.791+0700][145.107s] GC(9) Concurrent Mark (145.089s, 145.107s) 18.286ms
[2023-08-14T16:22:07.791+0700][145.107s] GC(9) Pause Remark
[2023-08-14T16:22:07.798+0700][145.115s] GC(9) Cleaned string and symbol table, strings: 26553 processed, 1 removed, symbols: 173410 processed, 404 removed
[2023-08-14T16:22:07.799+0700][145.116s] GC(9) Pause Remark 41M->41M(512M) 8.086ms
[2023-08-14T16:22:07.799+0700][145.116s] GC(9) User=0.03s Sys=0.00s Real=0.01s
[2023-08-14T16:22:07.799+0700][145.116s] GC(9) Concurrent Rebuild Remembered Sets
[2023-08-14T16:22:07.811+0700][145.129s] GC(9) Concurrent Rebuild Remembered Sets 12.885ms
[2023-08-14T16:22:07.813+0700][145.129s] GC(9) Pause Cleanup
[2023-08-14T16:22:07.813+0700][145.129s] GC(9) Pause Cleanup 41M->41M(512M) 0.229ms
[2023-08-14T16:22:07.813+0700][145.129s] GC(9) User=0.00s Sys=0.00s Real=0.00s
[2023-08-14T16:22:07.813+0700][145.129s] GC(9) Concurrent Cleanup for Next Mark
[2023-08-14T16:22:07.816+0700][145.132s] GC(9) Concurrent Cleanup for Next Mark 3.080ms
[2023-08-14T16:22:07.816+0700][145.133s] GC(9) Concurrent Cycle 54.755ms
[2023-08-15T10:14:19.440+0700][64479.402s] GC(10) Pause Young (Normal) (G1 Evacuation Pause)
[2023-08-15T10:14:19.442+0700][64479.404s] GC(10) Using 8 workers of 8 for evacuation
[2023-08-15T10:14:19.963+0700][64479.924s] GC(10) MMU target violated: 251.0ms (250.0ms/251.0ms)
[2023-08-15T10:14:19.963+0700][64479.924s] GC(10)   Pre Evacuate Collection Set: 5.4ms
[2023-08-15T10:14:19.963+0700][64479.924s] GC(10)   Evacuate Collection Set: 484.6ms
[2023-08-15T10:14:19.963+0700][64479.924s] GC(10)   Post Evacuate Collection Set: 14.7ms
[2023-08-15T10:14:19.963+0700][64479.924s] GC(10)   Other: 19.8ms
[2023-08-15T10:14:19.963+0700][64479.924s] GC(10) Eden regions: 256->0(202)
[2023-08-15T10:14:19.963+0700][64479.924s] GC(10) Survivor regions: 19->17(35)
[2023-08-15T10:14:19.963+0700][64479.924s] GC(10) Old regions: 18->21
[2023-08-15T10:14:19.963+0700][64479.924s] GC(10) Humongous regions: 4->4
[2023-08-15T10:14:19.963+0700][64479.924s] GC(10) Metaspace: 61425K(63232K)->61425K(63232K) NonClass: 54443K(55552K)->54443K(55552K) Class: 6981K(7680K)->6981K(7680K)
[2023-08-15T10:14:19.963+0700][64479.924s] GC(10) Pause Young (Normal) (G1 Evacuation Pause) 296M->41M(512M) 523.230ms
[2023-08-15T10:14:19.963+0700][64479.924s] GC(10) User=0.28s Sys=0.38s Real=0.52s
[2023-08-15T11:03:04.592+0700][67404.553s] GC(11) Pause Young (Normal) (G1 Evacuation Pause)
[2023-08-15T11:03:04.593+0700][67404.554s] GC(11) Using 8 workers of 8 for evacuation
[2023-08-15T11:03:04.651+0700][67404.612s] GC(11)   Pre Evacuate Collection Set: 1.7ms
[2023-08-15T11:03:04.651+0700][67404.612s] GC(11)   Evacuate Collection Set: 47.1ms
[2023-08-15T11:03:04.651+0700][67404.612s] GC(11)   Post Evacuate Collection Set: 7.2ms
[2023-08-15T11:03:04.651+0700][67404.612s] GC(11)   Other: 5.1ms
[2023-08-15T11:03:04.651+0700][67404.612s] GC(11) Eden regions: 202->0(265)
[2023-08-15T11:03:04.651+0700][67404.612s] GC(11) Survivor regions: 17->9(28)
[2023-08-15T11:03:04.651+0700][67404.612s] GC(11) Old regions: 21->29
[2023-08-15T11:03:04.651+0700][67404.612s] GC(11) Humongous regions: 4->4
[2023-08-15T11:03:04.651+0700][67404.612s] GC(11) Metaspace: 61964K(63744K)->61964K(63744K) NonClass: 54973K(56064K)->54973K(56064K) Class: 6991K(7680K)->6991K(7680K)
[2023-08-15T11:03:04.652+0700][67404.613s] GC(11) Pause Young (Normal) (G1 Evacuation Pause) 243M->41M(512M) 59.800ms
[2023-08-15T11:03:04.652+0700][67404.613s] GC(11) User=0.09s Sys=0.11s Real=0.06s
[2023-08-15T11:24:55.337+0700][68715.299s] GC(12) Pause Young (Normal) (G1 Evacuation Pause)
[2023-08-15T11:24:55.338+0700][68715.300s] GC(12) Using 8 workers of 8 for evacuation
[2023-08-15T11:24:55.427+0700][68715.388s] GC(12)   Pre Evacuate Collection Set: 2.2ms
[2023-08-15T11:24:55.427+0700][68715.388s] GC(12)   Evacuate Collection Set: 72.9ms
[2023-08-15T11:24:55.427+0700][68715.388s] GC(12)   Post Evacuate Collection Set: 7.1ms
[2023-08-15T11:24:55.427+0700][68715.388s] GC(12)   Other: 8.1ms
[2023-08-15T11:24:55.427+0700][68715.388s] GC(12) Eden regions: 265->0(297)
[2023-08-15T11:24:55.427+0700][68715.388s] GC(12) Survivor regions: 9->10(35)
[2023-08-15T11:24:55.427+0700][68715.388s] GC(12) Old regions: 29->29
[2023-08-15T11:24:55.427+0700][68715.388s] GC(12) Humongous regions: 4->4
[2023-08-15T11:24:55.427+0700][68715.388s] GC(12) Metaspace: 63509K(65408K)->63509K(65408K) NonClass: 56397K(57600K)->56397K(57600K) Class: 7111K(7808K)->7111K(7808K)
[2023-08-15T11:24:55.427+0700][68715.388s] GC(12) Pause Young (Normal) (G1 Evacuation Pause) 306M->42M(512M) 89.720ms
[2023-08-15T11:24:55.427+0700][68715.388s] GC(12) User=0.00s Sys=0.03s Real=0.09s
[2023-08-15T15:24:13.848+0700][83073.810s] GC(13) Pause Young (Normal) (G1 Evacuation Pause)
[2023-08-15T15:24:13.850+0700][83073.811s] GC(13) Using 8 workers of 8 for evacuation
[2023-08-15T15:24:13.961+0700][83073.923s] GC(13)   Pre Evacuate Collection Set: 3.1ms
[2023-08-15T15:24:13.961+0700][83073.923s] GC(13)   Evacuate Collection Set: 87.3ms
[2023-08-15T15:24:13.961+0700][83073.923s] GC(13)   Post Evacuate Collection Set: 9.4ms
[2023-08-15T15:24:13.961+0700][83073.923s] GC(13)   Other: 16.0ms
[2023-08-15T15:24:13.961+0700][83073.923s] GC(13) Eden regions: 297->0(296)
[2023-08-15T15:24:13.961+0700][83073.923s] GC(13) Survivor regions: 10->11(39)
[2023-08-15T15:24:13.961+0700][83073.923s] GC(13) Old regions: 29->29
[2023-08-15T15:24:13.961+0700][83073.923s] GC(13) Humongous regions: 7->7
[2023-08-15T15:24:13.961+0700][83073.923s] GC(13) Metaspace: 64048K(65664K)->64048K(65664K) NonClass: 56916K(57856K)->56916K(57856K) Class: 7131K(7808K)->7131K(7808K)
[2023-08-15T15:24:13.963+0700][83073.924s] GC(13) Pause Young (Normal) (G1 Evacuation Pause) 342M->46M(512M) 114.766ms
[2023-08-15T15:24:13.963+0700][83073.924s] GC(13) User=0.09s Sys=0.11s Real=0.12s
