[2023-08-24T11:35:21.504+0700][0.021s] Heap region size: 1M
[2023-08-24T11:35:21.739+0700][0.253s] Using G1
[2023-08-24T11:35:21.739+0700][0.253s] Heap address: 0x00000000e0000000, size: 512 MB, Compressed Oops mode: 32-bit
[2023-08-24T11:35:28.098+0700][6.611s] GC(0) Pause Young (Normal) (G1 Evacuation Pause)
[2023-08-24T11:35:28.098+0700][6.613s] GC(0) Using 8 workers of 8 for evacuation
[2023-08-24T11:35:28.102+0700][6.620s] GC(0)   Pre Evacuate Collection Set: 0.2ms
[2023-08-24T11:35:28.102+0700][6.620s] GC(0)   Evacuate Collection Set: 4.7ms
[2023-08-24T11:35:28.102+0700][6.621s] GC(0)   Post Evacuate Collection Set: 2.1ms
[2023-08-24T11:35:28.102+0700][6.621s] GC(0)   Other: 3.5ms
[2023-08-24T11:35:28.102+0700][6.621s] GC(0) Eden regions: 30->0(303)
[2023-08-24T11:35:28.102+0700][6.621s] GC(0) Survivor regions: 0->4(4)
[2023-08-24T11:35:28.102+0700][6.621s] GC(0) Old regions: 0->0
[2023-08-24T11:35:28.102+0700][6.621s] GC(0) Humongous regions: 0->0
[2023-08-24T11:35:28.102+0700][6.621s] GC(0) Metaspace: 16249K(16896K)->16249K(16896K) NonClass: 14497K(14848K)->14497K(14848K) Class: 1752K(2048K)->1752K(2048K)
[2023-08-24T11:35:28.102+0700][6.621s] GC(0) Pause Young (Normal) (G1 Evacuation Pause) 30M->3M(512M) 9.627ms
[2023-08-24T11:35:28.102+0700][6.621s] GC(0) User=0.00s Sys=0.00s Real=0.00s
[2023-08-24T11:35:28.602+0700][7.124s] GC(1) Pause Young (Concurrent Start) (Metadata GC Threshold)
[2023-08-24T11:35:28.602+0700][7.124s] GC(1) Using 8 workers of 8 for evacuation
[2023-08-24T11:35:28.627+0700][7.141s] GC(1)   Pre Evacuate Collection Set: 0.0ms
[2023-08-24T11:35:28.627+0700][7.141s] GC(1)   Evacuate Collection Set: 15.3ms
[2023-08-24T11:35:28.627+0700][7.141s] GC(1)   Post Evacuate Collection Set: 0.8ms
[2023-08-24T11:35:28.627+0700][7.141s] GC(1)   Other: 0.7ms
[2023-08-24T11:35:28.627+0700][7.141s] GC(1) Eden regions: 18->0(51)
[2023-08-24T11:35:28.627+0700][7.141s] GC(1) Survivor regions: 4->12(39)
[2023-08-24T11:35:28.627+0700][7.141s] GC(1) Old regions: 0->0
[2023-08-24T11:35:28.627+0700][7.141s] GC(1) Humongous regions: 4->4
[2023-08-24T11:35:28.627+0700][7.141s] GC(1) Metaspace: 20638K(21248K)->20638K(21248K) NonClass: 18388K(18688K)->18388K(18688K) Class: 2250K(2560K)->2250K(2560K)
[2023-08-24T11:35:28.627+0700][7.141s] GC(1) Pause Young (Concurrent Start) (Metadata GC Threshold) 25M->15M(512M) 17.098ms
[2023-08-24T11:35:28.627+0700][7.141s] GC(1) User=0.02s Sys=0.00s Real=0.03s
[2023-08-24T11:35:28.628+0700][7.141s] GC(2) Concurrent Cycle
[2023-08-24T11:35:28.628+0700][7.142s] GC(2) Concurrent Clear Claimed Marks
[2023-08-24T11:35:28.628+0700][7.142s] GC(2) Concurrent Clear Claimed Marks 0.068ms
[2023-08-24T11:35:28.628+0700][7.142s] GC(2) Concurrent Scan Root Regions
[2023-08-24T11:35:28.631+0700][7.146s] GC(2) Concurrent Scan Root Regions 4.716ms
[2023-08-24T11:35:28.631+0700][7.146s] GC(2) Concurrent Mark (7.146s)
[2023-08-24T11:35:28.631+0700][7.146s] GC(2) Concurrent Mark From Roots
[2023-08-24T11:35:28.631+0700][7.146s] GC(2) Using 2 workers of 2 for marking
[2023-08-24T11:35:28.634+0700][7.148s] GC(2) Concurrent Mark From Roots 1.130ms
[2023-08-24T11:35:28.634+0700][7.148s] GC(2) Concurrent Preclean
[2023-08-24T11:35:28.634+0700][7.148s] GC(2) Concurrent Preclean 0.062ms
[2023-08-24T11:35:28.634+0700][7.148s] GC(2) Concurrent Mark (7.146s, 7.148s) 1.294ms
[2023-08-24T11:35:28.634+0700][7.148s] GC(2) Pause Remark
[2023-08-24T11:35:28.634+0700][7.150s] GC(2) Cleaned string and symbol table, strings: 10196 processed, 0 removed, symbols: 69118 processed, 21 removed
[2023-08-24T11:35:28.634+0700][7.150s] GC(2) Pause Remark 16M->16M(512M) 2.257ms
[2023-08-24T11:35:28.634+0700][7.150s] GC(2) User=0.00s Sys=0.00s Real=0.00s
[2023-08-24T11:35:28.634+0700][7.150s] GC(2) Concurrent Rebuild Remembered Sets
[2023-08-24T11:35:28.634+0700][7.152s] GC(2) Concurrent Rebuild Remembered Sets 1.554ms
[2023-08-24T11:35:28.634+0700][7.152s] GC(2) Pause Cleanup
[2023-08-24T11:35:28.634+0700][7.152s] GC(2) Pause Cleanup 16M->16M(512M) 0.148ms
[2023-08-24T11:35:28.634+0700][7.152s] GC(2) User=0.00s Sys=0.00s Real=0.00s
[2023-08-24T11:35:28.634+0700][7.152s] GC(2) Concurrent Cleanup for Next Mark
[2023-08-24T11:35:28.634+0700][7.154s] GC(2) Concurrent Cleanup for Next Mark 1.442ms
[2023-08-24T11:35:28.634+0700][7.154s] GC(2) Concurrent Cycle 12.152ms
[2023-08-24T11:35:29.680+0700][8.195s] GC(3) Pause Young (Normal) (G1 Evacuation Pause)
[2023-08-24T11:35:29.680+0700][8.195s] GC(3) Using 8 workers of 8 for evacuation
[2023-08-24T11:35:29.705+0700][8.218s] GC(3)   Pre Evacuate Collection Set: 0.0ms
[2023-08-24T11:35:29.705+0700][8.218s] GC(3)   Evacuate Collection Set: 21.6ms
[2023-08-24T11:35:29.705+0700][8.218s] GC(3)   Post Evacuate Collection Set: 1.3ms
[2023-08-24T11:35:29.705+0700][8.218s] GC(3)   Other: 0.4ms
[2023-08-24T11:35:29.705+0700][8.219s] GC(3) Eden regions: 30->0(72)
[2023-08-24T11:35:29.705+0700][8.219s] GC(3) Survivor regions: 12->6(6)
[2023-08-24T11:35:29.705+0700][8.219s] GC(3) Old regions: 0->12
[2023-08-24T11:35:29.705+0700][8.219s] GC(3) Humongous regions: 4->4
[2023-08-24T11:35:29.705+0700][8.219s] GC(3) Metaspace: 24325K(25216K)->24325K(25216K) NonClass: 21676K(22272K)->21676K(22272K) Class: 2648K(2944K)->2648K(2944K)
[2023-08-24T11:35:29.705+0700][8.219s] GC(3) Pause Young (Normal) (G1 Evacuation Pause) 45M->21M(512M) 23.839ms
[2023-08-24T11:35:29.705+0700][8.219s] GC(3) User=0.14s Sys=0.00s Real=0.02s
[2023-08-24T11:35:32.645+0700][11.160s] GC(4) Pause Young (Normal) (G1 Evacuation Pause)
[2023-08-24T11:35:32.645+0700][11.160s] GC(4) Using 8 workers of 8 for evacuation
[2023-08-24T11:35:32.645+0700][11.169s] GC(4)   Pre Evacuate Collection Set: 0.0ms
[2023-08-24T11:35:32.645+0700][11.169s] GC(4)   Evacuate Collection Set: 7.2ms
[2023-08-24T11:35:32.645+0700][11.169s] GC(4)   Post Evacuate Collection Set: 1.3ms
[2023-08-24T11:35:32.645+0700][11.169s] GC(4)   Other: 0.5ms
[2023-08-24T11:35:32.645+0700][11.169s] GC(4) Eden regions: 72->0(101)
[2023-08-24T11:35:32.645+0700][11.169s] GC(4) Survivor regions: 6->9(10)
[2023-08-24T11:35:32.645+0700][11.169s] GC(4) Old regions: 12->12
[2023-08-24T11:35:32.645+0700][11.169s] GC(4) Humongous regions: 4->4
[2023-08-24T11:35:32.645+0700][11.169s] GC(4) Metaspace: 31522K(32384K)->31522K(32384K) NonClass: 28090K(28672K)->28090K(28672K) Class: 3432K(3712K)->3432K(3712K)
[2023-08-24T11:35:32.645+0700][11.170s] GC(4) Pause Young (Normal) (G1 Evacuation Pause) 93M->24M(512M) 9.497ms
[2023-08-24T11:35:32.645+0700][11.170s] GC(4) User=0.02s Sys=0.00s Real=0.00s
[2023-08-24T11:35:33.873+0700][12.391s] GC(5) Pause Young (Concurrent Start) (Metadata GC Threshold)
[2023-08-24T11:35:33.873+0700][12.391s] GC(5) Using 8 workers of 8 for evacuation
[2023-08-24T11:35:33.881+0700][12.399s] GC(5)   Pre Evacuate Collection Set: 0.1ms
[2023-08-24T11:35:33.881+0700][12.399s] GC(5)   Evacuate Collection Set: 6.8ms
[2023-08-24T11:35:33.881+0700][12.399s] GC(5)   Post Evacuate Collection Set: 0.7ms
[2023-08-24T11:35:33.881+0700][12.400s] GC(5)   Other: 0.3ms
[2023-08-24T11:35:33.881+0700][12.400s] GC(5) Eden regions: 28->0(120)
[2023-08-24T11:35:33.881+0700][12.400s] GC(5) Survivor regions: 9->5(14)
[2023-08-24T11:35:33.881+0700][12.400s] GC(5) Old regions: 12->18
[2023-08-24T11:35:33.881+0700][12.400s] GC(5) Humongous regions: 4->4
[2023-08-24T11:35:33.881+0700][12.400s] GC(5) Metaspace: 35017K(35840K)->35017K(35840K) NonClass: 31170K(31616K)->31170K(31616K) Class: 3846K(4224K)->3846K(4224K)
[2023-08-24T11:35:33.881+0700][12.400s] GC(5) Pause Young (Concurrent Start) (Metadata GC Threshold) 52M->25M(512M) 8.508ms
[2023-08-24T11:35:33.881+0700][12.400s] GC(5) User=0.00s Sys=0.00s Real=0.01s
[2023-08-24T11:35:33.881+0700][12.400s] GC(6) Concurrent Cycle
[2023-08-24T11:35:33.881+0700][12.400s] GC(6) Concurrent Clear Claimed Marks
[2023-08-24T11:35:33.881+0700][12.400s] GC(6) Concurrent Clear Claimed Marks 0.068ms
[2023-08-24T11:35:33.881+0700][12.400s] GC(6) Concurrent Scan Root Regions
[2023-08-24T11:35:33.889+0700][12.404s] GC(6) Concurrent Scan Root Regions 3.393ms
[2023-08-24T11:35:33.889+0700][12.404s] GC(6) Concurrent Mark (12.404s)
[2023-08-24T11:35:33.889+0700][12.404s] GC(6) Concurrent Mark From Roots
[2023-08-24T11:35:33.889+0700][12.404s] GC(6) Using 2 workers of 2 for marking
[2023-08-24T11:35:33.931+0700][12.450s] GC(6) Concurrent Mark From Roots 45.650ms
[2023-08-24T11:35:33.931+0700][12.450s] GC(6) Concurrent Preclean
[2023-08-24T11:35:33.931+0700][12.450s] GC(6) Concurrent Preclean 0.246ms
[2023-08-24T11:35:33.931+0700][12.450s] GC(6) Concurrent Mark (12.404s, 12.450s) 46.236ms
[2023-08-24T11:35:33.931+0700][12.450s] GC(6) Pause Remark
[2023-08-24T11:35:33.939+0700][12.455s] GC(6) Cleaned string and symbol table, strings: 16166 processed, 22 removed, symbols: 115881 processed, 41 removed
[2023-08-24T11:35:33.939+0700][12.455s] GC(6) Pause Remark 26M->26M(512M) 5.042ms
[2023-08-24T11:35:33.939+0700][12.455s] GC(6) User=0.02s Sys=0.00s Real=0.01s
[2023-08-24T11:35:33.939+0700][12.456s] GC(6) Concurrent Rebuild Remembered Sets
[2023-08-24T11:35:33.955+0700][12.476s] GC(6) Concurrent Rebuild Remembered Sets 20.691ms
[2023-08-24T11:35:33.963+0700][12.477s] GC(6) Pause Cleanup
[2023-08-24T11:35:33.963+0700][12.477s] GC(6) Pause Cleanup 28M->28M(512M) 0.404ms
[2023-08-24T11:35:33.963+0700][12.477s] GC(6) User=0.00s Sys=0.00s Real=0.01s
[2023-08-24T11:35:33.963+0700][12.477s] GC(6) Concurrent Cleanup for Next Mark
[2023-08-24T11:35:33.963+0700][12.479s] GC(6) Concurrent Cleanup for Next Mark 1.408ms
[2023-08-24T11:35:33.963+0700][12.479s] GC(6) Concurrent Cycle 78.663ms
[2023-08-24T11:35:36.046+0700][14.569s] GC(7) Pause Young (Concurrent Start) (G1 Evacuation Pause)
[2023-08-24T11:35:36.046+0700][14.569s] GC(7) Using 8 workers of 8 for evacuation
[2023-08-24T11:35:36.062+0700][14.579s] GC(7)   Pre Evacuate Collection Set: 0.1ms
[2023-08-24T11:35:36.062+0700][14.579s] GC(7)   Evacuate Collection Set: 7.9ms
[2023-08-24T11:35:36.062+0700][14.579s] GC(7)   Post Evacuate Collection Set: 1.0ms
[2023-08-24T11:35:36.062+0700][14.579s] GC(7)   Other: 0.3ms
[2023-08-24T11:35:36.062+0700][14.579s] GC(7) Eden regions: 125->0(296)
[2023-08-24T11:35:36.062+0700][14.579s] GC(7) Survivor regions: 5->11(17)
[2023-08-24T11:35:36.062+0700][14.579s] GC(7) Old regions: 18->18
[2023-08-24T11:35:36.062+0700][14.579s] GC(7) Humongous regions: 5->4
[2023-08-24T11:35:36.062+0700][14.579s] GC(7) Metaspace: 46543K(47872K)->46543K(47872K) NonClass: 41223K(41984K)->41223K(41984K) Class: 5319K(5888K)->5319K(5888K)
[2023-08-24T11:35:36.062+0700][14.579s] GC(7) Pause Young (Concurrent Start) (G1 Evacuation Pause) 151M->31M(512M) 9.544ms
[2023-08-24T11:35:36.062+0700][14.579s] GC(7) User=0.02s Sys=0.00s Real=0.02s
[2023-08-24T11:35:36.062+0700][14.579s] GC(8) Concurrent Cycle
[2023-08-24T11:35:36.062+0700][14.579s] GC(8) Concurrent Clear Claimed Marks
[2023-08-24T11:35:36.062+0700][14.579s] GC(8) Concurrent Clear Claimed Marks 0.104ms
[2023-08-24T11:35:36.062+0700][14.579s] GC(8) Concurrent Scan Root Regions
[2023-08-24T11:35:36.062+0700][14.582s] GC(8) Concurrent Scan Root Regions 3.410ms
[2023-08-24T11:35:36.062+0700][14.583s] GC(8) Concurrent Mark (14.583s)
[2023-08-24T11:35:36.062+0700][14.583s] GC(8) Concurrent Mark From Roots
[2023-08-24T11:35:36.062+0700][14.583s] GC(8) Using 2 workers of 2 for marking
[2023-08-24T11:35:36.078+0700][14.600s] GC(8) Concurrent Mark From Roots 17.730ms
[2023-08-24T11:35:36.078+0700][14.600s] GC(8) Concurrent Preclean
[2023-08-24T11:35:36.078+0700][14.600s] GC(8) Concurrent Preclean 0.117ms
[2023-08-24T11:35:36.078+0700][14.601s] GC(8) Concurrent Mark (14.583s, 14.601s) 17.968ms
[2023-08-24T11:35:36.078+0700][14.601s] GC(8) Pause Remark
[2023-08-24T11:35:36.078+0700][14.605s] GC(8) Cleaned string and symbol table, strings: 20822 processed, 5 removed, symbols: 150777 processed, 87 removed
[2023-08-24T11:35:36.078+0700][14.605s] GC(8) Pause Remark 37M->37M(512M) 4.661ms
[2023-08-24T11:35:36.078+0700][14.605s] GC(8) User=0.05s Sys=0.00s Real=0.00s
[2023-08-24T11:35:36.078+0700][14.605s] GC(8) Concurrent Rebuild Remembered Sets
[2023-08-24T11:35:36.094+0700][14.615s] GC(8) Concurrent Rebuild Remembered Sets 9.765ms
[2023-08-24T11:35:36.094+0700][14.616s] GC(8) Pause Cleanup
[2023-08-24T11:35:36.094+0700][14.616s] GC(8) Pause Cleanup 38M->38M(512M) 0.141ms
[2023-08-24T11:35:36.094+0700][14.616s] GC(8) User=0.00s Sys=0.00s Real=0.00s
[2023-08-24T11:35:36.094+0700][14.616s] GC(8) Concurrent Cleanup for Next Mark
[2023-08-24T11:35:36.094+0700][14.618s] GC(8) Concurrent Cleanup for Next Mark 2.080ms
[2023-08-24T11:35:36.094+0700][14.618s] GC(8) Concurrent Cycle 39.174ms
[2023-08-24T11:40:40.676+0700][319.194s] GC(9) Pause Young (Normal) (G1 Evacuation Pause)
[2023-08-24T11:40:40.676+0700][319.194s] GC(9) Using 8 workers of 8 for evacuation
[2023-08-24T11:40:40.700+0700][319.219s] GC(9)   Pre Evacuate Collection Set: 0.0ms
[2023-08-24T11:40:40.700+0700][319.219s] GC(9)   Evacuate Collection Set: 21.2ms
[2023-08-24T11:40:40.700+0700][319.219s] GC(9)   Post Evacuate Collection Set: 2.7ms
[2023-08-24T11:40:40.700+0700][319.219s] GC(9)   Other: 0.6ms
[2023-08-24T11:40:40.700+0700][319.219s] GC(9) Eden regions: 296->0(284)
[2023-08-24T11:40:40.700+0700][319.219s] GC(9) Survivor regions: 11->23(39)
[2023-08-24T11:40:40.700+0700][319.219s] GC(9) Old regions: 18->18
[2023-08-24T11:40:40.700+0700][319.219s] GC(9) Humongous regions: 4->4
[2023-08-24T11:40:40.700+0700][319.219s] GC(9) Metaspace: 59946K(61568K)->59946K(61568K) NonClass: 53020K(54016K)->53020K(54016K) Class: 6925K(7552K)->6925K(7552K)
[2023-08-24T11:40:40.700+0700][319.219s] GC(9) Pause Young (Normal) (G1 Evacuation Pause) 327M->43M(512M) 24.942ms
[2023-08-24T11:40:40.700+0700][319.219s] GC(9) User=0.05s Sys=0.00s Real=0.02s
