[2023-08-14T13:57:46.338+0700][0.018s] Heap region size: 1M
[2023-08-14T13:57:46.532+0700][0.212s] Using G1
[2023-08-14T13:57:46.532+0700][0.212s] Heap address: 0x00000000e0000000, size: 512 MB, Compressed Oops mode: 32-bit
[2023-08-14T13:57:47.659+0700][1.338s] GC(0) Pause Young (Normal) (G1 Evacuation Pause)
[2023-08-14T13:57:47.659+0700][1.339s] GC(0) Using 8 workers of 8 for evacuation
[2023-08-14T13:57:47.669+0700][1.349s] GC(0)   Pre Evacuate Collection Set: 0.1ms
[2023-08-14T13:57:47.669+0700][1.349s] GC(0)   Evacuate Collection Set: 9.3ms
[2023-08-14T13:57:47.669+0700][1.349s] GC(0)   Post Evacuate Collection Set: 0.5ms
[2023-08-14T13:57:47.669+0700][1.349s] GC(0)   Other: 1.0ms
[2023-08-14T13:57:47.669+0700][1.349s] GC(0) Eden regions: 30->0(303)
[2023-08-14T13:57:47.669+0700][1.349s] GC(0) Survivor regions: 0->4(4)
[2023-08-14T13:57:47.669+0700][1.349s] GC(0) Old regions: 0->0
[2023-08-14T13:57:47.669+0700][1.349s] GC(0) Humongous regions: 0->0
[2023-08-14T13:57:47.669+0700][1.349s] GC(0) Metaspace: 16261K(16896K)->16261K(16896K) NonClass: 14509K(14848K)->14509K(14848K) Class: 1752K(2048K)->1752K(2048K)
[2023-08-14T13:57:47.669+0700][1.349s] GC(0) Pause Young (Normal) (G1 Evacuation Pause) 30M->3M(512M) 11.363ms
[2023-08-14T13:57:47.669+0700][1.349s] GC(0) User=0.02s Sys=0.03s Real=0.01s
[2023-08-14T13:57:47.982+0700][1.662s] GC(1) Pause Young (Concurrent Start) (Metadata GC Threshold)
[2023-08-14T13:57:47.982+0700][1.662s] GC(1) Using 8 workers of 8 for evacuation
[2023-08-14T13:57:47.992+0700][1.672s] GC(1)   Pre Evacuate Collection Set: 0.0ms
[2023-08-14T13:57:47.992+0700][1.672s] GC(1)   Evacuate Collection Set: 8.7ms
[2023-08-14T13:57:47.992+0700][1.672s] GC(1)   Post Evacuate Collection Set: 1.1ms
[2023-08-14T13:57:47.992+0700][1.672s] GC(1)   Other: 0.3ms
[2023-08-14T13:57:47.992+0700][1.672s] GC(1) Eden regions: 18->0(53)
[2023-08-14T13:57:47.992+0700][1.672s] GC(1) Survivor regions: 4->12(39)
[2023-08-14T13:57:47.992+0700][1.672s] GC(1) Old regions: 0->0
[2023-08-14T13:57:47.993+0700][1.672s] GC(1) Humongous regions: 4->4
[2023-08-14T13:57:47.993+0700][1.672s] GC(1) Metaspace: 20623K(21248K)->20623K(21248K) NonClass: 18373K(18688K)->18373K(18688K) Class: 2250K(2560K)->2250K(2560K)
[2023-08-14T13:57:47.993+0700][1.672s] GC(1) Pause Young (Concurrent Start) (Metadata GC Threshold) 25M->16M(512M) 10.362ms
[2023-08-14T13:57:47.993+0700][1.672s] GC(1) User=0.03s Sys=0.02s Real=0.01s
[2023-08-14T13:57:47.993+0700][1.672s] GC(2) Concurrent Cycle
[2023-08-14T13:57:47.993+0700][1.672s] GC(2) Concurrent Clear Claimed Marks
[2023-08-14T13:57:47.993+0700][1.672s] GC(2) Concurrent Clear Claimed Marks 0.137ms
[2023-08-14T13:57:47.993+0700][1.672s] GC(2) Concurrent Scan Root Regions
[2023-08-14T13:57:47.997+0700][1.678s] GC(2) Concurrent Scan Root Regions 5.082ms
[2023-08-14T13:57:47.998+0700][1.678s] GC(2) Concurrent Mark (1.678s)
[2023-08-14T13:57:47.998+0700][1.678s] GC(2) Concurrent Mark From Roots
[2023-08-14T13:57:47.998+0700][1.678s] GC(2) Using 2 workers of 2 for marking
[2023-08-14T13:57:47.998+0700][1.679s] GC(2) Concurrent Mark From Roots 0.726ms
[2023-08-14T13:57:47.998+0700][1.679s] GC(2) Concurrent Preclean
[2023-08-14T13:57:47.998+0700][1.679s] GC(2) Concurrent Preclean 0.049ms
[2023-08-14T13:57:47.998+0700][1.679s] GC(2) Concurrent Mark (1.678s, 1.679s) 0.853ms
[2023-08-14T13:57:47.998+0700][1.679s] GC(2) Pause Remark
[2023-08-14T13:57:48.000+0700][1.680s] GC(2) Cleaned string and symbol table, strings: 10213 processed, 0 removed, symbols: 69198 processed, 20 removed
[2023-08-14T13:57:48.000+0700][1.680s] GC(2) Pause Remark 16M->16M(512M) 1.359ms
[2023-08-14T13:57:48.000+0700][1.680s] GC(2) User=0.00s Sys=0.00s Real=0.00s
[2023-08-14T13:57:48.000+0700][1.680s] GC(2) Concurrent Rebuild Remembered Sets
[2023-08-14T13:57:48.002+0700][1.681s] GC(2) Concurrent Rebuild Remembered Sets 0.981ms
[2023-08-14T13:57:48.002+0700][1.681s] GC(2) Pause Cleanup
[2023-08-14T13:57:48.002+0700][1.681s] GC(2) Pause Cleanup 16M->16M(512M) 0.072ms
[2023-08-14T13:57:48.002+0700][1.681s] GC(2) User=0.00s Sys=0.00s Real=0.00s
[2023-08-14T13:57:48.002+0700][1.681s] GC(2) Concurrent Cleanup for Next Mark
[2023-08-14T13:57:48.003+0700][1.683s] GC(2) Concurrent Cleanup for Next Mark 1.367ms
[2023-08-14T13:57:48.003+0700][1.683s] GC(2) Concurrent Cycle 10.573ms
[2023-08-14T13:57:48.491+0700][2.171s] GC(3) Pause Young (Normal) (G1 Evacuation Pause)
[2023-08-14T13:57:48.491+0700][2.171s] GC(3) Using 8 workers of 8 for evacuation
[2023-08-14T13:57:48.503+0700][2.183s] GC(3)   Pre Evacuate Collection Set: 0.0ms
[2023-08-14T13:57:48.503+0700][2.183s] GC(3)   Evacuate Collection Set: 10.9ms
[2023-08-14T13:57:48.503+0700][2.183s] GC(3)   Post Evacuate Collection Set: 0.7ms
[2023-08-14T13:57:48.503+0700][2.183s] GC(3)   Other: 0.3ms
[2023-08-14T13:57:48.503+0700][2.183s] GC(3) Eden regions: 30->0(70)
[2023-08-14T13:57:48.503+0700][2.183s] GC(3) Survivor regions: 12->6(6)
[2023-08-14T13:57:48.503+0700][2.183s] GC(3) Old regions: 0->12
[2023-08-14T13:57:48.503+0700][2.183s] GC(3) Humongous regions: 4->4
[2023-08-14T13:57:48.503+0700][2.183s] GC(3) Metaspace: 24281K(24960K)->24281K(24960K) NonClass: 21638K(22016K)->21638K(22016K) Class: 2642K(2944K)->2642K(2944K)
[2023-08-14T13:57:48.503+0700][2.183s] GC(3) Pause Young (Normal) (G1 Evacuation Pause) 46M->21M(512M) 12.050ms
[2023-08-14T13:57:48.504+0700][2.183s] GC(3) User=0.03s Sys=0.02s Real=0.01s
[2023-08-14T13:57:49.287+0700][2.967s] GC(4) Pause Young (Normal) (G1 Evacuation Pause)
[2023-08-14T13:57:49.287+0700][2.967s] GC(4) Using 8 workers of 8 for evacuation
[2023-08-14T13:57:49.291+0700][2.971s] GC(4)   Pre Evacuate Collection Set: 0.0ms
[2023-08-14T13:57:49.291+0700][2.971s] GC(4)   Evacuate Collection Set: 2.8ms
[2023-08-14T13:57:49.291+0700][2.971s] GC(4)   Post Evacuate Collection Set: 0.9ms
[2023-08-14T13:57:49.291+0700][2.971s] GC(4)   Other: 0.2ms
[2023-08-14T13:57:49.291+0700][2.971s] GC(4) Eden regions: 70->0(303)
[2023-08-14T13:57:49.291+0700][2.971s] GC(4) Survivor regions: 6->4(10)
[2023-08-14T13:57:49.291+0700][2.971s] GC(4) Old regions: 12->18
[2023-08-14T13:57:49.291+0700][2.971s] GC(4) Humongous regions: 4->4
[2023-08-14T13:57:49.291+0700][2.971s] GC(4) Metaspace: 31481K(32384K)->31481K(32384K) NonClass: 28051K(28672K)->28051K(28672K) Class: 3429K(3712K)->3429K(3712K)
[2023-08-14T13:57:49.291+0700][2.971s] GC(4) Pause Young (Normal) (G1 Evacuation Pause) 91M->25M(512M) 4.127ms
[2023-08-14T13:57:49.291+0700][2.971s] GC(4) User=0.02s Sys=0.00s Real=0.00s
[2023-08-14T13:57:49.619+0700][3.299s] GC(5) Pause Young (Concurrent Start) (Metadata GC Threshold)
[2023-08-14T13:57:49.619+0700][3.299s] GC(5) Using 8 workers of 8 for evacuation
[2023-08-14T13:57:49.622+0700][3.302s] GC(5)   Pre Evacuate Collection Set: 0.1ms
[2023-08-14T13:57:49.622+0700][3.302s] GC(5)   Evacuate Collection Set: 3.0ms
[2023-08-14T13:57:49.622+0700][3.302s] GC(5)   Post Evacuate Collection Set: 0.3ms
[2023-08-14T13:57:49.622+0700][3.302s] GC(5)   Other: 0.2ms
[2023-08-14T13:57:49.622+0700][3.302s] GC(5) Eden regions: 21->0(302)
[2023-08-14T13:57:49.622+0700][3.302s] GC(5) Survivor regions: 4->5(39)
[2023-08-14T13:57:49.622+0700][3.302s] GC(5) Old regions: 18->18
[2023-08-14T13:57:49.622+0700][3.302s] GC(5) Humongous regions: 4->4
[2023-08-14T13:57:49.622+0700][3.302s] GC(5) Metaspace: 35053K(35840K)->35053K(35840K) NonClass: 31191K(31616K)->31191K(31616K) Class: 3861K(4224K)->3861K(4224K)
[2023-08-14T13:57:49.622+0700][3.302s] GC(5) Pause Young (Concurrent Start) (Metadata GC Threshold) 45M->25M(512M) 3.792ms
[2023-08-14T13:57:49.622+0700][3.302s] GC(5) User=0.00s Sys=0.00s Real=0.00s
[2023-08-14T13:57:49.622+0700][3.302s] GC(6) Concurrent Cycle
[2023-08-14T13:57:49.623+0700][3.303s] GC(6) Concurrent Clear Claimed Marks
[2023-08-14T13:57:49.623+0700][3.303s] GC(6) Concurrent Clear Claimed Marks 0.064ms
[2023-08-14T13:57:49.623+0700][3.303s] GC(6) Concurrent Scan Root Regions
[2023-08-14T13:57:49.625+0700][3.305s] GC(6) Concurrent Scan Root Regions 1.932ms
[2023-08-14T13:57:49.625+0700][3.305s] GC(6) Concurrent Mark (3.305s)
[2023-08-14T13:57:49.625+0700][3.305s] GC(6) Concurrent Mark From Roots
[2023-08-14T13:57:49.625+0700][3.305s] GC(6) Using 2 workers of 2 for marking
[2023-08-14T13:57:49.643+0700][3.323s] GC(6) Concurrent Mark From Roots 18.275ms
[2023-08-14T13:57:49.643+0700][3.323s] GC(6) Concurrent Preclean
[2023-08-14T13:57:49.643+0700][3.323s] GC(6) Concurrent Preclean 0.193ms
[2023-08-14T13:57:49.643+0700][3.323s] GC(6) Concurrent Mark (3.305s, 3.323s) 18.804ms
[2023-08-14T13:57:49.644+0700][3.324s] GC(6) Pause Remark
[2023-08-14T13:57:49.649+0700][3.330s] GC(6) Cleaned string and symbol table, strings: 16208 processed, 26 removed, symbols: 116027 processed, 41 removed
[2023-08-14T13:57:49.649+0700][3.330s] GC(6) Pause Remark 26M->26M(512M) 6.171ms
[2023-08-14T13:57:49.649+0700][3.330s] GC(6) User=0.02s Sys=0.00s Real=0.00s
[2023-08-14T13:57:49.649+0700][3.330s] GC(6) Concurrent Rebuild Remembered Sets
[2023-08-14T13:57:49.656+0700][3.336s] GC(6) Concurrent Rebuild Remembered Sets 6.023ms
[2023-08-14T13:57:49.656+0700][3.336s] GC(6) Pause Cleanup
[2023-08-14T13:57:49.656+0700][3.336s] GC(6) Pause Cleanup 26M->26M(512M) 0.138ms
[2023-08-14T13:57:49.656+0700][3.336s] GC(6) User=0.00s Sys=0.00s Real=0.00s
[2023-08-14T13:57:49.656+0700][3.336s] GC(6) Concurrent Cleanup for Next Mark
[2023-08-14T13:57:49.659+0700][3.339s] GC(6) Concurrent Cleanup for Next Mark 2.222ms
[2023-08-14T13:57:49.659+0700][3.339s] GC(6) Concurrent Cycle 36.382ms
