[2023-08-28T09:00:45.288+0700][0.029s] Heap region size: 1M
[2023-08-28T09:00:45.538+0700][0.279s] Using G1
[2023-08-28T09:00:45.538+0700][0.279s] Heap address: 0x00000000e0000000, size: 512 MB, Compressed Oops mode: 32-bit
[2023-08-28T09:00:52.532+0700][7.273s] GC(0) Pause Young (Normal) (G1 Evacuation Pause)
[2023-08-28T09:00:52.532+0700][7.273s] GC(0) Using 8 workers of 8 for evacuation
[2023-08-28T09:00:52.532+0700][7.280s] GC(0)   Pre Evacuate Collection Set: 0.0ms
[2023-08-28T09:00:52.532+0700][7.280s] GC(0)   Evacuate Collection Set: 4.7ms
[2023-08-28T09:00:52.532+0700][7.280s] GC(0)   Post Evacuate Collection Set: 1.2ms
[2023-08-28T09:00:52.540+0700][7.280s] GC(0)   Other: 1.6ms
[2023-08-28T09:00:52.540+0700][7.280s] GC(0) Eden regions: 30->0(303)
[2023-08-28T09:00:52.540+0700][7.280s] GC(0) Survivor regions: 0->4(4)
[2023-08-28T09:00:52.540+0700][7.280s] GC(0) Old regions: 0->1
[2023-08-28T09:00:52.540+0700][7.280s] GC(0) Humongous regions: 0->0
[2023-08-28T09:00:52.540+0700][7.280s] GC(0) Metaspace: 16294K(16896K)->16294K(16896K) NonClass: 14538K(14848K)->14538K(14848K) Class: 1755K(2048K)->1755K(2048K)
[2023-08-28T09:00:52.540+0700][7.280s] GC(0) Pause Young (Normal) (G1 Evacuation Pause) 30M->4M(512M) 7.100ms
[2023-08-28T09:00:52.540+0700][7.280s] GC(0) User=0.00s Sys=0.00s Real=0.01s
[2023-08-28T09:00:52.992+0700][7.736s] GC(1) Pause Young (Concurrent Start) (Metadata GC Threshold)
[2023-08-28T09:00:52.992+0700][7.736s] GC(1) Using 8 workers of 8 for evacuation
[2023-08-28T09:00:53.013+0700][7.753s] GC(1)   Pre Evacuate Collection Set: 0.0ms
[2023-08-28T09:00:53.013+0700][7.753s] GC(1)   Evacuate Collection Set: 13.7ms
[2023-08-28T09:00:53.013+0700][7.753s] GC(1)   Post Evacuate Collection Set: 3.1ms
[2023-08-28T09:00:53.013+0700][7.753s] GC(1)   Other: 0.7ms
[2023-08-28T09:00:53.013+0700][7.753s] GC(1) Eden regions: 18->0(49)
[2023-08-28T09:00:53.013+0700][7.753s] GC(1) Survivor regions: 4->12(39)
[2023-08-28T09:00:53.013+0700][7.753s] GC(1) Old regions: 1->1
[2023-08-28T09:00:53.014+0700][7.753s] GC(1) Humongous regions: 4->4
[2023-08-28T09:00:53.014+0700][7.753s] GC(1) Metaspace: 20619K(21248K)->20619K(21248K) NonClass: 18370K(18688K)->18370K(18688K) Class: 2249K(2560K)->2249K(2560K)
[2023-08-28T09:00:53.014+0700][7.754s] GC(1) Pause Young (Concurrent Start) (Metadata GC Threshold) 26M->16M(512M) 17.765ms
[2023-08-28T09:00:53.014+0700][7.754s] GC(1) User=0.02s Sys=0.00s Real=0.02s
[2023-08-28T09:00:53.014+0700][7.754s] GC(2) Concurrent Cycle
[2023-08-28T09:00:53.014+0700][7.754s] GC(2) Concurrent Clear Claimed Marks
[2023-08-28T09:00:53.014+0700][7.754s] GC(2) Concurrent Clear Claimed Marks 0.080ms
[2023-08-28T09:00:53.014+0700][7.754s] GC(2) Concurrent Scan Root Regions
[2023-08-28T09:00:53.017+0700][7.758s] GC(2) Concurrent Scan Root Regions 4.000ms
[2023-08-28T09:00:53.017+0700][7.758s] GC(2) Concurrent Mark (7.758s)
[2023-08-28T09:00:53.017+0700][7.758s] GC(2) Concurrent Mark From Roots
[2023-08-28T09:00:53.017+0700][7.758s] GC(2) Using 2 workers of 2 for marking
[2023-08-28T09:00:53.017+0700][7.759s] GC(2) Concurrent Mark From Roots 0.922ms
[2023-08-28T09:00:53.017+0700][7.759s] GC(2) Concurrent Preclean
[2023-08-28T09:00:53.017+0700][7.759s] GC(2) Concurrent Preclean 0.055ms
[2023-08-28T09:00:53.017+0700][7.759s] GC(2) Concurrent Mark (7.758s, 7.759s) 1.093ms
[2023-08-28T09:00:53.017+0700][7.760s] GC(2) Pause Remark
[2023-08-28T09:00:53.017+0700][7.761s] GC(2) Cleaned string and symbol table, strings: 10201 processed, 0 removed, symbols: 68809 processed, 23 removed
[2023-08-28T09:00:53.017+0700][7.761s] GC(2) Pause Remark 16M->16M(512M) 1.948ms
[2023-08-28T09:00:53.017+0700][7.762s] GC(2) User=0.00s Sys=0.00s Real=0.00s
[2023-08-28T09:00:53.017+0700][7.762s] GC(2) Concurrent Rebuild Remembered Sets
[2023-08-28T09:00:53.024+0700][7.764s] GC(2) Concurrent Rebuild Remembered Sets 2.727ms
[2023-08-28T09:00:53.024+0700][7.764s] GC(2) Pause Cleanup
[2023-08-28T09:00:53.024+0700][7.765s] GC(2) Pause Cleanup 16M->16M(512M) 0.146ms
[2023-08-28T09:00:53.024+0700][7.765s] GC(2) User=0.00s Sys=0.00s Real=0.00s
[2023-08-28T09:00:53.024+0700][7.765s] GC(2) Concurrent Cleanup for Next Mark
[2023-08-28T09:00:53.025+0700][7.767s] GC(2) Concurrent Cleanup for Next Mark 2.556ms
[2023-08-28T09:00:53.025+0700][7.768s] GC(2) Concurrent Cycle 13.453ms
[2023-08-28T09:00:54.929+0700][9.676s] GC(3) Pause Young (Normal) (G1 Evacuation Pause)
[2023-08-28T09:00:54.929+0700][9.676s] GC(3) Using 8 workers of 8 for evacuation
[2023-08-28T09:00:54.950+0700][9.690s] GC(3)   Pre Evacuate Collection Set: 0.0ms
[2023-08-28T09:00:54.950+0700][9.690s] GC(3)   Evacuate Collection Set: 12.7ms
[2023-08-28T09:00:54.950+0700][9.690s] GC(3)   Post Evacuate Collection Set: 1.3ms
[2023-08-28T09:00:54.950+0700][9.690s] GC(3)   Other: 0.2ms
[2023-08-28T09:00:54.950+0700][9.690s] GC(3) Eden regions: 42->0(63)
[2023-08-28T09:00:54.950+0700][9.690s] GC(3) Survivor regions: 12->7(7)
[2023-08-28T09:00:54.950+0700][9.690s] GC(3) Old regions: 1->13
[2023-08-28T09:00:54.950+0700][9.690s] GC(3) Humongous regions: 4->4
[2023-08-28T09:00:54.950+0700][9.690s] GC(3) Metaspace: 24546K(25216K)->24546K(25216K) NonClass: 21885K(22272K)->21885K(22272K) Class: 2661K(2944K)->2661K(2944K)
[2023-08-28T09:00:54.950+0700][9.690s] GC(3) Pause Young (Normal) (G1 Evacuation Pause) 58M->23M(512M) 14.485ms
[2023-08-28T09:00:54.950+0700][9.690s] GC(3) User=0.08s Sys=0.00s Real=0.02s
[2023-08-28T09:00:56.369+0700][11.112s] GC(4) Pause Young (Normal) (G1 Evacuation Pause)
[2023-08-28T09:00:56.369+0700][11.112s] GC(4) Using 8 workers of 8 for evacuation
[2023-08-28T09:00:56.369+0700][11.117s] GC(4)   Pre Evacuate Collection Set: 0.0ms
[2023-08-28T09:00:56.369+0700][11.118s] GC(4)   Evacuate Collection Set: 3.2ms
[2023-08-28T09:00:56.369+0700][11.118s] GC(4)   Post Evacuate Collection Set: 1.2ms
[2023-08-28T09:00:56.378+0700][11.118s] GC(4)   Other: 0.5ms
[2023-08-28T09:00:56.378+0700][11.118s] GC(4) Eden regions: 63->0(104)
[2023-08-28T09:00:56.378+0700][11.118s] GC(4) Survivor regions: 7->2(9)
[2023-08-28T09:00:56.378+0700][11.118s] GC(4) Old regions: 13->20
[2023-08-28T09:00:56.378+0700][11.118s] GC(4) Humongous regions: 4->4
[2023-08-28T09:00:56.378+0700][11.118s] GC(4) Metaspace: 31530K(32384K)->31530K(32384K) NonClass: 28098K(28672K)->28098K(28672K) Class: 3432K(3712K)->3432K(3712K)
[2023-08-28T09:00:56.378+0700][11.118s] GC(4) Pause Young (Normal) (G1 Evacuation Pause) 86M->24M(512M) 6.204ms
[2023-08-28T09:00:56.378+0700][11.118s] GC(4) User=0.02s Sys=0.00s Real=0.01s
[2023-08-28T09:00:56.831+0700][11.575s] GC(5) Pause Young (Concurrent Start) (Metadata GC Threshold)
[2023-08-28T09:00:56.831+0700][11.575s] GC(5) Using 8 workers of 8 for evacuation
[2023-08-28T09:00:56.839+0700][11.579s] GC(5)   Pre Evacuate Collection Set: 0.1ms
[2023-08-28T09:00:56.839+0700][11.579s] GC(5)   Evacuate Collection Set: 3.2ms
[2023-08-28T09:00:56.839+0700][11.579s] GC(5)   Post Evacuate Collection Set: 0.3ms
[2023-08-28T09:00:56.839+0700][11.579s] GC(5)   Other: 0.3ms
[2023-08-28T09:00:56.839+0700][11.579s] GC(5) Eden regions: 18->0(112)
[2023-08-28T09:00:56.839+0700][11.579s] GC(5) Survivor regions: 2->2(14)
[2023-08-28T09:00:56.839+0700][11.579s] GC(5) Old regions: 20->20
[2023-08-28T09:00:56.839+0700][11.579s] GC(5) Humongous regions: 4->4
[2023-08-28T09:00:56.839+0700][11.579s] GC(5) Metaspace: 35047K(35840K)->35047K(35840K) NonClass: 31189K(31616K)->31189K(31616K) Class: 3857K(4224K)->3857K(4224K)
[2023-08-28T09:00:56.839+0700][11.579s] GC(5) Pause Young (Concurrent Start) (Metadata GC Threshold) 42M->25M(512M) 4.075ms
[2023-08-28T09:00:56.839+0700][11.579s] GC(5) User=0.00s Sys=0.00s Real=0.01s
[2023-08-28T09:00:56.839+0700][11.579s] GC(6) Concurrent Cycle
[2023-08-28T09:00:56.839+0700][11.579s] GC(6) Concurrent Clear Claimed Marks
[2023-08-28T09:00:56.839+0700][11.579s] GC(6) Concurrent Clear Claimed Marks 0.024ms
[2023-08-28T09:00:56.839+0700][11.579s] GC(6) Concurrent Scan Root Regions
[2023-08-28T09:00:56.839+0700][11.581s] GC(6) Concurrent Scan Root Regions 1.584ms
[2023-08-28T09:00:56.839+0700][11.581s] GC(6) Concurrent Mark (11.581s)
[2023-08-28T09:00:56.839+0700][11.581s] GC(6) Concurrent Mark From Roots
[2023-08-28T09:00:56.839+0700][11.581s] GC(6) Using 2 workers of 2 for marking
[2023-08-28T09:00:56.864+0700][11.608s] GC(6) Concurrent Mark From Roots 26.354ms
[2023-08-28T09:00:56.864+0700][11.608s] GC(6) Concurrent Preclean
[2023-08-28T09:00:56.864+0700][11.608s] GC(6) Concurrent Preclean 0.209ms
[2023-08-28T09:00:56.864+0700][11.608s] GC(6) Concurrent Mark (11.581s, 11.608s) 26.812ms
[2023-08-28T09:00:56.864+0700][11.609s] GC(6) Pause Remark
[2023-08-28T09:00:56.872+0700][11.613s] GC(6) Cleaned string and symbol table, strings: 16129 processed, 26 removed, symbols: 115713 processed, 41 removed
[2023-08-28T09:00:56.872+0700][11.613s] GC(6) Pause Remark 27M->27M(512M) 4.486ms
[2023-08-28T09:00:56.872+0700][11.613s] GC(6) User=0.00s Sys=0.00s Real=0.01s
[2023-08-28T09:00:56.872+0700][11.613s] GC(6) Concurrent Rebuild Remembered Sets
[2023-08-28T09:00:56.887+0700][11.627s] GC(6) Concurrent Rebuild Remembered Sets 13.995ms
[2023-08-28T09:00:56.887+0700][11.627s] GC(6) Pause Cleanup
[2023-08-28T09:00:56.888+0700][11.628s] GC(6) Pause Cleanup 27M->27M(512M) 0.224ms
[2023-08-28T09:00:56.888+0700][11.628s] GC(6) User=0.00s Sys=0.00s Real=0.00s
[2023-08-28T09:00:56.888+0700][11.628s] GC(6) Concurrent Cleanup for Next Mark
[2023-08-28T09:00:56.888+0700][11.631s] GC(6) Concurrent Cleanup for Next Mark 2.766ms
[2023-08-28T09:00:56.888+0700][11.631s] GC(6) Concurrent Cycle 51.339ms
[2023-08-28T09:00:58.518+0700][13.259s] GC(7) Pause Young (Normal) (G1 Evacuation Pause)
[2023-08-28T09:00:58.518+0700][13.259s] GC(7) Using 8 workers of 8 for evacuation
[2023-08-28T09:00:58.526+0700][13.267s] GC(7)   Pre Evacuate Collection Set: 0.0ms
[2023-08-28T09:00:58.528+0700][13.268s] GC(7)   Evacuate Collection Set: 6.1ms
[2023-08-28T09:00:58.528+0700][13.268s] GC(7)   Post Evacuate Collection Set: 1.8ms
[2023-08-28T09:00:58.528+0700][13.268s] GC(7)   Other: 0.4ms
[2023-08-28T09:00:58.528+0700][13.268s] GC(7) Eden regions: 118->0(182)
[2023-08-28T09:00:58.528+0700][13.268s] GC(7) Survivor regions: 2->8(15)
[2023-08-28T09:00:58.528+0700][13.268s] GC(7) Old regions: 20->20
[2023-08-28T09:00:58.528+0700][13.268s] GC(7) Humongous regions: 5->4
[2023-08-28T09:00:58.528+0700][13.268s] GC(7) Metaspace: 46180K(47488K)->46180K(47488K) NonClass: 40929K(41728K)->40929K(41728K) Class: 5250K(5760K)->5250K(5760K)
[2023-08-28T09:00:58.528+0700][13.268s] GC(7) Pause Young (Normal) (G1 Evacuation Pause) 144M->31M(512M) 9.227ms
[2023-08-28T09:00:58.528+0700][13.268s] GC(7) User=0.00s Sys=0.00s Real=0.01s
[2023-08-28T09:01:01.596+0700][16.339s] GC(8) Pause Young (Normal) (G1 Evacuation Pause)
[2023-08-28T09:01:01.596+0700][16.339s] GC(8) Using 8 workers of 8 for evacuation
[2023-08-28T09:01:01.613+0700][16.353s] GC(8)   Pre Evacuate Collection Set: 0.0ms
[2023-08-28T09:01:01.613+0700][16.353s] GC(8)   Evacuate Collection Set: 10.8ms
[2023-08-28T09:01:01.613+0700][16.353s] GC(8)   Post Evacuate Collection Set: 3.5ms
[2023-08-28T09:01:01.613+0700][16.353s] GC(8)   Other: 0.3ms
[2023-08-28T09:01:01.613+0700][16.353s] GC(8) Eden regions: 182->0(243)
[2023-08-28T09:01:01.613+0700][16.353s] GC(8) Survivor regions: 8->16(24)
[2023-08-28T09:01:01.613+0700][16.353s] GC(8) Old regions: 20->20
[2023-08-28T09:01:01.613+0700][16.353s] GC(8) Humongous regions: 4->4
[2023-08-28T09:01:01.613+0700][16.354s] GC(8) Metaspace: 54373K(55808K)->54373K(55808K) NonClass: 47982K(48896K)->47982K(48896K) Class: 6390K(6912K)->6390K(6912K)
[2023-08-28T09:01:01.613+0700][16.354s] GC(8) Pause Young (Normal) (G1 Evacuation Pause) 213M->38M(512M) 14.978ms
[2023-08-28T09:01:01.613+0700][16.354s] GC(8) User=0.00s Sys=0.00s Real=0.02s
