[2023-08-30T15:36:48.225+0700][0.027s] Heap region size: 1M
[2023-08-30T15:36:49.276+0700][1.079s] Using G1
[2023-08-30T15:36:49.276+0700][1.079s] Heap address: 0x00000000e0000000, size: 512 MB, Compressed Oops mode: 32-bit
[2023-08-30T15:36:58.073+0700][9.876s] GC(0) Pause Young (Normal) (G1 Evacuation Pause)
[2023-08-30T15:36:58.074+0700][9.877s] GC(0) Using 8 workers of 8 for evacuation
[2023-08-30T15:36:58.087+0700][9.890s] GC(0)   Pre Evacuate Collection Set: 0.1ms
[2023-08-30T15:36:58.087+0700][9.890s] GC(0)   Evacuate Collection Set: 10.4ms
[2023-08-30T15:36:58.087+0700][9.890s] GC(0)   Post Evacuate Collection Set: 2.1ms
[2023-08-30T15:36:58.089+0700][9.891s] GC(0)   Other: 2.7ms
[2023-08-30T15:36:58.089+0700][9.891s] GC(0) Eden regions: 30->0(303)
[2023-08-30T15:36:58.089+0700][9.891s] GC(0) Survivor regions: 0->4(4)
[2023-08-30T15:36:58.089+0700][9.891s] GC(0) Old regions: 0->0
[2023-08-30T15:36:58.089+0700][9.891s] GC(0) Humongous regions: 0->0
[2023-08-30T15:36:58.089+0700][9.891s] GC(0) Metaspace: 16233K(16896K)->16233K(16896K) NonClass: 14484K(14848K)->14484K(14848K) Class: 1749K(2048K)->1749K(2048K)
[2023-08-30T15:36:58.089+0700][9.892s] GC(0) Pause Young (Normal) (G1 Evacuation Pause) 30M->3M(512M) 15.416ms
[2023-08-30T15:36:58.089+0700][9.892s] GC(0) User=0.03s Sys=0.00s Real=0.02s
[2023-08-30T15:36:59.038+0700][10.841s] GC(1) Pause Young (Concurrent Start) (Metadata GC Threshold)
[2023-08-30T15:36:59.038+0700][10.841s] GC(1) Using 8 workers of 8 for evacuation
[2023-08-30T15:36:59.069+0700][10.872s] GC(1)   Pre Evacuate Collection Set: 0.1ms
[2023-08-30T15:36:59.069+0700][10.872s] GC(1)   Evacuate Collection Set: 28.3ms
[2023-08-30T15:36:59.069+0700][10.872s] GC(1)   Post Evacuate Collection Set: 1.1ms
[2023-08-30T15:36:59.069+0700][10.872s] GC(1)   Other: 0.9ms
[2023-08-30T15:36:59.069+0700][10.872s] GC(1) Eden regions: 18->0(45)
[2023-08-30T15:36:59.069+0700][10.872s] GC(1) Survivor regions: 4->12(39)
[2023-08-30T15:36:59.069+0700][10.872s] GC(1) Old regions: 0->0
[2023-08-30T15:36:59.069+0700][10.872s] GC(1) Humongous regions: 4->4
[2023-08-30T15:36:59.069+0700][10.872s] GC(1) Metaspace: 20657K(21248K)->20657K(21248K) NonClass: 18408K(18688K)->18408K(18688K) Class: 2249K(2560K)->2249K(2560K)
[2023-08-30T15:36:59.070+0700][10.872s] GC(1) Pause Young (Concurrent Start) (Metadata GC Threshold) 25M->15M(512M) 30.937ms
[2023-08-30T15:36:59.070+0700][10.872s] GC(1) User=0.12s Sys=0.00s Real=0.03s
[2023-08-30T15:36:59.070+0700][10.873s] GC(2) Concurrent Cycle
[2023-08-30T15:36:59.070+0700][10.873s] GC(2) Concurrent Clear Claimed Marks
[2023-08-30T15:36:59.070+0700][10.873s] GC(2) Concurrent Clear Claimed Marks 0.102ms
[2023-08-30T15:36:59.070+0700][10.873s] GC(2) Concurrent Scan Root Regions
[2023-08-30T15:36:59.085+0700][10.888s] GC(2) Concurrent Scan Root Regions 14.670ms
[2023-08-30T15:36:59.085+0700][10.888s] GC(2) Concurrent Mark (10.888s)
[2023-08-30T15:36:59.085+0700][10.888s] GC(2) Concurrent Mark From Roots
[2023-08-30T15:36:59.085+0700][10.888s] GC(2) Using 2 workers of 2 for marking
[2023-08-30T15:36:59.088+0700][10.891s] GC(2) Concurrent Mark From Roots 2.918ms
[2023-08-30T15:36:59.088+0700][10.891s] GC(2) Concurrent Preclean
[2023-08-30T15:36:59.088+0700][10.891s] GC(2) Concurrent Preclean 0.215ms
[2023-08-30T15:36:59.088+0700][10.891s] GC(2) Concurrent Mark (10.888s, 10.891s) 3.427ms
[2023-08-30T15:36:59.089+0700][10.892s] GC(2) Pause Remark
[2023-08-30T15:36:59.091+0700][10.894s] GC(2) Cleaned string and symbol table, strings: 10202 processed, 0 removed, symbols: 69122 processed, 21 removed
[2023-08-30T15:36:59.092+0700][10.895s] GC(2) Pause Remark 16M->16M(512M) 3.158ms
[2023-08-30T15:36:59.092+0700][10.895s] GC(2) User=0.00s Sys=0.00s Real=0.00s
[2023-08-30T15:36:59.092+0700][10.895s] GC(2) Concurrent Rebuild Remembered Sets
[2023-08-30T15:36:59.098+0700][10.900s] GC(2) Concurrent Rebuild Remembered Sets 5.246ms
[2023-08-30T15:36:59.098+0700][10.900s] GC(2) Pause Cleanup
[2023-08-30T15:36:59.098+0700][10.901s] GC(2) Pause Cleanup 16M->16M(512M) 0.291ms
[2023-08-30T15:36:59.098+0700][10.901s] GC(2) User=0.00s Sys=0.00s Real=0.00s
[2023-08-30T15:36:59.098+0700][10.901s] GC(2) Concurrent Cleanup for Next Mark
[2023-08-30T15:36:59.100+0700][10.903s] GC(2) Concurrent Cleanup for Next Mark 2.395ms
[2023-08-30T15:36:59.101+0700][10.904s] GC(2) Concurrent Cycle 30.790ms
[2023-08-30T15:37:00.874+0700][12.676s] GC(3) Pause Young (Normal) (G1 Evacuation Pause)
[2023-08-30T15:37:00.874+0700][12.676s] GC(3) Using 8 workers of 8 for evacuation
[2023-08-30T15:37:00.898+0700][12.701s] GC(3)   Pre Evacuate Collection Set: 0.0ms
[2023-08-30T15:37:00.899+0700][12.701s] GC(3)   Evacuate Collection Set: 23.4ms
[2023-08-30T15:37:00.899+0700][12.701s] GC(3)   Post Evacuate Collection Set: 1.2ms
[2023-08-30T15:37:00.899+0700][12.702s] GC(3)   Other: 0.3ms
[2023-08-30T15:37:00.899+0700][12.702s] GC(3) Eden regions: 28->0(67)
[2023-08-30T15:37:00.899+0700][12.702s] GC(3) Survivor regions: 12->5(5)
[2023-08-30T15:37:00.899+0700][12.702s] GC(3) Old regions: 0->13
[2023-08-30T15:37:00.899+0700][12.702s] GC(3) Humongous regions: 4->4
[2023-08-30T15:37:00.899+0700][12.702s] GC(3) Metaspace: 24363K(25216K)->24363K(25216K) NonClass: 21715K(22272K)->21715K(22272K) Class: 2648K(2944K)->2648K(2944K)
[2023-08-30T15:37:00.899+0700][12.702s] GC(3) Pause Young (Normal) (G1 Evacuation Pause) 43M->21M(512M) 25.534ms
[2023-08-30T15:37:00.899+0700][12.702s] GC(3) User=0.08s Sys=0.02s Real=0.02s
[2023-08-30T15:37:03.309+0700][15.112s] GC(4) Pause Young (Normal) (G1 Evacuation Pause)
[2023-08-30T15:37:03.310+0700][15.112s] GC(4) Using 8 workers of 8 for evacuation
[2023-08-30T15:37:03.315+0700][15.118s] GC(4)   Pre Evacuate Collection Set: 0.0ms
[2023-08-30T15:37:03.315+0700][15.118s] GC(4)   Evacuate Collection Set: 4.4ms
[2023-08-30T15:37:03.315+0700][15.118s] GC(4)   Post Evacuate Collection Set: 0.8ms
[2023-08-30T15:37:03.315+0700][15.118s] GC(4)   Other: 0.5ms
[2023-08-30T15:37:03.315+0700][15.118s] GC(4) Eden regions: 67->0(94)
[2023-08-30T15:37:03.315+0700][15.118s] GC(4) Survivor regions: 5->8(9)
[2023-08-30T15:37:03.315+0700][15.118s] GC(4) Old regions: 13->13
[2023-08-30T15:37:03.315+0700][15.118s] GC(4) Humongous regions: 4->4
[2023-08-30T15:37:03.315+0700][15.118s] GC(4) Metaspace: 31546K(32384K)->31546K(32384K) NonClass: 28114K(28672K)->28114K(28672K) Class: 3432K(3712K)->3432K(3712K)
[2023-08-30T15:37:03.315+0700][15.118s] GC(4) Pause Young (Normal) (G1 Evacuation Pause) 88M->24M(512M) 5.844ms
[2023-08-30T15:37:03.315+0700][15.118s] GC(4) User=0.06s Sys=0.00s Real=0.01s
[2023-08-30T15:37:04.413+0700][16.216s] GC(5) Pause Young (Concurrent Start) (Metadata GC Threshold)
[2023-08-30T15:37:04.413+0700][16.216s] GC(5) Using 8 workers of 8 for evacuation
[2023-08-30T15:37:04.424+0700][16.226s] GC(5)   Pre Evacuate Collection Set: 0.1ms
[2023-08-30T15:37:04.424+0700][16.227s] GC(5)   Evacuate Collection Set: 9.7ms
[2023-08-30T15:37:04.424+0700][16.227s] GC(5)   Post Evacuate Collection Set: 0.7ms
[2023-08-30T15:37:04.424+0700][16.227s] GC(5)   Other: 0.5ms
[2023-08-30T15:37:04.424+0700][16.227s] GC(5) Eden regions: 25->0(101)
[2023-08-30T15:37:04.424+0700][16.227s] GC(5) Survivor regions: 8->5(13)
[2023-08-30T15:37:04.424+0700][16.227s] GC(5) Old regions: 13->17
[2023-08-30T15:37:04.424+0700][16.227s] GC(5) Humongous regions: 4->4
[2023-08-30T15:37:04.424+0700][16.227s] GC(5) Metaspace: 34949K(35840K)->34949K(35840K) NonClass: 31114K(31616K)->31114K(31616K) Class: 3835K(4224K)->3835K(4224K)
[2023-08-30T15:37:04.424+0700][16.227s] GC(5) Pause Young (Concurrent Start) (Metadata GC Threshold) 49M->25M(512M) 11.321ms
[2023-08-30T15:37:04.424+0700][16.227s] GC(5) User=0.03s Sys=0.02s Real=0.01s
[2023-08-30T15:37:04.424+0700][16.227s] GC(6) Concurrent Cycle
[2023-08-30T15:37:04.424+0700][16.227s] GC(6) Concurrent Clear Claimed Marks
[2023-08-30T15:37:04.425+0700][16.227s] GC(6) Concurrent Clear Claimed Marks 0.089ms
[2023-08-30T15:37:04.425+0700][16.227s] GC(6) Concurrent Scan Root Regions
[2023-08-30T15:37:04.430+0700][16.232s] GC(6) Concurrent Scan Root Regions 5.012ms
[2023-08-30T15:37:04.430+0700][16.232s] GC(6) Concurrent Mark (16.232s)
[2023-08-30T15:37:04.430+0700][16.232s] GC(6) Concurrent Mark From Roots
[2023-08-30T15:37:04.430+0700][16.232s] GC(6) Using 2 workers of 2 for marking
[2023-08-30T15:37:04.463+0700][16.265s] GC(6) Concurrent Mark From Roots 32.509ms
[2023-08-30T15:37:04.463+0700][16.265s] GC(6) Concurrent Preclean
[2023-08-30T15:37:04.463+0700][16.265s] GC(6) Concurrent Preclean 0.179ms
[2023-08-30T15:37:04.463+0700][16.265s] GC(6) Concurrent Mark (16.232s, 16.265s) 32.938ms
[2023-08-30T15:37:04.463+0700][16.266s] GC(6) Pause Remark
[2023-08-30T15:37:04.467+0700][16.270s] GC(6) Cleaned string and symbol table, strings: 16069 processed, 23 removed, symbols: 115415 processed, 41 removed
[2023-08-30T15:37:04.467+0700][16.270s] GC(6) Pause Remark 26M->26M(512M) 4.645ms
[2023-08-30T15:37:04.468+0700][16.271s] GC(6) User=0.00s Sys=0.00s Real=0.00s
[2023-08-30T15:37:04.468+0700][16.271s] GC(6) Concurrent Rebuild Remembered Sets
[2023-08-30T15:37:04.489+0700][16.292s] GC(6) Concurrent Rebuild Remembered Sets 21.046ms
[2023-08-30T15:37:04.489+0700][16.292s] GC(6) Pause Cleanup
[2023-08-30T15:37:04.489+0700][16.292s] GC(6) Pause Cleanup 26M->26M(512M) 0.214ms
[2023-08-30T15:37:04.489+0700][16.292s] GC(6) User=0.00s Sys=0.00s Real=0.00s
[2023-08-30T15:37:04.490+0700][16.292s] GC(6) Concurrent Cleanup for Next Mark
[2023-08-30T15:37:04.492+0700][16.295s] GC(6) Concurrent Cleanup for Next Mark 2.252ms
[2023-08-30T15:37:04.492+0700][16.295s] GC(6) Concurrent Cycle 67.838ms
[2023-08-30T15:37:07.178+0700][18.980s] GC(7) Pause Young (Normal) (G1 Evacuation Pause)
[2023-08-30T15:37:07.178+0700][18.980s] GC(7) Using 8 workers of 8 for evacuation
[2023-08-30T15:37:07.191+0700][18.994s] GC(7)   Pre Evacuate Collection Set: 0.1ms
[2023-08-30T15:37:07.192+0700][18.994s] GC(7)   Evacuate Collection Set: 11.7ms
[2023-08-30T15:37:07.192+0700][18.994s] GC(7)   Post Evacuate Collection Set: 1.6ms
[2023-08-30T15:37:07.192+0700][18.994s] GC(7)   Other: 0.4ms
[2023-08-30T15:37:07.192+0700][18.994s] GC(7) Eden regions: 106->0(172)
[2023-08-30T15:37:07.192+0700][18.994s] GC(7) Survivor regions: 5->11(14)
[2023-08-30T15:37:07.192+0700][18.994s] GC(7) Old regions: 17->17
[2023-08-30T15:37:07.192+0700][18.994s] GC(7) Humongous regions: 5->4
[2023-08-30T15:37:07.192+0700][18.994s] GC(7) Metaspace: 45090K(46336K)->45090K(46336K) NonClass: 39977K(40704K)->39977K(40704K) Class: 5112K(5632K)->5112K(5632K)
[2023-08-30T15:37:07.192+0700][18.994s] GC(7) Pause Young (Normal) (G1 Evacuation Pause) 132M->30M(512M) 14.330ms
[2023-08-30T15:37:07.192+0700][18.994s] GC(7) User=0.03s Sys=0.02s Real=0.01s
[2023-08-30T15:37:09.763+0700][21.565s] GC(8) Pause Young (Normal) (G1 Evacuation Pause)
[2023-08-30T15:37:09.763+0700][21.566s] GC(8) Using 8 workers of 8 for evacuation
[2023-08-30T15:37:09.779+0700][21.582s] GC(8)   Pre Evacuate Collection Set: 0.0ms
[2023-08-30T15:37:09.779+0700][21.582s] GC(8)   Evacuate Collection Set: 14.6ms
[2023-08-30T15:37:09.779+0700][21.582s] GC(8)   Post Evacuate Collection Set: 1.6ms
[2023-08-30T15:37:09.779+0700][21.582s] GC(8)   Other: 0.5ms
[2023-08-30T15:37:09.779+0700][21.582s] GC(8) Eden regions: 172->0(290)
[2023-08-30T15:37:09.779+0700][21.582s] GC(8) Survivor regions: 11->17(23)
[2023-08-30T15:37:09.779+0700][21.582s] GC(8) Old regions: 17->17
[2023-08-30T15:37:09.779+0700][21.582s] GC(8) Humongous regions: 4->4
[2023-08-30T15:37:09.779+0700][21.582s] GC(8) Metaspace: 53764K(55168K)->53764K(55168K) NonClass: 47475K(48384K)->47475K(48384K) Class: 6288K(6784K)->6288K(6784K)
[2023-08-30T15:37:09.779+0700][21.582s] GC(8) Pause Young (Normal) (G1 Evacuation Pause) 202M->37M(512M) 17.069ms
[2023-08-30T15:37:09.779+0700][21.582s] GC(8) User=0.11s Sys=0.00s Real=0.02s
[2023-08-30T15:48:22.677+0700][694.480s] Heap
[2023-08-30T15:48:22.678+0700][694.481s]  garbage-first heap   total 524288K, used 87606K [0x00000000e0000000, 0x0000000100000000)
[2023-08-30T15:48:22.678+0700][694.481s]   region size 1024K, 66 young (67584K), 17 survivors (17408K)
[2023-08-30T15:48:22.678+0700][694.481s]  Metaspace       used 55335K, capacity 56597K, committed 56704K, reserved 1099776K
[2023-08-30T15:48:22.678+0700][694.481s]   class space    used 6476K, capacity 7009K, committed 7040K, reserved 1048576K
