[2023-08-30T15:48:27.553+0700][0.029s] Heap region size: 1M
[2023-08-30T15:48:28.262+0700][0.738s] Using G1
[2023-08-30T15:48:28.262+0700][0.738s] Heap address: 0x00000000e0000000, size: 512 MB, Compressed Oops mode: 32-bit
[2023-08-30T15:48:29.984+0700][2.460s] GC(0) Pause Young (Normal) (G1 Evacuation Pause)
[2023-08-30T15:48:29.985+0700][2.460s] GC(0) Using 8 workers of 8 for evacuation
[2023-08-30T15:48:30.035+0700][2.511s] GC(0)   Pre Evacuate Collection Set: 0.0ms
[2023-08-30T15:48:30.035+0700][2.511s] GC(0)   Evacuate Collection Set: 49.9ms
[2023-08-30T15:48:30.035+0700][2.511s] GC(0)   Post Evacuate Collection Set: 0.7ms
[2023-08-30T15:48:30.035+0700][2.511s] GC(0)   Other: 0.8ms
[2023-08-30T15:48:30.035+0700][2.511s] GC(0) Eden regions: 30->0(303)
[2023-08-30T15:48:30.035+0700][2.511s] GC(0) Survivor regions: 0->4(4)
[2023-08-30T15:48:30.035+0700][2.511s] GC(0) Old regions: 0->0
[2023-08-30T15:48:30.035+0700][2.511s] GC(0) Humongous regions: 0->0
[2023-08-30T15:48:30.035+0700][2.511s] GC(0) Metaspace: 16293K(16896K)->16293K(16896K) NonClass: 14541K(14848K)->14541K(14848K) Class: 1752K(2048K)->1752K(2048K)
[2023-08-30T15:48:30.036+0700][2.511s] GC(0) Pause Young (Normal) (G1 Evacuation Pause) 30M->3M(512M) 51.857ms
[2023-08-30T15:48:30.036+0700][2.511s] GC(0) User=0.12s Sys=0.00s Real=0.05s
[2023-08-30T15:48:30.586+0700][3.061s] GC(1) Pause Young (Concurrent Start) (Metadata GC Threshold)
[2023-08-30T15:48:30.586+0700][3.062s] GC(1) Using 8 workers of 8 for evacuation
[2023-08-30T15:48:30.598+0700][3.074s] GC(1)   Pre Evacuate Collection Set: 0.0ms
[2023-08-30T15:48:30.598+0700][3.074s] GC(1)   Evacuate Collection Set: 11.1ms
[2023-08-30T15:48:30.598+0700][3.074s] GC(1)   Post Evacuate Collection Set: 0.8ms
[2023-08-30T15:48:30.598+0700][3.074s] GC(1)   Other: 0.3ms
[2023-08-30T15:48:30.598+0700][3.074s] GC(1) Eden regions: 18->0(54)
[2023-08-30T15:48:30.598+0700][3.074s] GC(1) Survivor regions: 4->13(39)
[2023-08-30T15:48:30.598+0700][3.074s] GC(1) Old regions: 0->0
[2023-08-30T15:48:30.598+0700][3.074s] GC(1) Humongous regions: 4->4
[2023-08-30T15:48:30.598+0700][3.074s] GC(1) Metaspace: 20663K(21248K)->20663K(21248K) NonClass: 18414K(18688K)->18414K(18688K) Class: 2249K(2560K)->2249K(2560K)
[2023-08-30T15:48:30.598+0700][3.074s] GC(1) Pause Young (Concurrent Start) (Metadata GC Threshold) 25M->16M(512M) 12.489ms
[2023-08-30T15:48:30.598+0700][3.074s] GC(1) User=0.03s Sys=0.00s Real=0.01s
[2023-08-30T15:48:30.598+0700][3.074s] GC(2) Concurrent Cycle
[2023-08-30T15:48:30.598+0700][3.074s] GC(2) Concurrent Clear Claimed Marks
[2023-08-30T15:48:30.598+0700][3.074s] GC(2) Concurrent Clear Claimed Marks 0.045ms
[2023-08-30T15:48:30.598+0700][3.074s] GC(2) Concurrent Scan Root Regions
[2023-08-30T15:48:30.603+0700][3.079s] GC(2) Concurrent Scan Root Regions 4.695ms
[2023-08-30T15:48:30.603+0700][3.079s] GC(2) Concurrent Mark (3.079s)
[2023-08-30T15:48:30.603+0700][3.079s] GC(2) Concurrent Mark From Roots
[2023-08-30T15:48:30.603+0700][3.079s] GC(2) Using 2 workers of 2 for marking
[2023-08-30T15:48:30.604+0700][3.080s] GC(2) Concurrent Mark From Roots 1.293ms
[2023-08-30T15:48:30.604+0700][3.080s] GC(2) Concurrent Preclean
[2023-08-30T15:48:30.604+0700][3.080s] GC(2) Concurrent Preclean 0.065ms
[2023-08-30T15:48:30.604+0700][3.080s] GC(2) Concurrent Mark (3.079s, 3.080s) 1.452ms
[2023-08-30T15:48:30.604+0700][3.080s] GC(2) Pause Remark
[2023-08-30T15:48:30.606+0700][3.082s] GC(2) Cleaned string and symbol table, strings: 10197 processed, 0 removed, symbols: 69120 processed, 21 removed
[2023-08-30T15:48:30.606+0700][3.082s] GC(2) Pause Remark 16M->16M(512M) 1.591ms
[2023-08-30T15:48:30.606+0700][3.082s] GC(2) User=0.00s Sys=0.00s Real=0.00s
[2023-08-30T15:48:30.606+0700][3.082s] GC(2) Concurrent Rebuild Remembered Sets
[2023-08-30T15:48:30.608+0700][3.084s] GC(2) Concurrent Rebuild Remembered Sets 1.504ms
[2023-08-30T15:48:30.608+0700][3.084s] GC(2) Pause Cleanup
[2023-08-30T15:48:30.608+0700][3.084s] GC(2) Pause Cleanup 16M->16M(512M) 0.110ms
[2023-08-30T15:48:30.608+0700][3.084s] GC(2) User=0.00s Sys=0.00s Real=0.00s
[2023-08-30T15:48:30.608+0700][3.084s] GC(2) Concurrent Cleanup for Next Mark
[2023-08-30T15:48:30.610+0700][3.085s] GC(2) Concurrent Cleanup for Next Mark 1.335ms
[2023-08-30T15:48:30.610+0700][3.085s] GC(2) Concurrent Cycle 11.388ms
[2023-08-30T15:48:31.171+0700][3.647s] GC(3) Pause Young (Normal) (G1 Evacuation Pause)
[2023-08-30T15:48:31.171+0700][3.647s] GC(3) Using 8 workers of 8 for evacuation
[2023-08-30T15:48:31.183+0700][3.659s] GC(3)   Pre Evacuate Collection Set: 0.0ms
[2023-08-30T15:48:31.183+0700][3.659s] GC(3)   Evacuate Collection Set: 11.2ms
[2023-08-30T15:48:31.183+0700][3.659s] GC(3)   Post Evacuate Collection Set: 0.8ms
[2023-08-30T15:48:31.183+0700][3.659s] GC(3)   Other: 0.2ms
[2023-08-30T15:48:31.183+0700][3.659s] GC(3) Eden regions: 33->0(301)
[2023-08-30T15:48:31.183+0700][3.659s] GC(3) Survivor regions: 13->6(6)
[2023-08-30T15:48:31.183+0700][3.659s] GC(3) Old regions: 0->12
[2023-08-30T15:48:31.183+0700][3.659s] GC(3) Humongous regions: 4->4
[2023-08-30T15:48:31.183+0700][3.659s] GC(3) Metaspace: 24365K(25216K)->24365K(25216K) NonClass: 21716K(22272K)->21716K(22272K) Class: 2648K(2944K)->2648K(2944K)
[2023-08-30T15:48:31.183+0700][3.659s] GC(3) Pause Young (Normal) (G1 Evacuation Pause) 49M->21M(512M) 12.399ms
[2023-08-30T15:48:31.183+0700][3.659s] GC(3) User=0.02s Sys=0.00s Real=0.01s
[2023-08-30T15:48:33.172+0700][5.648s] GC(4) Pause Young (Concurrent Start) (Metadata GC Threshold)
[2023-08-30T15:48:33.172+0700][5.648s] GC(4) Using 8 workers of 8 for evacuation
[2023-08-30T15:48:33.180+0700][5.656s] GC(4)   Pre Evacuate Collection Set: 0.1ms
[2023-08-30T15:48:33.180+0700][5.656s] GC(4)   Evacuate Collection Set: 6.0ms
[2023-08-30T15:48:33.180+0700][5.656s] GC(4)   Post Evacuate Collection Set: 0.9ms
[2023-08-30T15:48:33.180+0700][5.656s] GC(4)   Other: 0.5ms
[2023-08-30T15:48:33.180+0700][5.656s] GC(4) Eden regions: 90->0(116)
[2023-08-30T15:48:33.180+0700][5.656s] GC(4) Survivor regions: 6->10(39)
[2023-08-30T15:48:33.180+0700][5.656s] GC(4) Old regions: 12->12
[2023-08-30T15:48:33.180+0700][5.656s] GC(4) Humongous regions: 4->4
[2023-08-30T15:48:33.180+0700][5.656s] GC(4) Metaspace: 34950K(35840K)->34950K(35840K) NonClass: 31113K(31616K)->31113K(31616K) Class: 3837K(4224K)->3837K(4224K)
[2023-08-30T15:48:33.180+0700][5.656s] GC(4) Pause Young (Concurrent Start) (Metadata GC Threshold) 111M->24M(512M) 7.854ms
[2023-08-30T15:48:33.180+0700][5.656s] GC(4) User=0.00s Sys=0.00s Real=0.01s
[2023-08-30T15:48:33.180+0700][5.656s] GC(5) Concurrent Cycle
[2023-08-30T15:48:33.180+0700][5.656s] GC(5) Concurrent Clear Claimed Marks
[2023-08-30T15:48:33.180+0700][5.656s] GC(5) Concurrent Clear Claimed Marks 0.080ms
[2023-08-30T15:48:33.180+0700][5.656s] GC(5) Concurrent Scan Root Regions
[2023-08-30T15:48:33.185+0700][5.661s] GC(5) Concurrent Scan Root Regions 5.054ms
[2023-08-30T15:48:33.185+0700][5.661s] GC(5) Concurrent Mark (5.661s)
[2023-08-30T15:48:33.185+0700][5.661s] GC(5) Concurrent Mark From Roots
[2023-08-30T15:48:33.185+0700][5.661s] GC(5) Using 2 workers of 2 for marking
[2023-08-30T15:48:33.214+0700][5.690s] GC(5) Concurrent Mark From Roots 28.282ms
[2023-08-30T15:48:33.214+0700][5.690s] GC(5) Concurrent Preclean
[2023-08-30T15:48:33.214+0700][5.690s] GC(5) Concurrent Preclean 0.157ms
[2023-08-30T15:48:33.214+0700][5.690s] GC(5) Concurrent Mark (5.661s, 5.690s) 28.584ms
[2023-08-30T15:48:33.214+0700][5.690s] GC(5) Pause Remark
[2023-08-30T15:48:33.217+0700][5.693s] GC(5) Cleaned string and symbol table, strings: 16084 processed, 22 removed, symbols: 115566 processed, 41 removed
[2023-08-30T15:48:33.218+0700][5.693s] GC(5) Pause Remark 26M->26M(512M) 3.450ms
[2023-08-30T15:48:33.218+0700][5.694s] GC(5) User=0.00s Sys=0.02s Real=0.00s
[2023-08-30T15:48:33.218+0700][5.694s] GC(5) Concurrent Rebuild Remembered Sets
[2023-08-30T15:48:33.226+0700][5.702s] GC(5) Concurrent Rebuild Remembered Sets 8.631ms
[2023-08-30T15:48:33.227+0700][5.702s] GC(5) Pause Cleanup
[2023-08-30T15:48:33.227+0700][5.703s] GC(5) Pause Cleanup 26M->26M(512M) 0.153ms
[2023-08-30T15:48:33.227+0700][5.703s] GC(5) User=0.00s Sys=0.00s Real=0.00s
[2023-08-30T15:48:33.227+0700][5.703s] GC(5) Concurrent Cleanup for Next Mark
[2023-08-30T15:48:33.229+0700][5.705s] GC(5) Concurrent Cleanup for Next Mark 2.040ms
[2023-08-30T15:48:33.229+0700][5.705s] GC(5) Concurrent Cycle 48.886ms
[2023-08-30T15:48:38.575+0700][11.051s] GC(6) Pause Young (Concurrent Start) (G1 Evacuation Pause)
[2023-08-30T15:48:38.575+0700][11.051s] GC(6) Using 8 workers of 8 for evacuation
[2023-08-30T15:48:38.594+0700][11.070s] GC(6)   Pre Evacuate Collection Set: 0.1ms
[2023-08-30T15:48:38.594+0700][11.070s] GC(6)   Evacuate Collection Set: 16.9ms
[2023-08-30T15:48:38.594+0700][11.070s] GC(6)   Post Evacuate Collection Set: 1.6ms
[2023-08-30T15:48:38.594+0700][11.070s] GC(6)   Other: 0.5ms
[2023-08-30T15:48:38.594+0700][11.070s] GC(6) Eden regions: 116->0(297)
[2023-08-30T15:48:38.594+0700][11.070s] GC(6) Survivor regions: 10->10(16)
[2023-08-30T15:48:38.594+0700][11.070s] GC(6) Old regions: 12->18
[2023-08-30T15:48:38.594+0700][11.070s] GC(6) Humongous regions: 5->4
[2023-08-30T15:48:38.594+0700][11.070s] GC(6) Metaspace: 46230K(47488K)->46230K(47488K) NonClass: 40991K(41728K)->40991K(41728K) Class: 5239K(5760K)->5239K(5760K)
[2023-08-30T15:48:38.594+0700][11.070s] GC(6) Pause Young (Concurrent Start) (G1 Evacuation Pause) 141M->31M(512M) 19.675ms
[2023-08-30T15:48:38.594+0700][11.071s] GC(6) User=0.11s Sys=0.02s Real=0.02s
[2023-08-30T15:48:38.594+0700][11.071s] GC(7) Concurrent Cycle
[2023-08-30T15:48:38.594+0700][11.071s] GC(7) Concurrent Clear Claimed Marks
[2023-08-30T15:48:38.595+0700][11.071s] GC(7) Concurrent Clear Claimed Marks 0.210ms
[2023-08-30T15:48:38.595+0700][11.071s] GC(7) Concurrent Scan Root Regions
[2023-08-30T15:48:38.603+0700][11.079s] GC(7) Concurrent Scan Root Regions 7.923ms
[2023-08-30T15:48:38.603+0700][11.079s] GC(7) Concurrent Mark (11.079s)
[2023-08-30T15:48:38.603+0700][11.079s] GC(7) Concurrent Mark From Roots
[2023-08-30T15:48:38.603+0700][11.079s] GC(7) Using 2 workers of 2 for marking
[2023-08-30T15:48:38.635+0700][11.111s] GC(7) Concurrent Mark From Roots 32.075ms
[2023-08-30T15:48:38.635+0700][11.111s] GC(7) Concurrent Preclean
[2023-08-30T15:48:38.635+0700][11.111s] GC(7) Concurrent Preclean 0.212ms
[2023-08-30T15:48:38.635+0700][11.111s] GC(7) Concurrent Mark (11.079s, 11.111s) 32.406ms
[2023-08-30T15:48:38.636+0700][11.112s] GC(7) Pause Remark
[2023-08-30T15:48:38.641+0700][11.117s] GC(7) Cleaned string and symbol table, strings: 20601 processed, 1 removed, symbols: 149300 processed, 78 removed
[2023-08-30T15:48:38.642+0700][11.118s] GC(7) Pause Remark 33M->33M(512M) 6.202ms
[2023-08-30T15:48:38.642+0700][11.118s] GC(7) User=0.02s Sys=0.00s Real=0.01s
[2023-08-30T15:48:38.642+0700][11.118s] GC(7) Concurrent Rebuild Remembered Sets
[2023-08-30T15:48:38.657+0700][11.133s] GC(7) Concurrent Rebuild Remembered Sets 15.064ms
[2023-08-30T15:48:38.658+0700][11.134s] GC(7) Pause Cleanup
[2023-08-30T15:48:38.658+0700][11.134s] GC(7) Pause Cleanup 33M->33M(512M) 0.189ms
[2023-08-30T15:48:38.658+0700][11.134s] GC(7) User=0.00s Sys=0.00s Real=0.00s
[2023-08-30T15:48:38.658+0700][11.134s] GC(7) Concurrent Cleanup for Next Mark
[2023-08-30T15:48:38.660+0700][11.137s] GC(7) Concurrent Cleanup for Next Mark 2.321ms
[2023-08-30T15:48:38.661+0700][11.137s] GC(7) Concurrent Cycle 65.985ms
[2023-08-31T09:23:39.548+0700][63314.422s] Heap
[2023-08-31T09:23:39.549+0700][63314.423s]  garbage-first heap   total 524288K, used 237736K [0x00000000e0000000, 0x0000000100000000)
[2023-08-31T09:23:39.549+0700][63314.423s]   region size 1024K, 213 young (218112K), 10 survivors (10240K)
[2023-08-31T09:23:39.549+0700][63314.423s]  Metaspace       used 55326K, capacity 56615K, committed 56704K, reserved 1099776K
[2023-08-31T09:23:39.549+0700][63314.423s]   class space    used 6485K, capacity 7020K, committed 7040K, reserved 1048576K
