[2023-08-31T09:23:44.772+0700][0.031s] Heap region size: 1M
[2023-08-31T09:23:45.668+0700][0.927s] Using G1
[2023-08-31T09:23:45.668+0700][0.927s] Heap address: 0x00000000e0000000, size: 512 MB, Compressed Oops mode: 32-bit
[2023-08-31T09:23:47.527+0700][2.786s] GC(0) Pause Young (Normal) (G1 Evacuation Pause)
[2023-08-31T09:23:47.528+0700][2.787s] GC(0) Using 8 workers of 8 for evacuation
[2023-08-31T09:23:47.577+0700][2.836s] GC(0)   Pre Evacuate Collection Set: 0.0ms
[2023-08-31T09:23:47.577+0700][2.836s] GC(0)   Evacuate Collection Set: 47.6ms
[2023-08-31T09:23:47.577+0700][2.836s] GC(0)   Post Evacuate Collection Set: 1.3ms
[2023-08-31T09:23:47.577+0700][2.836s] GC(0)   Other: 1.0ms
[2023-08-31T09:23:47.577+0700][2.836s] GC(0) Eden regions: 30->0(303)
[2023-08-31T09:23:47.577+0700][2.836s] GC(0) Survivor regions: 0->4(4)
[2023-08-31T09:23:47.577+0700][2.836s] GC(0) Old regions: 0->0
[2023-08-31T09:23:47.577+0700][2.836s] GC(0) Humongous regions: 0->0
[2023-08-31T09:23:47.577+0700][2.836s] GC(0) Metaspace: 16245K(16896K)->16245K(16896K) NonClass: 14492K(14848K)->14492K(14848K) Class: 1752K(2048K)->1752K(2048K)
[2023-08-31T09:23:47.577+0700][2.836s] GC(0) Pause Young (Normal) (G1 Evacuation Pause) 30M->3M(512M) 50.546ms
[2023-08-31T09:23:47.577+0700][2.836s] GC(0) User=0.19s Sys=0.03s Real=0.05s
[2023-08-31T09:23:47.998+0700][3.256s] GC(1) Pause Young (Concurrent Start) (Metadata GC Threshold)
[2023-08-31T09:23:47.998+0700][3.256s] GC(1) Using 8 workers of 8 for evacuation
[2023-08-31T09:23:48.011+0700][3.269s] GC(1)   Pre Evacuate Collection Set: 0.1ms
[2023-08-31T09:23:48.011+0700][3.269s] GC(1)   Evacuate Collection Set: 11.6ms
[2023-08-31T09:23:48.011+0700][3.270s] GC(1)   Post Evacuate Collection Set: 1.0ms
[2023-08-31T09:23:48.011+0700][3.270s] GC(1)   Other: 0.4ms
[2023-08-31T09:23:48.011+0700][3.270s] GC(1) Eden regions: 18->0(55)
[2023-08-31T09:23:48.011+0700][3.270s] GC(1) Survivor regions: 4->13(39)
[2023-08-31T09:23:48.011+0700][3.270s] GC(1) Old regions: 0->0
[2023-08-31T09:23:48.011+0700][3.270s] GC(1) Humongous regions: 4->4
[2023-08-31T09:23:48.011+0700][3.270s] GC(1) Metaspace: 20648K(21248K)->20648K(21248K) NonClass: 18397K(18688K)->18397K(18688K) Class: 2251K(2560K)->2251K(2560K)
[2023-08-31T09:23:48.011+0700][3.270s] GC(1) Pause Young (Concurrent Start) (Metadata GC Threshold) 25M->16M(512M) 13.340ms
[2023-08-31T09:23:48.011+0700][3.270s] GC(1) User=0.03s Sys=0.00s Real=0.01s
[2023-08-31T09:23:48.011+0700][3.270s] GC(2) Concurrent Cycle
[2023-08-31T09:23:48.011+0700][3.270s] GC(2) Concurrent Clear Claimed Marks
[2023-08-31T09:23:48.011+0700][3.270s] GC(2) Concurrent Clear Claimed Marks 0.089ms
[2023-08-31T09:23:48.012+0700][3.270s] GC(2) Concurrent Scan Root Regions
[2023-08-31T09:23:48.018+0700][3.276s] GC(2) Concurrent Scan Root Regions 6.334ms
[2023-08-31T09:23:48.018+0700][3.276s] GC(2) Concurrent Mark (3.276s)
[2023-08-31T09:23:48.018+0700][3.276s] GC(2) Concurrent Mark From Roots
[2023-08-31T09:23:48.018+0700][3.276s] GC(2) Using 2 workers of 2 for marking
[2023-08-31T09:23:48.019+0700][3.278s] GC(2) Concurrent Mark From Roots 1.449ms
[2023-08-31T09:23:48.019+0700][3.278s] GC(2) Concurrent Preclean
[2023-08-31T09:23:48.020+0700][3.278s] GC(2) Concurrent Preclean 0.070ms
[2023-08-31T09:23:48.020+0700][3.278s] GC(2) Concurrent Mark (3.276s, 3.278s) 1.620ms
[2023-08-31T09:23:48.020+0700][3.278s] GC(2) Pause Remark
[2023-08-31T09:23:48.022+0700][3.280s] GC(2) Cleaned string and symbol table, strings: 10201 processed, 0 removed, symbols: 69118 processed, 21 removed
[2023-08-31T09:23:48.022+0700][3.281s] GC(2) Pause Remark 16M->16M(512M) 2.203ms
[2023-08-31T09:23:48.022+0700][3.281s] GC(2) User=0.00s Sys=0.00s Real=0.00s
[2023-08-31T09:23:48.022+0700][3.281s] GC(2) Concurrent Rebuild Remembered Sets
[2023-08-31T09:23:48.025+0700][3.283s] GC(2) Concurrent Rebuild Remembered Sets 2.253ms
[2023-08-31T09:23:48.025+0700][3.283s] GC(2) Pause Cleanup
[2023-08-31T09:23:48.025+0700][3.283s] GC(2) Pause Cleanup 16M->16M(512M) 0.196ms
[2023-08-31T09:23:48.025+0700][3.283s] GC(2) User=0.00s Sys=0.00s Real=0.00s
[2023-08-31T09:23:48.025+0700][3.284s] GC(2) Concurrent Cleanup for Next Mark
[2023-08-31T09:23:48.027+0700][3.286s] GC(2) Concurrent Cleanup for Next Mark 2.167ms
[2023-08-31T09:23:48.027+0700][3.286s] GC(2) Concurrent Cycle 16.074ms
[2023-08-31T09:23:48.693+0700][3.953s] GC(3) Pause Young (Normal) (G1 Evacuation Pause)
[2023-08-31T09:23:48.693+0700][3.953s] GC(3) Using 8 workers of 8 for evacuation
[2023-08-31T09:23:48.708+0700][3.967s] GC(3)   Pre Evacuate Collection Set: 0.0ms
[2023-08-31T09:23:48.708+0700][3.967s] GC(3)   Evacuate Collection Set: 12.4ms
[2023-08-31T09:23:48.708+0700][3.967s] GC(3)   Post Evacuate Collection Set: 1.4ms
[2023-08-31T09:23:48.708+0700][3.967s] GC(3)   Other: 0.3ms
[2023-08-31T09:23:48.708+0700][3.967s] GC(3) Eden regions: 32->0(301)
[2023-08-31T09:23:48.708+0700][3.967s] GC(3) Survivor regions: 13->6(6)
[2023-08-31T09:23:48.708+0700][3.967s] GC(3) Old regions: 0->12
[2023-08-31T09:23:48.708+0700][3.967s] GC(3) Humongous regions: 4->4
[2023-08-31T09:23:48.708+0700][3.967s] GC(3) Metaspace: 24337K(25216K)->24337K(25216K) NonClass: 21686K(22272K)->21686K(22272K) Class: 2650K(2944K)->2650K(2944K)
[2023-08-31T09:23:48.708+0700][3.967s] GC(3) Pause Young (Normal) (G1 Evacuation Pause) 48M->21M(512M) 14.450ms
[2023-08-31T09:23:48.708+0700][3.967s] GC(3) User=0.03s Sys=0.00s Real=0.01s
[2023-08-31T09:23:50.362+0700][5.620s] GC(4) Pause Young (Concurrent Start) (Metadata GC Threshold)
[2023-08-31T09:23:50.362+0700][5.620s] GC(4) Using 8 workers of 8 for evacuation
[2023-08-31T09:23:50.370+0700][5.629s] GC(4)   Pre Evacuate Collection Set: 0.1ms
[2023-08-31T09:23:50.370+0700][5.629s] GC(4)   Evacuate Collection Set: 7.0ms
[2023-08-31T09:23:50.370+0700][5.629s] GC(4)   Post Evacuate Collection Set: 1.0ms
[2023-08-31T09:23:50.370+0700][5.629s] GC(4)   Other: 0.5ms
[2023-08-31T09:23:50.370+0700][5.629s] GC(4) Eden regions: 94->0(120)
[2023-08-31T09:23:50.370+0700][5.629s] GC(4) Survivor regions: 6->9(39)
[2023-08-31T09:23:50.370+0700][5.629s] GC(4) Old regions: 12->12
[2023-08-31T09:23:50.370+0700][5.629s] GC(4) Humongous regions: 4->4
[2023-08-31T09:23:50.371+0700][5.629s] GC(4) Metaspace: 34956K(35840K)->34956K(35840K) NonClass: 31112K(31616K)->31112K(31616K) Class: 3844K(4224K)->3844K(4224K)
[2023-08-31T09:23:50.371+0700][5.629s] GC(4) Pause Young (Concurrent Start) (Metadata GC Threshold) 115M->24M(512M) 8.869ms
[2023-08-31T09:23:50.371+0700][5.629s] GC(4) User=0.03s Sys=0.00s Real=0.01s
[2023-08-31T09:23:50.371+0700][5.629s] GC(5) Concurrent Cycle
[2023-08-31T09:23:50.371+0700][5.629s] GC(5) Concurrent Clear Claimed Marks
[2023-08-31T09:23:50.371+0700][5.629s] GC(5) Concurrent Clear Claimed Marks 0.096ms
[2023-08-31T09:23:50.371+0700][5.629s] GC(5) Concurrent Scan Root Regions
[2023-08-31T09:23:50.373+0700][5.632s] GC(5) Concurrent Scan Root Regions 2.765ms
[2023-08-31T09:23:50.373+0700][5.632s] GC(5) Concurrent Mark (5.632s)
[2023-08-31T09:23:50.373+0700][5.632s] GC(5) Concurrent Mark From Roots
[2023-08-31T09:23:50.373+0700][5.632s] GC(5) Using 2 workers of 2 for marking
[2023-08-31T09:23:50.403+0700][5.662s] GC(5) Concurrent Mark From Roots 30.168ms
[2023-08-31T09:23:50.403+0700][5.663s] GC(5) Concurrent Preclean
[2023-08-31T09:23:50.404+0700][5.663s] GC(5) Concurrent Preclean 0.205ms
[2023-08-31T09:23:50.404+0700][5.663s] GC(5) Concurrent Mark (5.632s, 5.663s) 30.541ms
[2023-08-31T09:23:50.404+0700][5.663s] GC(5) Pause Remark
[2023-08-31T09:23:50.408+0700][5.667s] GC(5) Cleaned string and symbol table, strings: 16081 processed, 22 removed, symbols: 115566 processed, 41 removed
[2023-08-31T09:23:50.408+0700][5.667s] GC(5) Pause Remark 26M->26M(512M) 4.307ms
[2023-08-31T09:23:50.408+0700][5.667s] GC(5) User=0.00s Sys=0.00s Real=0.00s
[2023-08-31T09:23:50.408+0700][5.667s] GC(5) Concurrent Rebuild Remembered Sets
[2023-08-31T09:23:50.417+0700][5.676s] GC(5) Concurrent Rebuild Remembered Sets 8.734ms
[2023-08-31T09:23:50.418+0700][5.677s] GC(5) Pause Cleanup
[2023-08-31T09:23:50.418+0700][5.677s] GC(5) Pause Cleanup 26M->26M(512M) 0.143ms
[2023-08-31T09:23:50.418+0700][5.677s] GC(5) User=0.00s Sys=0.00s Real=0.00s
[2023-08-31T09:23:50.419+0700][5.677s] GC(5) Concurrent Cleanup for Next Mark
[2023-08-31T09:23:50.421+0700][5.680s] GC(5) Concurrent Cleanup for Next Mark 2.501ms
[2023-08-31T09:23:50.421+0700][5.680s] GC(5) Concurrent Cycle 50.841ms
[2023-08-31T09:23:51.950+0700][7.209s] GC(6) Pause Young (Concurrent Start) (G1 Evacuation Pause)
[2023-08-31T09:23:51.951+0700][7.209s] GC(6) Using 8 workers of 8 for evacuation
[2023-08-31T09:23:51.965+0700][7.224s] GC(6)   Pre Evacuate Collection Set: 0.1ms
[2023-08-31T09:23:51.965+0700][7.224s] GC(6)   Evacuate Collection Set: 12.8ms
[2023-08-31T09:23:51.965+0700][7.224s] GC(6)   Post Evacuate Collection Set: 1.4ms
[2023-08-31T09:23:51.965+0700][7.224s] GC(6)   Other: 0.3ms
[2023-08-31T09:23:51.965+0700][7.224s] GC(6) Eden regions: 120->0(190)
[2023-08-31T09:23:51.965+0700][7.224s] GC(6) Survivor regions: 9->15(17)
[2023-08-31T09:23:51.965+0700][7.224s] GC(6) Old regions: 12->12
[2023-08-31T09:23:51.965+0700][7.224s] GC(6) Humongous regions: 5->4
[2023-08-31T09:23:51.965+0700][7.224s] GC(6) Metaspace: 46211K(47488K)->46211K(47488K) NonClass: 40948K(41728K)->40948K(41728K) Class: 5263K(5760K)->5263K(5760K)
[2023-08-31T09:23:51.965+0700][7.224s] GC(6) Pause Young (Concurrent Start) (G1 Evacuation Pause) 145M->30M(512M) 14.823ms
[2023-08-31T09:23:51.965+0700][7.224s] GC(6) User=0.02s Sys=0.00s Real=0.01s
[2023-08-31T09:23:51.965+0700][7.224s] GC(7) Concurrent Cycle
[2023-08-31T09:23:51.965+0700][7.224s] GC(7) Concurrent Clear Claimed Marks
[2023-08-31T09:23:51.965+0700][7.224s] GC(7) Concurrent Clear Claimed Marks 0.120ms
[2023-08-31T09:23:51.965+0700][7.224s] GC(7) Concurrent Scan Root Regions
[2023-08-31T09:23:51.971+0700][7.230s] GC(7) Concurrent Scan Root Regions 5.412ms
[2023-08-31T09:23:51.971+0700][7.230s] GC(7) Concurrent Mark (7.230s)
[2023-08-31T09:23:51.971+0700][7.230s] GC(7) Concurrent Mark From Roots
[2023-08-31T09:23:51.971+0700][7.230s] GC(7) Using 2 workers of 2 for marking
[2023-08-31T09:23:51.990+0700][7.249s] GC(7) Concurrent Mark From Roots 19.062ms
[2023-08-31T09:23:51.990+0700][7.249s] GC(7) Concurrent Preclean
[2023-08-31T09:23:51.991+0700][7.249s] GC(7) Concurrent Preclean 0.197ms
[2023-08-31T09:23:51.991+0700][7.249s] GC(7) Concurrent Mark (7.230s, 7.249s) 19.425ms
[2023-08-31T09:23:51.991+0700][7.249s] GC(7) Pause Remark
[2023-08-31T09:23:51.994+0700][7.253s] GC(7) Cleaned string and symbol table, strings: 20632 processed, 1 removed, symbols: 149750 processed, 80 removed
[2023-08-31T09:23:51.994+0700][7.253s] GC(7) Pause Remark 34M->34M(512M) 3.685ms
[2023-08-31T09:23:51.994+0700][7.253s] GC(7) User=0.02s Sys=0.00s Real=0.00s
[2023-08-31T09:23:51.994+0700][7.253s] GC(7) Concurrent Rebuild Remembered Sets
[2023-08-31T09:23:52.004+0700][7.263s] GC(7) Concurrent Rebuild Remembered Sets 9.430ms
[2023-08-31T09:23:52.004+0700][7.263s] GC(7) Pause Cleanup
[2023-08-31T09:23:52.004+0700][7.263s] GC(7) Pause Cleanup 36M->36M(512M) 0.184ms
[2023-08-31T09:23:52.004+0700][7.263s] GC(7) User=0.00s Sys=0.00s Real=0.00s
[2023-08-31T09:23:52.004+0700][7.263s] GC(7) Concurrent Cleanup for Next Mark
[2023-08-31T09:23:52.006+0700][7.266s] GC(7) Concurrent Cleanup for Next Mark 2.197ms
[2023-08-31T09:23:52.006+0700][7.266s] GC(7) Concurrent Cycle 41.607ms
[2023-08-31T09:26:17.507+0700][152.766s] GC(8) Pause Young (Normal) (G1 Evacuation Pause)
[2023-08-31T09:26:17.507+0700][152.766s] GC(8) Using 8 workers of 8 for evacuation
[2023-08-31T09:26:17.524+0700][152.783s] GC(8)   Pre Evacuate Collection Set: 0.0ms
[2023-08-31T09:26:17.524+0700][152.783s] GC(8)   Evacuate Collection Set: 14.5ms
[2023-08-31T09:26:17.524+0700][152.783s] GC(8)   Post Evacuate Collection Set: 2.0ms
[2023-08-31T09:26:17.524+0700][152.783s] GC(8)   Other: 0.4ms
[2023-08-31T09:26:17.524+0700][152.783s] GC(8) Eden regions: 198->0(277)
[2023-08-31T09:26:17.524+0700][152.783s] GC(8) Survivor regions: 15->20(27)
[2023-08-31T09:26:17.524+0700][152.783s] GC(8) Old regions: 12->17
[2023-08-31T09:26:17.524+0700][152.783s] GC(8) Humongous regions: 4->4
[2023-08-31T09:26:17.524+0700][152.783s] GC(8) Metaspace: 55633K(57088K)->55633K(57088K) NonClass: 49127K(49920K)->49127K(49920K) Class: 6506K(7168K)->6506K(7168K)
[2023-08-31T09:26:17.524+0700][152.783s] GC(8) Pause Young (Normal) (G1 Evacuation Pause) 228M->40M(512M) 17.285ms
[2023-08-31T09:26:17.524+0700][152.783s] GC(8) User=0.02s Sys=0.00s Real=0.02s
[2023-08-31T09:59:12.211+0700][2127.471s] GC(9) Pause Young (Normal) (G1 Evacuation Pause)
[2023-08-31T09:59:12.214+0700][2127.473s] GC(9) Using 8 workers of 8 for evacuation
[2023-08-31T09:59:12.354+0700][2127.613s] GC(9)   Pre Evacuate Collection Set: 3.6ms
[2023-08-31T09:59:12.354+0700][2127.613s] GC(9)   Evacuate Collection Set: 122.3ms
[2023-08-31T09:59:12.354+0700][2127.613s] GC(9)   Post Evacuate Collection Set: 7.9ms
[2023-08-31T09:59:12.354+0700][2127.613s] GC(9)   Other: 10.4ms
[2023-08-31T09:59:12.354+0700][2127.613s] GC(9) Eden regions: 277->0(285)
[2023-08-31T09:59:12.354+0700][2127.613s] GC(9) Survivor regions: 20->22(38)
[2023-08-31T09:59:12.354+0700][2127.613s] GC(9) Old regions: 17->17
[2023-08-31T09:59:12.354+0700][2127.613s] GC(9) Humongous regions: 4->4
[2023-08-31T09:59:12.354+0700][2127.613s] GC(9) Metaspace: 60893K(62592K)->60893K(62592K) NonClass: 53922K(55040K)->53922K(55040K) Class: 6971K(7552K)->6971K(7552K)
[2023-08-31T09:59:12.355+0700][2127.614s] GC(9) Pause Young (Normal) (G1 Evacuation Pause) 317M->42M(512M) 143.265ms
[2023-08-31T09:59:12.355+0700][2127.614s] GC(9) User=0.02s Sys=0.12s Real=0.14s
[2023-08-31T12:18:04.776+0700][10460.036s] GC(10) Pause Young (Normal) (G1 Evacuation Pause)
[2023-08-31T12:18:04.778+0700][10460.037s] GC(10) Using 8 workers of 8 for evacuation
[2023-08-31T12:18:05.037+0700][10460.296s] GC(10) MMU target violated: 251.0ms (250.0ms/251.0ms)
[2023-08-31T12:18:05.037+0700][10460.296s] GC(10)   Pre Evacuate Collection Set: 2.6ms
[2023-08-31T12:18:05.037+0700][10460.296s] GC(10)   Evacuate Collection Set: 225.5ms
[2023-08-31T12:18:05.037+0700][10460.296s] GC(10)   Post Evacuate Collection Set: 23.2ms
[2023-08-31T12:18:05.037+0700][10460.297s] GC(10)   Other: 11.7ms
[2023-08-31T12:18:05.037+0700][10460.297s] GC(10) Eden regions: 285->0(288)
[2023-08-31T12:18:05.037+0700][10460.297s] GC(10) Survivor regions: 22->19(39)
[2023-08-31T12:18:05.037+0700][10460.297s] GC(10) Old regions: 17->21
[2023-08-31T12:18:05.037+0700][10460.297s] GC(10) Humongous regions: 4->4
[2023-08-31T12:18:05.037+0700][10460.297s] GC(10) Metaspace: 62094K(63744K)->62094K(63744K) NonClass: 55056K(56064K)->55056K(56064K) Class: 7037K(7680K)->7037K(7680K)
[2023-08-31T12:18:05.038+0700][10460.298s] GC(10) Pause Young (Normal) (G1 Evacuation Pause) 327M->43M(512M) 262.675ms
[2023-08-31T12:18:05.038+0700][10460.298s] GC(10) User=0.09s Sys=0.25s Real=0.26s
[2023-08-31T14:18:09.650+0700][17664.910s] GC(11) Pause Young (Normal) (G1 Evacuation Pause)
[2023-08-31T14:18:09.655+0700][17664.914s] GC(11) Using 8 workers of 8 for evacuation
[2023-08-31T14:18:09.952+0700][17665.211s] GC(11) MMU target violated: 251.0ms (250.0ms/251.0ms)
[2023-08-31T14:18:09.952+0700][17665.211s] GC(11)   Pre Evacuate Collection Set: 8.9ms
[2023-08-31T14:18:09.952+0700][17665.211s] GC(11)   Evacuate Collection Set: 258.0ms
[2023-08-31T14:18:09.952+0700][17665.211s] GC(11)   Post Evacuate Collection Set: 18.3ms
[2023-08-31T14:18:09.952+0700][17665.211s] GC(11)   Other: 22.7ms
[2023-08-31T14:18:09.952+0700][17665.211s] GC(11) Eden regions: 288->0(287)
[2023-08-31T14:18:09.952+0700][17665.211s] GC(11) Survivor regions: 19->20(39)
[2023-08-31T14:18:09.952+0700][17665.211s] GC(11) Old regions: 21->21
[2023-08-31T14:18:09.952+0700][17665.211s] GC(11) Humongous regions: 4->4
[2023-08-31T14:18:09.952+0700][17665.211s] GC(11) Metaspace: 62835K(64640K)->62835K(64640K) NonClass: 55749K(56832K)->55749K(56832K) Class: 7085K(7808K)->7085K(7808K)
[2023-08-31T14:18:09.953+0700][17665.213s] GC(11) Pause Young (Normal) (G1 Evacuation Pause) 331M->43M(512M) 303.731ms
[2023-08-31T14:18:09.955+0700][17665.214s] GC(11) User=0.22s Sys=0.47s Real=0.30s
[2023-08-31T15:08:19.320+0700][20674.579s] GC(12) Pause Young (Normal) (G1 Evacuation Pause)
[2023-08-31T15:08:19.322+0700][20674.582s] GC(12) Using 8 workers of 8 for evacuation
[2023-08-31T15:08:19.591+0700][20674.850s] GC(12) MMU target violated: 251.0ms (250.0ms/251.0ms)
[2023-08-31T15:08:19.592+0700][20674.851s] GC(12)   Pre Evacuate Collection Set: 3.4ms
[2023-08-31T15:08:19.592+0700][20674.851s] GC(12)   Evacuate Collection Set: 242.7ms
[2023-08-31T15:08:19.592+0700][20674.851s] GC(12)   Post Evacuate Collection Set: 16.4ms
[2023-08-31T15:08:19.593+0700][20674.851s] GC(12)   Other: 10.6ms
[2023-08-31T15:08:19.593+0700][20674.852s] GC(12) Eden regions: 287->0(287)
[2023-08-31T15:08:19.593+0700][20674.852s] GC(12) Survivor regions: 20->20(39)
[2023-08-31T15:08:19.593+0700][20674.852s] GC(12) Old regions: 21->21
[2023-08-31T15:08:19.593+0700][20674.852s] GC(12) Humongous regions: 4->4
[2023-08-31T15:08:19.593+0700][20674.852s] GC(12) Metaspace: 63116K(64896K)->63116K(64896K) NonClass: 56030K(57088K)->56030K(57088K) Class: 7085K(7808K)->7085K(7808K)
[2023-08-31T15:08:19.594+0700][20674.853s] GC(12) Pause Young (Normal) (G1 Evacuation Pause) 330M->43M(512M) 273.259ms
[2023-08-31T15:08:19.594+0700][20674.853s] GC(12) User=0.14s Sys=0.42s Real=0.27s
[2023-08-31T19:12:48.992+0700][35344.251s] GC(13) Pause Young (Normal) (G1 Evacuation Pause)
[2023-08-31T19:12:48.994+0700][35344.253s] GC(13) Using 8 workers of 8 for evacuation
[2023-08-31T19:12:49.191+0700][35344.450s] GC(13)   Pre Evacuate Collection Set: 2.5ms
[2023-08-31T19:12:49.191+0700][35344.450s] GC(13)   Evacuate Collection Set: 175.2ms
[2023-08-31T19:12:49.191+0700][35344.450s] GC(13)   Post Evacuate Collection Set: 12.1ms
[2023-08-31T19:12:49.191+0700][35344.450s] GC(13)   Other: 12.4ms
[2023-08-31T19:12:49.191+0700][35344.450s] GC(13) Eden regions: 287->0(287)
[2023-08-31T19:12:49.191+0700][35344.450s] GC(13) Survivor regions: 20->20(39)
[2023-08-31T19:12:49.191+0700][35344.450s] GC(13) Old regions: 21->21
[2023-08-31T19:12:49.191+0700][35344.450s] GC(13) Humongous regions: 4->4
[2023-08-31T19:12:49.191+0700][35344.450s] GC(13) Metaspace: 63312K(65152K)->63312K(65152K) NonClass: 56226K(57344K)->56226K(57344K) Class: 7086K(7808K)->7086K(7808K)
[2023-08-31T19:12:49.191+0700][35344.450s] GC(13) Pause Young (Normal) (G1 Evacuation Pause) 330M->43M(512M) 200.497ms
[2023-08-31T19:12:49.191+0700][35344.450s] GC(13) User=0.03s Sys=0.05s Real=0.20s
[2023-09-01T09:34:22.940+0700][87039.742s] GC(14) Pause Young (Normal) (G1 Evacuation Pause)
[2023-09-01T09:34:22.943+0700][87039.744s] GC(14) Using 8 workers of 8 for evacuation
[2023-09-01T09:34:23.120+0700][87039.920s] GC(14)   Pre Evacuate Collection Set: 3.0ms
[2023-09-01T09:34:23.120+0700][87039.920s] GC(14)   Evacuate Collection Set: 149.8ms
[2023-09-01T09:34:23.120+0700][87039.920s] GC(14)   Post Evacuate Collection Set: 15.3ms
[2023-09-01T09:34:23.120+0700][87039.921s] GC(14)   Other: 15.6ms
[2023-09-01T09:34:23.120+0700][87039.921s] GC(14) Eden regions: 287->0(288)
[2023-09-01T09:34:23.120+0700][87039.921s] GC(14) Survivor regions: 20->19(39)
[2023-09-01T09:34:23.120+0700][87039.921s] GC(14) Old regions: 21->21
[2023-09-01T09:34:23.120+0700][87039.921s] GC(14) Humongous regions: 4->4
[2023-09-01T09:34:23.120+0700][87039.921s] GC(14) Metaspace: 63445K(65152K)->63445K(65152K) NonClass: 56358K(57344K)->56358K(57344K) Class: 7086K(7808K)->7086K(7808K)
[2023-09-01T09:34:23.121+0700][87039.921s] GC(14) Pause Young (Normal) (G1 Evacuation Pause) 330M->43M(512M) 180.578ms
[2023-09-01T09:34:23.121+0700][87039.921s] GC(14) User=0.05s Sys=0.17s Real=0.18s
