[2023-08-30T11:28:34.615+0700][0.031s] Heap region size: 1M
[2023-08-30T11:28:35.436+0700][0.853s] Using G1
[2023-08-30T11:28:35.437+0700][0.853s] Heap address: 0x00000000e0000000, size: 512 MB, Compressed Oops mode: 32-bit
[2023-08-30T11:28:46.832+0700][12.249s] GC(0) Pause Young (Normal) (G1 Evacuation Pause)
[2023-08-30T11:28:46.834+0700][12.249s] GC(0) Using 8 workers of 8 for evacuation
[2023-08-30T11:28:46.874+0700][12.289s] GC(0)   Pre Evacuate Collection Set: 0.1ms
[2023-08-30T11:28:46.875+0700][12.290s] GC(0)   Evacuate Collection Set: 31.6ms
[2023-08-30T11:28:46.875+0700][12.290s] GC(0)   Post Evacuate Collection Set: 7.8ms
[2023-08-30T11:28:46.875+0700][12.290s] GC(0)   Other: 2.2ms
[2023-08-30T11:28:46.875+0700][12.290s] GC(0) Eden regions: 30->0(303)
[2023-08-30T11:28:46.877+0700][12.293s] GC(0) Survivor regions: 0->4(4)
[2023-08-30T11:28:46.877+0700][12.293s] GC(0) Old regions: 0->0
[2023-08-30T11:28:46.877+0700][12.293s] GC(0) Humongous regions: 0->0
[2023-08-30T11:28:46.877+0700][12.293s] GC(0) Metaspace: 16285K(16896K)->16285K(16896K) NonClass: 14532K(14848K)->14532K(14848K) Class: 1752K(2048K)->1752K(2048K)
[2023-08-30T11:28:46.877+0700][12.293s] GC(0) Pause Young (Normal) (G1 Evacuation Pause) 30M->3M(512M) 44.170ms
[2023-08-30T11:28:46.877+0700][12.293s] GC(0) User=0.12s Sys=0.00s Real=0.05s
[2023-08-30T11:28:48.285+0700][13.701s] GC(1) Pause Young (Concurrent Start) (Metadata GC Threshold)
[2023-08-30T11:28:48.285+0700][13.701s] GC(1) Using 8 workers of 8 for evacuation
[2023-08-30T11:28:48.327+0700][13.743s] GC(1)   Pre Evacuate Collection Set: 0.1ms
[2023-08-30T11:28:48.327+0700][13.743s] GC(1)   Evacuate Collection Set: 40.1ms
[2023-08-30T11:28:48.327+0700][13.743s] GC(1)   Post Evacuate Collection Set: 1.0ms
[2023-08-30T11:28:48.327+0700][13.743s] GC(1)   Other: 0.9ms
[2023-08-30T11:28:48.327+0700][13.743s] GC(1) Eden regions: 18->0(45)
[2023-08-30T11:28:48.327+0700][13.743s] GC(1) Survivor regions: 4->12(39)
[2023-08-30T11:28:48.327+0700][13.743s] GC(1) Old regions: 0->0
[2023-08-30T11:28:48.327+0700][13.743s] GC(1) Humongous regions: 4->4
[2023-08-30T11:28:48.328+0700][13.743s] GC(1) Metaspace: 20690K(21248K)->20690K(21248K) NonClass: 18430K(18688K)->18430K(18688K) Class: 2259K(2560K)->2259K(2560K)
[2023-08-30T11:28:48.328+0700][13.743s] GC(1) Pause Young (Concurrent Start) (Metadata GC Threshold) 25M->15M(512M) 42.403ms
[2023-08-30T11:28:48.328+0700][13.743s] GC(1) User=0.28s Sys=0.00s Real=0.04s
[2023-08-30T11:28:48.328+0700][13.744s] GC(2) Concurrent Cycle
[2023-08-30T11:28:48.328+0700][13.744s] GC(2) Concurrent Clear Claimed Marks
[2023-08-30T11:28:48.328+0700][13.744s] GC(2) Concurrent Clear Claimed Marks 0.072ms
[2023-08-30T11:28:48.328+0700][13.744s] GC(2) Concurrent Scan Root Regions
[2023-08-30T11:28:48.336+0700][13.752s] GC(2) Concurrent Scan Root Regions 8.012ms
[2023-08-30T11:28:48.336+0700][13.752s] GC(2) Concurrent Mark (13.752s)
[2023-08-30T11:28:48.336+0700][13.752s] GC(2) Concurrent Mark From Roots
[2023-08-30T11:28:48.336+0700][13.752s] GC(2) Using 2 workers of 2 for marking
[2023-08-30T11:28:48.341+0700][13.756s] GC(2) Concurrent Mark From Roots 3.874ms
[2023-08-30T11:28:48.341+0700][13.756s] GC(2) Concurrent Preclean
[2023-08-30T11:28:48.341+0700][13.757s] GC(2) Concurrent Preclean 0.297ms
[2023-08-30T11:28:48.341+0700][13.757s] GC(2) Concurrent Mark (13.752s, 13.757s) 4.729ms
[2023-08-30T11:28:48.343+0700][13.759s] GC(2) Pause Remark
[2023-08-30T11:28:48.346+0700][13.762s] GC(2) Cleaned string and symbol table, strings: 10200 processed, 0 removed, symbols: 68949 processed, 23 removed
[2023-08-30T11:28:48.346+0700][13.762s] GC(2) Pause Remark 16M->16M(512M) 3.152ms
[2023-08-30T11:28:48.346+0700][13.762s] GC(2) User=0.00s Sys=0.00s Real=0.00s
[2023-08-30T11:28:48.346+0700][13.762s] GC(2) Concurrent Rebuild Remembered Sets
[2023-08-30T11:28:48.352+0700][13.768s] GC(2) Concurrent Rebuild Remembered Sets 5.382ms
[2023-08-30T11:28:48.352+0700][13.768s] GC(2) Pause Cleanup
[2023-08-30T11:28:48.352+0700][13.768s] GC(2) Pause Cleanup 16M->16M(512M) 0.200ms
[2023-08-30T11:28:48.352+0700][13.768s] GC(2) User=0.00s Sys=0.00s Real=0.00s
[2023-08-30T11:28:48.353+0700][13.768s] GC(2) Concurrent Cleanup for Next Mark
[2023-08-30T11:28:48.355+0700][13.771s] GC(2) Concurrent Cleanup for Next Mark 2.511ms
[2023-08-30T11:28:48.355+0700][13.771s] GC(2) Concurrent Cycle 27.301ms
[2023-08-30T11:28:50.568+0700][15.984s] GC(3) Pause Young (Normal) (G1 Evacuation Pause)
[2023-08-30T11:28:50.569+0700][15.984s] GC(3) Using 8 workers of 8 for evacuation
[2023-08-30T11:28:50.600+0700][16.016s] GC(3)   Pre Evacuate Collection Set: 0.1ms
[2023-08-30T11:28:50.600+0700][16.016s] GC(3)   Evacuate Collection Set: 30.5ms
[2023-08-30T11:28:50.600+0700][16.016s] GC(3)   Post Evacuate Collection Set: 1.0ms
[2023-08-30T11:28:50.600+0700][16.016s] GC(3)   Other: 0.6ms
[2023-08-30T11:28:50.600+0700][16.016s] GC(3) Eden regions: 27->0(67)
[2023-08-30T11:28:50.600+0700][16.016s] GC(3) Survivor regions: 12->5(5)
[2023-08-30T11:28:50.600+0700][16.016s] GC(3) Old regions: 0->13
[2023-08-30T11:28:50.600+0700][16.016s] GC(3) Humongous regions: 4->4
[2023-08-30T11:28:50.600+0700][16.017s] GC(3) Metaspace: 24376K(25216K)->24376K(25216K) NonClass: 21717K(22272K)->21717K(22272K) Class: 2658K(2944K)->2658K(2944K)
[2023-08-30T11:28:50.600+0700][16.017s] GC(3) Pause Young (Normal) (G1 Evacuation Pause) 42M->21M(512M) 32.791ms
[2023-08-30T11:28:50.601+0700][16.017s] GC(3) User=0.11s Sys=0.00s Real=0.03s
[2023-08-30T11:28:53.849+0700][19.265s] GC(4) Pause Young (Normal) (G1 Evacuation Pause)
[2023-08-30T11:28:53.849+0700][19.265s] GC(4) Using 8 workers of 8 for evacuation
[2023-08-30T11:28:53.857+0700][19.273s] GC(4)   Pre Evacuate Collection Set: 0.1ms
[2023-08-30T11:28:53.857+0700][19.273s] GC(4)   Evacuate Collection Set: 4.8ms
[2023-08-30T11:28:53.857+0700][19.273s] GC(4)   Post Evacuate Collection Set: 2.9ms
[2023-08-30T11:28:53.857+0700][19.273s] GC(4)   Other: 0.4ms
[2023-08-30T11:28:53.857+0700][19.273s] GC(4) Eden regions: 67->0(92)
[2023-08-30T11:28:53.857+0700][19.273s] GC(4) Survivor regions: 5->9(9)
[2023-08-30T11:28:53.857+0700][19.273s] GC(4) Old regions: 13->13
[2023-08-30T11:28:53.857+0700][19.273s] GC(4) Humongous regions: 4->4
[2023-08-30T11:28:53.857+0700][19.273s] GC(4) Metaspace: 31589K(32384K)->31589K(32384K) NonClass: 28148K(28672K)->28148K(28672K) Class: 3440K(3712K)->3440K(3712K)
[2023-08-30T11:28:53.858+0700][19.273s] GC(4) Pause Young (Normal) (G1 Evacuation Pause) 88M->24M(512M) 8.476ms
[2023-08-30T11:28:53.858+0700][19.273s] GC(4) User=0.08s Sys=0.00s Real=0.01s
[2023-08-30T11:28:55.106+0700][20.522s] GC(5) Pause Young (Concurrent Start) (Metadata GC Threshold)
[2023-08-30T11:28:55.107+0700][20.522s] GC(5) Using 8 workers of 8 for evacuation
[2023-08-30T11:28:55.118+0700][20.534s] GC(5)   Pre Evacuate Collection Set: 0.2ms
[2023-08-30T11:28:55.118+0700][20.534s] GC(5)   Evacuate Collection Set: 11.1ms
[2023-08-30T11:28:55.118+0700][20.535s] GC(5)   Post Evacuate Collection Set: 0.7ms
[2023-08-30T11:28:55.119+0700][20.535s] GC(5)   Other: 0.8ms
[2023-08-30T11:28:55.119+0700][20.535s] GC(5) Eden regions: 33->0(107)
[2023-08-30T11:28:55.119+0700][20.535s] GC(5) Survivor regions: 9->5(13)
[2023-08-30T11:28:55.119+0700][20.535s] GC(5) Old regions: 13->17
[2023-08-30T11:28:55.119+0700][20.535s] GC(5) Humongous regions: 4->4
[2023-08-30T11:28:55.119+0700][20.535s] GC(5) Metaspace: 34970K(35840K)->34970K(35840K) NonClass: 31127K(31616K)->31127K(31616K) Class: 3843K(4224K)->3843K(4224K)
[2023-08-30T11:28:55.119+0700][20.535s] GC(5) Pause Young (Concurrent Start) (Metadata GC Threshold) 56M->24M(512M) 13.145ms
[2023-08-30T11:28:55.119+0700][20.535s] GC(5) User=0.00s Sys=0.02s Real=0.01s
[2023-08-30T11:28:55.119+0700][20.535s] GC(6) Concurrent Cycle
[2023-08-30T11:28:55.119+0700][20.535s] GC(6) Concurrent Clear Claimed Marks
[2023-08-30T11:28:55.119+0700][20.535s] GC(6) Concurrent Clear Claimed Marks 0.104ms
[2023-08-30T11:28:55.119+0700][20.535s] GC(6) Concurrent Scan Root Regions
[2023-08-30T11:28:55.124+0700][20.539s] GC(6) Concurrent Scan Root Regions 4.127ms
[2023-08-30T11:28:55.124+0700][20.540s] GC(6) Concurrent Mark (20.540s)
[2023-08-30T11:28:55.124+0700][20.540s] GC(6) Concurrent Mark From Roots
[2023-08-30T11:28:55.124+0700][20.540s] GC(6) Using 2 workers of 2 for marking
[2023-08-30T11:28:55.176+0700][20.592s] GC(6) Concurrent Mark From Roots 51.845ms
[2023-08-30T11:28:55.176+0700][20.592s] GC(6) Concurrent Preclean
[2023-08-30T11:28:55.176+0700][20.592s] GC(6) Concurrent Preclean 0.283ms
[2023-08-30T11:28:55.176+0700][20.592s] GC(6) Concurrent Mark (20.540s, 20.592s) 52.362ms
[2023-08-30T11:28:55.176+0700][20.593s] GC(6) Pause Remark
[2023-08-30T11:28:55.184+0700][20.599s] GC(6) Cleaned string and symbol table, strings: 16156 processed, 22 removed, symbols: 115668 processed, 41 removed
[2023-08-30T11:28:55.184+0700][20.600s] GC(6) Pause Remark 25M->25M(512M) 7.012ms
[2023-08-30T11:28:55.184+0700][20.600s] GC(6) User=0.02s Sys=0.00s Real=0.01s
[2023-08-30T11:28:55.184+0700][20.600s] GC(6) Concurrent Rebuild Remembered Sets
[2023-08-30T11:28:55.206+0700][20.621s] GC(6) Concurrent Rebuild Remembered Sets 21.358ms
[2023-08-30T11:28:55.207+0700][20.623s] GC(6) Pause Cleanup
[2023-08-30T11:28:55.208+0700][20.623s] GC(6) Pause Cleanup 26M->26M(512M) 0.276ms
[2023-08-30T11:28:55.208+0700][20.623s] GC(6) User=0.00s Sys=0.00s Real=0.00s
[2023-08-30T11:28:55.208+0700][20.623s] GC(6) Concurrent Cleanup for Next Mark
[2023-08-30T11:28:55.210+0700][20.626s] GC(6) Concurrent Cleanup for Next Mark 2.635ms
[2023-08-30T11:28:55.210+0700][20.626s] GC(6) Concurrent Cycle 90.851ms
[2023-08-30T11:28:58.231+0700][23.648s] GC(7) Pause Young (Concurrent Start) (G1 Evacuation Pause)
[2023-08-30T11:28:58.231+0700][23.648s] GC(7) Using 8 workers of 8 for evacuation
[2023-08-30T11:28:58.251+0700][23.667s] GC(7)   Pre Evacuate Collection Set: 0.1ms
[2023-08-30T11:28:58.251+0700][23.667s] GC(7)   Evacuate Collection Set: 17.1ms
[2023-08-30T11:28:58.251+0700][23.667s] GC(7)   Post Evacuate Collection Set: 1.3ms
[2023-08-30T11:28:58.251+0700][23.667s] GC(7)   Other: 0.5ms
[2023-08-30T11:28:58.251+0700][23.667s] GC(7) Eden regions: 111->0(166)
[2023-08-30T11:28:58.251+0700][23.667s] GC(7) Survivor regions: 5->11(15)
[2023-08-30T11:28:58.251+0700][23.667s] GC(7) Old regions: 17->17
[2023-08-30T11:28:58.251+0700][23.667s] GC(7) Humongous regions: 5->4
[2023-08-30T11:28:58.251+0700][23.667s] GC(7) Metaspace: 45532K(46592K)->45532K(46592K) NonClass: 40361K(40960K)->40361K(40960K) Class: 5171K(5632K)->5171K(5632K)
[2023-08-30T11:28:58.251+0700][23.667s] GC(7) Pause Young (Concurrent Start) (G1 Evacuation Pause) 136M->30M(512M) 19.365ms
[2023-08-30T11:28:58.251+0700][23.667s] GC(7) User=0.11s Sys=0.00s Real=0.02s
[2023-08-30T11:28:58.251+0700][23.667s] GC(8) Concurrent Cycle
[2023-08-30T11:28:58.251+0700][23.667s] GC(8) Concurrent Clear Claimed Marks
[2023-08-30T11:28:58.252+0700][23.667s] GC(8) Concurrent Clear Claimed Marks 0.182ms
[2023-08-30T11:28:58.252+0700][23.668s] GC(8) Concurrent Scan Root Regions
[2023-08-30T11:28:58.259+0700][23.675s] GC(8) Concurrent Scan Root Regions 7.314ms
[2023-08-30T11:28:58.259+0700][23.675s] GC(8) Concurrent Mark (23.675s)
[2023-08-30T11:28:58.259+0700][23.675s] GC(8) Concurrent Mark From Roots
[2023-08-30T11:28:58.259+0700][23.675s] GC(8) Using 2 workers of 2 for marking
[2023-08-30T11:28:58.296+0700][23.711s] GC(8) Concurrent Mark From Roots 36.226ms
[2023-08-30T11:28:58.296+0700][23.711s] GC(8) Concurrent Preclean
[2023-08-30T11:28:58.296+0700][23.712s] GC(8) Concurrent Preclean 0.325ms
[2023-08-30T11:28:58.296+0700][23.712s] GC(8) Concurrent Mark (23.675s, 23.712s) 36.837ms
[2023-08-30T11:28:58.296+0700][23.712s] GC(8) Pause Remark
[2023-08-30T11:28:58.306+0700][23.722s] GC(8) Cleaned string and symbol table, strings: 20404 processed, 5 removed, symbols: 147219 processed, 61 removed
[2023-08-30T11:28:58.306+0700][23.723s] GC(8) Pause Remark 32M->32M(512M) 10.728ms
[2023-08-30T11:28:58.308+0700][23.723s] GC(8) User=0.05s Sys=0.00s Real=0.01s
[2023-08-30T11:28:58.308+0700][23.723s] GC(8) Concurrent Rebuild Remembered Sets
[2023-08-30T11:28:58.329+0700][23.744s] GC(8) Concurrent Rebuild Remembered Sets 21.351ms
[2023-08-30T11:28:58.329+0700][23.745s] GC(8) Pause Cleanup
[2023-08-30T11:28:58.330+0700][23.745s] GC(8) Pause Cleanup 33M->33M(512M) 0.254ms
[2023-08-30T11:28:58.330+0700][23.745s] GC(8) User=0.00s Sys=0.00s Real=0.00s
[2023-08-30T11:28:58.330+0700][23.745s] GC(8) Concurrent Cleanup for Next Mark
[2023-08-30T11:28:58.332+0700][23.748s] GC(8) Concurrent Cleanup for Next Mark 2.418ms
[2023-08-30T11:28:58.332+0700][23.748s] GC(8) Concurrent Cycle 80.790ms
[2023-08-30T11:29:01.407+0700][26.822s] GC(9) Pause Young (Normal) (G1 Evacuation Pause)
[2023-08-30T11:29:01.407+0700][26.822s] GC(9) Using 8 workers of 8 for evacuation
[2023-08-30T11:29:01.428+0700][26.844s] GC(9)   Pre Evacuate Collection Set: 0.0ms
[2023-08-30T11:29:01.428+0700][26.844s] GC(9)   Evacuate Collection Set: 19.5ms
[2023-08-30T11:29:01.428+0700][26.844s] GC(9)   Post Evacuate Collection Set: 1.4ms
[2023-08-30T11:29:01.428+0700][26.844s] GC(9)   Other: 0.4ms
[2023-08-30T11:29:01.428+0700][26.844s] GC(9) Eden regions: 173->0(290)
[2023-08-30T11:29:01.428+0700][26.844s] GC(9) Survivor regions: 11->17(23)
[2023-08-30T11:29:01.428+0700][26.844s] GC(9) Old regions: 17->17
[2023-08-30T11:29:01.428+0700][26.844s] GC(9) Humongous regions: 4->4
[2023-08-30T11:29:01.428+0700][26.844s] GC(9) Metaspace: 53009K(54400K)->53009K(54400K) NonClass: 46809K(47616K)->46809K(47616K) Class: 6200K(6784K)->6200K(6784K)
[2023-08-30T11:29:01.428+0700][26.844s] GC(9) Pause Young (Normal) (G1 Evacuation Pause) 203M->36M(512M) 21.734ms
[2023-08-30T11:29:01.428+0700][26.844s] GC(9) User=0.09s Sys=0.02s Real=0.02s
[2023-08-30T11:54:42.712+0700][1568.129s] GC(10) Pause Young (Normal) (G1 Evacuation Pause)
[2023-08-30T11:54:42.715+0700][1568.131s] GC(10) Using 8 workers of 8 for evacuation
[2023-08-30T11:54:42.849+0700][1568.264s] GC(10)   Pre Evacuate Collection Set: 1.8ms
[2023-08-30T11:54:42.849+0700][1568.265s] GC(10)   Evacuate Collection Set: 115.1ms
[2023-08-30T11:54:42.849+0700][1568.265s] GC(10)   Post Evacuate Collection Set: 9.0ms
[2023-08-30T11:54:42.849+0700][1568.265s] GC(10)   Other: 12.7ms
[2023-08-30T11:54:42.849+0700][1568.265s] GC(10) Eden regions: 290->0(286)
[2023-08-30T11:54:42.849+0700][1568.265s] GC(10) Survivor regions: 17->21(39)
[2023-08-30T11:54:42.850+0700][1568.265s] GC(10) Old regions: 17->17
[2023-08-30T11:54:42.850+0700][1568.265s] GC(10) Humongous regions: 4->4
[2023-08-30T11:54:42.850+0700][1568.265s] GC(10) Metaspace: 59844K(61312K)->59844K(61312K) NonClass: 52945K(53760K)->52945K(53760K) Class: 6898K(7552K)->6898K(7552K)
[2023-08-30T11:54:42.850+0700][1568.266s] GC(10) Pause Young (Normal) (G1 Evacuation Pause) 326M->40M(512M) 137.616ms
[2023-08-30T11:54:42.850+0700][1568.266s] GC(10) User=0.22s Sys=0.34s Real=0.14s
[2023-08-30T13:40:32.926+0700][7918.343s] GC(11) Pause Young (Normal) (G1 Evacuation Pause)
[2023-08-30T13:40:32.929+0700][7918.345s] GC(11) Using 8 workers of 8 for evacuation
[2023-08-30T13:40:33.312+0700][7918.728s] GC(11) MMU target violated: 251.0ms (250.0ms/251.0ms)
[2023-08-30T13:40:33.313+0700][7918.729s] GC(11)   Pre Evacuate Collection Set: 1.4ms
[2023-08-30T13:40:33.313+0700][7918.729s] GC(11)   Evacuate Collection Set: 357.5ms
[2023-08-30T13:40:33.313+0700][7918.729s] GC(11)   Post Evacuate Collection Set: 15.1ms
[2023-08-30T13:40:33.313+0700][7918.729s] GC(11)   Other: 15.5ms
[2023-08-30T13:40:33.313+0700][7918.729s] GC(11) Eden regions: 286->0(285)
[2023-08-30T13:40:33.313+0700][7918.729s] GC(11) Survivor regions: 21->22(39)
[2023-08-30T13:40:33.313+0700][7918.729s] GC(11) Old regions: 17->17
[2023-08-30T13:40:33.313+0700][7918.729s] GC(11) Humongous regions: 4->4
[2023-08-30T13:40:33.313+0700][7918.729s] GC(11) Metaspace: 60979K(62592K)->60979K(62592K) NonClass: 54038K(55040K)->54038K(55040K) Class: 6940K(7552K)->6940K(7552K)
[2023-08-30T13:40:33.314+0700][7918.730s] GC(11) Pause Young (Normal) (G1 Evacuation Pause) 326M->41M(512M) 387.862ms
[2023-08-30T13:40:33.314+0700][7918.730s] GC(11) User=0.11s Sys=0.22s Real=0.39s
[2023-08-30T14:06:59.277+0700][9504.695s] GC(12) Pause Young (Normal) (G1 Evacuation Pause)
[2023-08-30T14:06:59.282+0700][9504.698s] GC(12) Using 8 workers of 8 for evacuation
[2023-08-30T14:06:59.386+0700][9504.802s] GC(12)   Pre Evacuate Collection Set: 2.4ms
[2023-08-30T14:06:59.386+0700][9504.802s] GC(12)   Evacuate Collection Set: 87.7ms
[2023-08-30T14:06:59.386+0700][9504.802s] GC(12)   Post Evacuate Collection Set: 7.8ms
[2023-08-30T14:06:59.387+0700][9504.802s] GC(12)   Other: 12.8ms
[2023-08-30T14:06:59.387+0700][9504.802s] GC(12) Eden regions: 285->0(286)
[2023-08-30T14:06:59.387+0700][9504.802s] GC(12) Survivor regions: 22->21(39)
[2023-08-30T14:06:59.387+0700][9504.802s] GC(12) Old regions: 17->17
[2023-08-30T14:06:59.387+0700][9504.802s] GC(12) Humongous regions: 4->4
[2023-08-30T14:06:59.387+0700][9504.802s] GC(12) Metaspace: 61547K(63104K)->61547K(63104K) NonClass: 54606K(55552K)->54606K(55552K) Class: 6940K(7552K)->6940K(7552K)
[2023-08-30T14:06:59.387+0700][9504.802s] GC(12) Pause Young (Normal) (G1 Evacuation Pause) 326M->41M(512M) 109.337ms
[2023-08-30T14:06:59.387+0700][9504.802s] GC(12) User=0.05s Sys=0.08s Real=0.11s
[2023-08-30T14:23:16.270+0700][10481.687s] GC(13) Pause Young (Normal) (G1 Evacuation Pause)
[2023-08-30T14:23:16.272+0700][10481.688s] GC(13) Using 8 workers of 8 for evacuation
[2023-08-30T14:23:16.436+0700][10481.852s] GC(13)   Pre Evacuate Collection Set: 2.3ms
[2023-08-30T14:23:16.436+0700][10481.852s] GC(13)   Evacuate Collection Set: 146.6ms
[2023-08-30T14:23:16.436+0700][10481.852s] GC(13)   Post Evacuate Collection Set: 11.3ms
[2023-08-30T14:23:16.436+0700][10481.852s] GC(13)   Other: 6.9ms
[2023-08-30T14:23:16.436+0700][10481.852s] GC(13) Eden regions: 286->0(285)
[2023-08-30T14:23:16.436+0700][10481.852s] GC(13) Survivor regions: 21->22(39)
[2023-08-30T14:23:16.436+0700][10481.852s] GC(13) Old regions: 17->17
[2023-08-30T14:23:16.436+0700][10481.852s] GC(13) Humongous regions: 4->4
[2023-08-30T14:23:16.436+0700][10481.853s] GC(13) Metaspace: 62295K(64000K)->62295K(64000K) NonClass: 55307K(56320K)->55307K(56320K) Class: 6987K(7680K)->6987K(7680K)
[2023-08-30T14:23:16.437+0700][10481.854s] GC(13) Pause Young (Normal) (G1 Evacuation Pause) 327M->41M(512M) 167.425ms
[2023-08-30T14:23:16.438+0700][10481.854s] GC(13) User=0.14s Sys=0.33s Real=0.17s
[2023-08-30T15:04:07.821+0700][12933.237s] GC(14) Pause Young (Normal) (G1 Evacuation Pause)
[2023-08-30T15:04:07.825+0700][12933.240s] GC(14) Using 8 workers of 8 for evacuation
[2023-08-30T15:04:08.253+0700][12933.669s] GC(14) MMU target violated: 251.0ms (250.0ms/251.0ms)
[2023-08-30T15:04:08.254+0700][12933.669s] GC(14)   Pre Evacuate Collection Set: 4.4ms
[2023-08-30T15:04:08.254+0700][12933.669s] GC(14)   Evacuate Collection Set: 390.2ms
[2023-08-30T15:04:08.254+0700][12933.669s] GC(14)   Post Evacuate Collection Set: 27.3ms
[2023-08-30T15:04:08.254+0700][12933.670s] GC(14)   Other: 14.5ms
[2023-08-30T15:04:08.254+0700][12933.670s] GC(14) Eden regions: 285->0(289)
[2023-08-30T15:04:08.254+0700][12933.670s] GC(14) Survivor regions: 22->18(39)
[2023-08-30T15:04:08.254+0700][12933.670s] GC(14) Old regions: 17->20
[2023-08-30T15:04:08.254+0700][12933.670s] GC(14) Humongous regions: 4->4
[2023-08-30T15:04:08.254+0700][12933.670s] GC(14) Metaspace: 62476K(64256K)->62476K(64256K) NonClass: 55486K(56576K)->55486K(56576K) Class: 6989K(7680K)->6989K(7680K)
[2023-08-30T15:04:08.254+0700][12933.670s] GC(14) Pause Young (Normal) (G1 Evacuation Pause) 326M->41M(512M) 434.250ms
[2023-08-30T15:04:08.254+0700][12933.670s] GC(14) User=0.16s Sys=0.95s Real=0.43s
