[2023-08-25T09:16:36.200+0700][0.019s] Heap region size: 1M
[2023-08-25T09:16:36.389+0700][0.201s] Using G1
[2023-08-25T09:16:36.389+0700][0.201s] Heap address: 0x00000000e0000000, size: 512 MB, Compressed Oops mode: 32-bit
[2023-08-25T09:16:42.989+0700][6.796s] GC(0) Pause Young (Normal) (G1 Evacuation Pause)
[2023-08-25T09:16:42.989+0700][6.797s] GC(0) Using 8 workers of 8 for evacuation
[2023-08-25T09:16:42.991+0700][6.803s] GC(0)   Pre Evacuate Collection Set: 0.0ms
[2023-08-25T09:16:42.991+0700][6.803s] GC(0)   Evacuate Collection Set: 3.9ms
[2023-08-25T09:16:42.991+0700][6.803s] GC(0)   Post Evacuate Collection Set: 1.5ms
[2023-08-25T09:16:42.991+0700][6.803s] GC(0)   Other: 2.1ms
[2023-08-25T09:16:42.991+0700][6.803s] GC(0) Eden regions: 30->0(303)
[2023-08-25T09:16:42.991+0700][6.803s] GC(0) Survivor regions: 0->4(4)
[2023-08-25T09:16:42.991+0700][6.803s] GC(0) Old regions: 0->1
[2023-08-25T09:16:42.991+0700][6.803s] GC(0) Humongous regions: 0->0
[2023-08-25T09:16:42.991+0700][6.803s] GC(0) Metaspace: 16275K(16896K)->16275K(16896K) NonClass: 14521K(14848K)->14521K(14848K) Class: 1754K(2048K)->1754K(2048K)
[2023-08-25T09:16:42.991+0700][6.803s] GC(0) Pause Young (Normal) (G1 Evacuation Pause) 30M->4M(512M) 7.108ms
[2023-08-25T09:16:42.991+0700][6.803s] GC(0) User=0.00s Sys=0.00s Real=0.00s
[2023-08-25T09:16:43.353+0700][7.173s] GC(1) Pause Young (Concurrent Start) (Metadata GC Threshold)
[2023-08-25T09:16:43.353+0700][7.173s] GC(1) Using 8 workers of 8 for evacuation
[2023-08-25T09:16:43.368+0700][7.188s] GC(1)   Pre Evacuate Collection Set: 0.0ms
[2023-08-25T09:16:43.368+0700][7.188s] GC(1)   Evacuate Collection Set: 12.6ms
[2023-08-25T09:16:43.368+0700][7.188s] GC(1)   Post Evacuate Collection Set: 1.3ms
[2023-08-25T09:16:43.368+0700][7.188s] GC(1)   Other: 0.9ms
[2023-08-25T09:16:43.368+0700][7.188s] GC(1) Eden regions: 18->0(50)
[2023-08-25T09:16:43.368+0700][7.188s] GC(1) Survivor regions: 4->12(39)
[2023-08-25T09:16:43.368+0700][7.188s] GC(1) Old regions: 1->1
[2023-08-25T09:16:43.368+0700][7.188s] GC(1) Humongous regions: 4->4
[2023-08-25T09:16:43.368+0700][7.188s] GC(1) Metaspace: 20621K(21248K)->20621K(21248K) NonClass: 18369K(18688K)->18369K(18688K) Class: 2252K(2560K)->2252K(2560K)
[2023-08-25T09:16:43.368+0700][7.188s] GC(1) Pause Young (Concurrent Start) (Metadata GC Threshold) 26M->16M(512M) 14.975ms
[2023-08-25T09:16:43.368+0700][7.188s] GC(1) User=0.02s Sys=0.00s Real=0.02s
[2023-08-25T09:16:43.368+0700][7.188s] GC(2) Concurrent Cycle
[2023-08-25T09:16:43.368+0700][7.188s] GC(2) Concurrent Clear Claimed Marks
[2023-08-25T09:16:43.368+0700][7.189s] GC(2) Concurrent Clear Claimed Marks 0.031ms
[2023-08-25T09:16:43.368+0700][7.189s] GC(2) Concurrent Scan Root Regions
[2023-08-25T09:16:43.384+0700][7.193s] GC(2) Concurrent Scan Root Regions 4.571ms
[2023-08-25T09:16:43.384+0700][7.193s] GC(2) Concurrent Mark (7.193s)
[2023-08-25T09:16:43.384+0700][7.193s] GC(2) Concurrent Mark From Roots
[2023-08-25T09:16:43.384+0700][7.193s] GC(2) Using 2 workers of 2 for marking
[2023-08-25T09:16:43.384+0700][7.194s] GC(2) Concurrent Mark From Roots 0.956ms
[2023-08-25T09:16:43.384+0700][7.194s] GC(2) Concurrent Preclean
[2023-08-25T09:16:43.384+0700][7.194s] GC(2) Concurrent Preclean 0.084ms
[2023-08-25T09:16:43.384+0700][7.194s] GC(2) Concurrent Mark (7.193s, 7.194s) 1.204ms
[2023-08-25T09:16:43.384+0700][7.195s] GC(2) Pause Remark
[2023-08-25T09:16:43.384+0700][7.197s] GC(2) Cleaned string and symbol table, strings: 10185 processed, 0 removed, symbols: 68809 processed, 23 removed
[2023-08-25T09:16:43.384+0700][7.197s] GC(2) Pause Remark 16M->16M(512M) 2.562ms
[2023-08-25T09:16:43.384+0700][7.197s] GC(2) User=0.00s Sys=0.00s Real=0.00s
[2023-08-25T09:16:43.384+0700][7.197s] GC(2) Concurrent Rebuild Remembered Sets
[2023-08-25T09:16:43.384+0700][7.199s] GC(2) Concurrent Rebuild Remembered Sets 1.629ms
[2023-08-25T09:16:43.384+0700][7.200s] GC(2) Pause Cleanup
[2023-08-25T09:16:43.384+0700][7.200s] GC(2) Pause Cleanup 16M->16M(512M) 0.237ms
[2023-08-25T09:16:43.384+0700][7.200s] GC(2) User=0.00s Sys=0.00s Real=0.00s
[2023-08-25T09:16:43.384+0700][7.200s] GC(2) Concurrent Cleanup for Next Mark
[2023-08-25T09:16:43.384+0700][7.201s] GC(2) Concurrent Cleanup for Next Mark 1.352ms
[2023-08-25T09:16:43.384+0700][7.201s] GC(2) Concurrent Cycle 13.021ms
[2023-08-25T09:16:44.411+0700][8.223s] GC(3) Pause Young (Normal) (G1 Evacuation Pause)
[2023-08-25T09:16:44.411+0700][8.223s] GC(3) Using 8 workers of 8 for evacuation
[2023-08-25T09:16:44.411+0700][8.234s] GC(3)   Pre Evacuate Collection Set: 0.0ms
[2023-08-25T09:16:44.411+0700][8.234s] GC(3)   Evacuate Collection Set: 10.3ms
[2023-08-25T09:16:44.411+0700][8.234s] GC(3)   Post Evacuate Collection Set: 0.8ms
[2023-08-25T09:16:44.411+0700][8.234s] GC(3)   Other: 0.2ms
[2023-08-25T09:16:44.411+0700][8.234s] GC(3) Eden regions: 43->0(64)
[2023-08-25T09:16:44.411+0700][8.234s] GC(3) Survivor regions: 12->7(7)
[2023-08-25T09:16:44.411+0700][8.234s] GC(3) Old regions: 1->13
[2023-08-25T09:16:44.411+0700][8.234s] GC(3) Humongous regions: 4->4
[2023-08-25T09:16:44.411+0700][8.234s] GC(3) Metaspace: 24602K(25216K)->24602K(25216K) NonClass: 21934K(22272K)->21934K(22272K) Class: 2667K(2944K)->2667K(2944K)
[2023-08-25T09:16:44.427+0700][8.234s] GC(3) Pause Young (Normal) (G1 Evacuation Pause) 59M->23M(512M) 11.591ms
[2023-08-25T09:16:44.427+0700][8.234s] GC(3) User=0.02s Sys=0.00s Real=0.02s
[2023-08-25T09:16:45.350+0700][9.168s] GC(4) Pause Young (Normal) (G1 Evacuation Pause)
[2023-08-25T09:16:45.350+0700][9.168s] GC(4) Using 8 workers of 8 for evacuation
[2023-08-25T09:16:45.350+0700][9.171s] GC(4)   Pre Evacuate Collection Set: 0.0ms
[2023-08-25T09:16:45.350+0700][9.171s] GC(4)   Evacuate Collection Set: 2.7ms
[2023-08-25T09:16:45.350+0700][9.171s] GC(4)   Post Evacuate Collection Set: 0.3ms
[2023-08-25T09:16:45.350+0700][9.171s] GC(4)   Other: 0.2ms
[2023-08-25T09:16:45.350+0700][9.171s] GC(4) Eden regions: 64->0(105)
[2023-08-25T09:16:45.350+0700][9.171s] GC(4) Survivor regions: 7->2(9)
[2023-08-25T09:16:45.350+0700][9.171s] GC(4) Old regions: 13->20
[2023-08-25T09:16:45.350+0700][9.171s] GC(4) Humongous regions: 4->4
[2023-08-25T09:16:45.350+0700][9.171s] GC(4) Metaspace: 32048K(33024K)->32048K(33024K) NonClass: 28560K(29184K)->28560K(29184K) Class: 3488K(3840K)->3488K(3840K)
[2023-08-25T09:16:45.350+0700][9.171s] GC(4) Pause Young (Normal) (G1 Evacuation Pause) 87M->25M(512M) 3.394ms
[2023-08-25T09:16:45.350+0700][9.171s] GC(4) User=0.00s Sys=0.00s Real=0.00s
[2023-08-25T09:16:45.603+0700][9.426s] GC(5) Pause Young (Concurrent Start) (Metadata GC Threshold)
[2023-08-25T09:16:45.603+0700][9.426s] GC(5) Using 8 workers of 8 for evacuation
[2023-08-25T09:16:45.619+0700][9.429s] GC(5)   Pre Evacuate Collection Set: 0.1ms
[2023-08-25T09:16:45.619+0700][9.429s] GC(5)   Evacuate Collection Set: 2.8ms
[2023-08-25T09:16:45.619+0700][9.429s] GC(5)   Post Evacuate Collection Set: 0.2ms
[2023-08-25T09:16:45.619+0700][9.429s] GC(5)   Other: 0.2ms
[2023-08-25T09:16:45.619+0700][9.429s] GC(5) Eden regions: 14->0(114)
[2023-08-25T09:16:45.619+0700][9.429s] GC(5) Survivor regions: 2->2(14)
[2023-08-25T09:16:45.619+0700][9.429s] GC(5) Old regions: 20->20
[2023-08-25T09:16:45.619+0700][9.429s] GC(5) Humongous regions: 4->4
[2023-08-25T09:16:45.619+0700][9.429s] GC(5) Metaspace: 34980K(35840K)->34980K(35840K) NonClass: 31133K(31616K)->31133K(31616K) Class: 3846K(4224K)->3846K(4224K)
[2023-08-25T09:16:45.619+0700][9.429s] GC(5) Pause Young (Concurrent Start) (Metadata GC Threshold) 39M->25M(512M) 3.531ms
[2023-08-25T09:16:45.619+0700][9.429s] GC(5) User=0.02s Sys=0.00s Real=0.02s
[2023-08-25T09:16:45.619+0700][9.429s] GC(6) Concurrent Cycle
[2023-08-25T09:16:45.619+0700][9.429s] GC(6) Concurrent Clear Claimed Marks
[2023-08-25T09:16:45.619+0700][9.429s] GC(6) Concurrent Clear Claimed Marks 0.021ms
[2023-08-25T09:16:45.619+0700][9.429s] GC(6) Concurrent Scan Root Regions
[2023-08-25T09:16:45.619+0700][9.430s] GC(6) Concurrent Scan Root Regions 1.253ms
[2023-08-25T09:16:45.619+0700][9.431s] GC(6) Concurrent Mark (9.430s)
[2023-08-25T09:16:45.619+0700][9.431s] GC(6) Concurrent Mark From Roots
[2023-08-25T09:16:45.619+0700][9.431s] GC(6) Using 2 workers of 2 for marking
[2023-08-25T09:16:45.636+0700][9.446s] GC(6) Concurrent Mark From Roots 15.537ms
[2023-08-25T09:16:45.636+0700][9.446s] GC(6) Concurrent Preclean
[2023-08-25T09:16:45.636+0700][9.446s] GC(6) Concurrent Preclean 0.236ms
[2023-08-25T09:16:45.636+0700][9.446s] GC(6) Concurrent Mark (9.430s, 9.446s) 15.960ms
[2023-08-25T09:16:45.636+0700][9.447s] GC(6) Pause Remark
[2023-08-25T09:16:45.636+0700][9.450s] GC(6) Cleaned string and symbol table, strings: 16217 processed, 26 removed, symbols: 116107 processed, 41 removed
[2023-08-25T09:16:45.636+0700][9.450s] GC(6) Pause Remark 26M->26M(512M) 3.489ms
[2023-08-25T09:16:45.636+0700][9.450s] GC(6) User=0.00s Sys=0.00s Real=0.00s
[2023-08-25T09:16:45.636+0700][9.450s] GC(6) Concurrent Rebuild Remembered Sets
[2023-08-25T09:16:45.651+0700][9.467s] GC(6) Concurrent Rebuild Remembered Sets 16.688ms
[2023-08-25T09:16:45.651+0700][9.467s] GC(6) Pause Cleanup
[2023-08-25T09:16:45.651+0700][9.467s] GC(6) Pause Cleanup 26M->26M(512M) 0.120ms
[2023-08-25T09:16:45.651+0700][9.468s] GC(6) User=0.00s Sys=0.00s Real=0.00s
[2023-08-25T09:16:45.651+0700][9.468s] GC(6) Concurrent Cleanup for Next Mark
[2023-08-25T09:16:45.651+0700][9.469s] GC(6) Concurrent Cleanup for Next Mark 1.749ms
[2023-08-25T09:16:45.651+0700][9.469s] GC(6) Concurrent Cycle 40.284ms
[2023-08-25T09:16:46.857+0700][10.676s] GC(7) Pause Young (Normal) (G1 Evacuation Pause)
[2023-08-25T09:16:46.857+0700][10.676s] GC(7) Using 8 workers of 8 for evacuation
[2023-08-25T09:16:46.873+0700][10.682s] GC(7)   Pre Evacuate Collection Set: 0.0ms
[2023-08-25T09:16:46.873+0700][10.682s] GC(7)   Evacuate Collection Set: 4.9ms
[2023-08-25T09:16:46.873+0700][10.682s] GC(7)   Post Evacuate Collection Set: 0.8ms
[2023-08-25T09:16:46.873+0700][10.682s] GC(7)   Other: 0.2ms
[2023-08-25T09:16:46.873+0700][10.682s] GC(7) Eden regions: 119->0(184)
[2023-08-25T09:16:46.873+0700][10.682s] GC(7) Survivor regions: 2->8(16)
[2023-08-25T09:16:46.873+0700][10.682s] GC(7) Old regions: 20->20
[2023-08-25T09:16:46.873+0700][10.682s] GC(7) Humongous regions: 5->4
[2023-08-25T09:16:46.873+0700][10.682s] GC(7) Metaspace: 46274K(47488K)->46274K(47488K) NonClass: 41010K(41728K)->41010K(41728K) Class: 5264K(5760K)->5264K(5760K)
[2023-08-25T09:16:46.873+0700][10.682s] GC(7) Pause Young (Normal) (G1 Evacuation Pause) 145M->31M(512M) 6.062ms
[2023-08-25T09:16:46.873+0700][10.682s] GC(7) User=0.02s Sys=0.00s Real=0.02s
[2023-08-25T09:16:50.630+0700][14.442s] GC(8) Pause Young (Normal) (G1 Evacuation Pause)
[2023-08-25T09:16:50.630+0700][14.442s] GC(8) Using 8 workers of 8 for evacuation
[2023-08-25T09:16:50.648+0700][14.455s] GC(8)   Pre Evacuate Collection Set: 0.0ms
[2023-08-25T09:16:50.648+0700][14.455s] GC(8)   Evacuate Collection Set: 11.6ms
[2023-08-25T09:16:50.648+0700][14.455s] GC(8)   Post Evacuate Collection Set: 1.3ms
[2023-08-25T09:16:50.648+0700][14.455s] GC(8)   Other: 0.3ms
[2023-08-25T09:16:50.648+0700][14.455s] GC(8) Eden regions: 184->0(245)
[2023-08-25T09:16:50.648+0700][14.455s] GC(8) Survivor regions: 8->16(24)
[2023-08-25T09:16:50.648+0700][14.455s] GC(8) Old regions: 20->20
[2023-08-25T09:16:50.648+0700][14.456s] GC(8) Humongous regions: 4->4
[2023-08-25T09:16:50.648+0700][14.456s] GC(8) Metaspace: 54675K(56192K)->54675K(56192K) NonClass: 48246K(49152K)->48246K(49152K) Class: 6429K(7040K)->6429K(7040K)
[2023-08-25T09:16:50.648+0700][14.456s] GC(8) Pause Young (Normal) (G1 Evacuation Pause) 215M->39M(512M) 13.465ms
[2023-08-25T09:16:50.648+0700][14.456s] GC(8) User=0.02s Sys=0.00s Real=0.02s
[2023-08-25T09:23:02.867+0700][386.677s] GC(9) Pause Young (Concurrent Start) (Metadata GC Threshold)
[2023-08-25T09:23:02.867+0700][386.677s] GC(9) Using 8 workers of 8 for evacuation
[2023-08-25T09:23:02.891+0700][386.707s] GC(9)   Pre Evacuate Collection Set: 0.3ms
[2023-08-25T09:23:02.900+0700][386.707s] GC(9)   Evacuate Collection Set: 27.3ms
[2023-08-25T09:23:02.900+0700][386.707s] GC(9)   Post Evacuate Collection Set: 1.2ms
[2023-08-25T09:23:02.900+0700][386.707s] GC(9)   Other: 0.9ms
[2023-08-25T09:23:02.900+0700][386.707s] GC(9) Eden regions: 127->0(259)
[2023-08-25T09:23:02.900+0700][386.707s] GC(9) Survivor regions: 16->18(33)
[2023-08-25T09:23:02.900+0700][386.707s] GC(9) Old regions: 20->20
[2023-08-25T09:23:02.900+0700][386.707s] GC(9) Humongous regions: 4->4
[2023-08-25T09:23:02.900+0700][386.708s] GC(9) Metaspace: 58825K(60160K)->58825K(60160K) NonClass: 51980K(52736K)->51980K(52736K) Class: 6844K(7424K)->6844K(7424K)
[2023-08-25T09:23:02.900+0700][386.708s] GC(9) Pause Young (Concurrent Start) (Metadata GC Threshold) 166M->41M(512M) 30.487ms
[2023-08-25T09:23:02.900+0700][386.708s] GC(9) User=0.08s Sys=0.00s Real=0.03s
[2023-08-25T09:23:02.900+0700][386.708s] GC(10) Concurrent Cycle
[2023-08-25T09:23:02.900+0700][386.708s] GC(10) Concurrent Clear Claimed Marks
[2023-08-25T09:23:02.900+0700][386.709s] GC(10) Concurrent Clear Claimed Marks 1.183ms
[2023-08-25T09:23:02.900+0700][386.710s] GC(10) Concurrent Scan Root Regions
[2023-08-25T09:23:02.914+0700][386.722s] GC(10) Concurrent Scan Root Regions 12.782ms
[2023-08-25T09:23:02.914+0700][386.722s] GC(10) Concurrent Mark (386.722s)
[2023-08-25T09:23:02.914+0700][386.722s] GC(10) Concurrent Mark From Roots
[2023-08-25T09:23:02.914+0700][386.723s] GC(10) Using 2 workers of 2 for marking
[2023-08-25T09:23:02.946+0700][386.754s] GC(10) Concurrent Mark From Roots 31.444ms
[2023-08-25T09:23:02.946+0700][386.754s] GC(10) Concurrent Preclean
[2023-08-25T09:23:02.946+0700][386.754s] GC(10) Concurrent Preclean 0.352ms
[2023-08-25T09:23:02.946+0700][386.754s] GC(10) Concurrent Mark (386.722s, 386.754s) 32.031ms
[2023-08-25T09:23:02.946+0700][386.755s] GC(10) Pause Remark
[2023-08-25T09:23:02.955+0700][386.762s] GC(10) Cleaned string and symbol table, strings: 26058 processed, 1 removed, symbols: 175358 processed, 393 removed
[2023-08-25T09:23:02.955+0700][386.763s] GC(10) Pause Remark 45M->45M(512M) 7.424ms
[2023-08-25T09:23:02.955+0700][386.763s] GC(10) User=0.00s Sys=0.00s Real=0.01s
[2023-08-25T09:23:02.955+0700][386.763s] GC(10) Concurrent Rebuild Remembered Sets
[2023-08-25T09:23:02.974+0700][386.781s] GC(10) Concurrent Rebuild Remembered Sets 18.762ms
[2023-08-25T09:23:02.974+0700][386.782s] GC(10) Pause Cleanup
[2023-08-25T09:23:02.974+0700][386.783s] GC(10) Pause Cleanup 50M->50M(512M) 0.679ms
[2023-08-25T09:23:02.974+0700][386.783s] GC(10) User=0.00s Sys=0.02s Real=0.00s
[2023-08-25T09:23:02.976+0700][386.784s] GC(10) Concurrent Cleanup for Next Mark
[2023-08-25T09:23:02.981+0700][386.789s] GC(10) Concurrent Cleanup for Next Mark 5.449ms
[2023-08-25T09:23:02.981+0700][386.789s] GC(10) Concurrent Cycle 80.979ms
