[2023-08-28T09:53:43.674+0700][0.022s] Heap region size: 1M
[2023-08-28T09:53:43.859+0700][0.207s] Using G1
[2023-08-28T09:53:43.859+0700][0.207s] Heap address: 0x00000000e0000000, size: 512 MB, Compressed Oops mode: 32-bit
[2023-08-28T09:53:44.934+0700][1.281s] GC(0) Pause Young (Normal) (G1 Evacuation Pause)
[2023-08-28T09:53:44.934+0700][1.282s] GC(0) Using 8 workers of 8 for evacuation
[2023-08-28T09:53:44.963+0700][1.311s] GC(0)   Pre Evacuate Collection Set: 0.0ms
[2023-08-28T09:53:44.963+0700][1.311s] GC(0)   Evacuate Collection Set: 25.1ms
[2023-08-28T09:53:44.963+0700][1.311s] GC(0)   Post Evacuate Collection Set: 3.1ms
[2023-08-28T09:53:44.963+0700][1.311s] GC(0)   Other: 1.1ms
[2023-08-28T09:53:44.963+0700][1.311s] GC(0) Eden regions: 30->0(303)
[2023-08-28T09:53:44.963+0700][1.311s] GC(0) Survivor regions: 0->4(4)
[2023-08-28T09:53:44.963+0700][1.311s] GC(0) Old regions: 0->0
[2023-08-28T09:53:44.963+0700][1.311s] GC(0) Humongous regions: 0->0
[2023-08-28T09:53:44.963+0700][1.311s] GC(0) Metaspace: 16239K(16896K)->16239K(16896K) NonClass: 14489K(14848K)->14489K(14848K) Class: 1750K(2048K)->1750K(2048K)
[2023-08-28T09:53:44.963+0700][1.311s] GC(0) Pause Young (Normal) (G1 Evacuation Pause) 30M->3M(512M) 29.747ms
[2023-08-28T09:53:44.963+0700][1.311s] GC(0) User=0.06s Sys=0.03s Real=0.03s
[2023-08-28T09:53:45.339+0700][1.687s] GC(1) Pause Young (Concurrent Start) (Metadata GC Threshold)
[2023-08-28T09:53:45.339+0700][1.687s] GC(1) Using 8 workers of 8 for evacuation
[2023-08-28T09:53:45.353+0700][1.701s] GC(1)   Pre Evacuate Collection Set: 0.0ms
[2023-08-28T09:53:45.353+0700][1.701s] GC(1)   Evacuate Collection Set: 12.4ms
[2023-08-28T09:53:45.353+0700][1.701s] GC(1)   Post Evacuate Collection Set: 1.1ms
[2023-08-28T09:53:45.353+0700][1.701s] GC(1)   Other: 0.3ms
[2023-08-28T09:53:45.353+0700][1.701s] GC(1) Eden regions: 18->0(53)
[2023-08-28T09:53:45.353+0700][1.701s] GC(1) Survivor regions: 4->12(39)
[2023-08-28T09:53:45.353+0700][1.701s] GC(1) Old regions: 0->0
[2023-08-28T09:53:45.353+0700][1.701s] GC(1) Humongous regions: 4->4
[2023-08-28T09:53:45.353+0700][1.701s] GC(1) Metaspace: 20638K(21248K)->20638K(21248K) NonClass: 18388K(18688K)->18388K(18688K) Class: 2249K(2560K)->2249K(2560K)
[2023-08-28T09:53:45.353+0700][1.701s] GC(1) Pause Young (Concurrent Start) (Metadata GC Threshold) 25M->16M(512M) 13.980ms
[2023-08-28T09:53:45.353+0700][1.701s] GC(1) User=0.05s Sys=0.00s Real=0.01s
[2023-08-28T09:53:45.353+0700][1.701s] GC(2) Concurrent Cycle
[2023-08-28T09:53:45.353+0700][1.701s] GC(2) Concurrent Clear Claimed Marks
[2023-08-28T09:53:45.353+0700][1.701s] GC(2) Concurrent Clear Claimed Marks 0.037ms
[2023-08-28T09:53:45.353+0700][1.701s] GC(2) Concurrent Scan Root Regions
[2023-08-28T09:53:45.357+0700][1.704s] GC(2) Concurrent Scan Root Regions 3.213ms
[2023-08-28T09:53:45.357+0700][1.704s] GC(2) Concurrent Mark (1.704s)
[2023-08-28T09:53:45.357+0700][1.704s] GC(2) Concurrent Mark From Roots
[2023-08-28T09:53:45.357+0700][1.704s] GC(2) Using 2 workers of 2 for marking
[2023-08-28T09:53:45.357+0700][1.705s] GC(2) Concurrent Mark From Roots 0.843ms
[2023-08-28T09:53:45.357+0700][1.705s] GC(2) Concurrent Preclean
[2023-08-28T09:53:45.358+0700][1.705s] GC(2) Concurrent Preclean 0.060ms
[2023-08-28T09:53:45.358+0700][1.705s] GC(2) Concurrent Mark (1.704s, 1.705s) 0.981ms
[2023-08-28T09:53:45.358+0700][1.705s] GC(2) Pause Remark
[2023-08-28T09:53:45.359+0700][1.707s] GC(2) Cleaned string and symbol table, strings: 10195 processed, 0 removed, symbols: 68808 processed, 23 removed
[2023-08-28T09:53:45.359+0700][1.707s] GC(2) Pause Remark 16M->16M(512M) 1.862ms
[2023-08-28T09:53:45.359+0700][1.707s] GC(2) User=0.00s Sys=0.00s Real=0.00s
[2023-08-28T09:53:45.359+0700][1.707s] GC(2) Concurrent Rebuild Remembered Sets
[2023-08-28T09:53:45.361+0700][1.709s] GC(2) Concurrent Rebuild Remembered Sets 1.927ms
[2023-08-28T09:53:45.362+0700][1.710s] GC(2) Pause Cleanup
[2023-08-28T09:53:45.362+0700][1.710s] GC(2) Pause Cleanup 16M->16M(512M) 0.372ms
[2023-08-28T09:53:45.362+0700][1.710s] GC(2) User=0.00s Sys=0.00s Real=0.00s
[2023-08-28T09:53:45.362+0700][1.711s] GC(2) Concurrent Cleanup for Next Mark
[2023-08-28T09:53:45.364+0700][1.713s] GC(2) Concurrent Cleanup for Next Mark 1.774ms
[2023-08-28T09:53:45.364+0700][1.713s] GC(2) Concurrent Cycle 11.666ms
[2023-08-28T09:53:45.854+0700][2.202s] GC(3) Pause Young (Normal) (G1 Evacuation Pause)
[2023-08-28T09:53:45.854+0700][2.202s] GC(3) Using 8 workers of 8 for evacuation
[2023-08-28T09:53:45.866+0700][2.214s] GC(3)   Pre Evacuate Collection Set: 0.0ms
[2023-08-28T09:53:45.866+0700][2.214s] GC(3)   Evacuate Collection Set: 11.1ms
[2023-08-28T09:53:45.866+0700][2.214s] GC(3)   Post Evacuate Collection Set: 1.1ms
[2023-08-28T09:53:45.866+0700][2.214s] GC(3)   Other: 0.1ms
[2023-08-28T09:53:45.866+0700][2.214s] GC(3) Eden regions: 30->0(73)
[2023-08-28T09:53:45.866+0700][2.214s] GC(3) Survivor regions: 12->6(6)
[2023-08-28T09:53:45.866+0700][2.214s] GC(3) Old regions: 0->12
[2023-08-28T09:53:45.866+0700][2.214s] GC(3) Humongous regions: 4->4
[2023-08-28T09:53:45.866+0700][2.214s] GC(3) Metaspace: 24346K(25216K)->24346K(25216K) NonClass: 21698K(22272K)->21698K(22272K) Class: 2648K(2944K)->2648K(2944K)
[2023-08-28T09:53:45.866+0700][2.214s] GC(3) Pause Young (Normal) (G1 Evacuation Pause) 46M->21M(512M) 12.470ms
[2023-08-28T09:53:45.866+0700][2.214s] GC(3) User=0.06s Sys=0.02s Real=0.01s
[2023-08-28T09:53:46.765+0700][3.112s] GC(4) Pause Young (Normal) (G1 Evacuation Pause)
[2023-08-28T09:53:46.765+0700][3.112s] GC(4) Using 8 workers of 8 for evacuation
[2023-08-28T09:53:46.768+0700][3.116s] GC(4)   Pre Evacuate Collection Set: 0.0ms
[2023-08-28T09:53:46.768+0700][3.116s] GC(4)   Evacuate Collection Set: 2.7ms
[2023-08-28T09:53:46.768+0700][3.116s] GC(4)   Post Evacuate Collection Set: 0.8ms
[2023-08-28T09:53:46.768+0700][3.116s] GC(4)   Other: 0.2ms
[2023-08-28T09:53:46.768+0700][3.116s] GC(4) Eden regions: 73->0(104)
[2023-08-28T09:53:46.768+0700][3.116s] GC(4) Survivor regions: 6->9(10)
[2023-08-28T09:53:46.768+0700][3.116s] GC(4) Old regions: 12->12
[2023-08-28T09:53:46.769+0700][3.116s] GC(4) Humongous regions: 4->4
[2023-08-28T09:53:46.769+0700][3.116s] GC(4) Metaspace: 31848K(32768K)->31848K(32768K) NonClass: 28380K(28928K)->28380K(28928K) Class: 3468K(3840K)->3468K(3840K)
[2023-08-28T09:53:46.769+0700][3.116s] GC(4) Pause Young (Normal) (G1 Evacuation Pause) 94M->24M(512M) 3.770ms
[2023-08-28T09:53:46.769+0700][3.116s] GC(4) User=0.00s Sys=0.00s Real=0.00s
[2023-08-28T09:53:47.026+0700][3.374s] GC(5) Pause Young (Concurrent Start) (Metadata GC Threshold)
[2023-08-28T09:53:47.026+0700][3.374s] GC(5) Using 8 workers of 8 for evacuation
[2023-08-28T09:53:47.033+0700][3.381s] GC(5)   Pre Evacuate Collection Set: 0.1ms
[2023-08-28T09:53:47.033+0700][3.381s] GC(5)   Evacuate Collection Set: 6.8ms
[2023-08-28T09:53:47.033+0700][3.381s] GC(5)   Post Evacuate Collection Set: 0.5ms
[2023-08-28T09:53:47.034+0700][3.382s] GC(5)   Other: 0.2ms
[2023-08-28T09:53:47.034+0700][3.382s] GC(5) Eden regions: 15->0(121)
[2023-08-28T09:53:47.034+0700][3.382s] GC(5) Survivor regions: 9->5(15)
[2023-08-28T09:53:47.034+0700][3.382s] GC(5) Old regions: 12->17
[2023-08-28T09:53:47.034+0700][3.382s] GC(5) Humongous regions: 4->4
[2023-08-28T09:53:47.034+0700][3.382s] GC(5) Metaspace: 35032K(35840K)->35032K(35840K) NonClass: 31176K(31616K)->31176K(31616K) Class: 3855K(4224K)->3855K(4224K)
[2023-08-28T09:53:47.034+0700][3.382s] GC(5) Pause Young (Concurrent Start) (Metadata GC Threshold) 38M->24M(512M) 7.863ms
[2023-08-28T09:53:47.034+0700][3.382s] GC(5) User=0.02s Sys=0.00s Real=0.01s
[2023-08-28T09:53:47.034+0700][3.382s] GC(6) Concurrent Cycle
[2023-08-28T09:53:47.034+0700][3.382s] GC(6) Concurrent Clear Claimed Marks
[2023-08-28T09:53:47.034+0700][3.382s] GC(6) Concurrent Clear Claimed Marks 0.033ms
[2023-08-28T09:53:47.034+0700][3.382s] GC(6) Concurrent Scan Root Regions
[2023-08-28T09:53:47.035+0700][3.383s] GC(6) Concurrent Scan Root Regions 1.620ms
[2023-08-28T09:53:47.035+0700][3.383s] GC(6) Concurrent Mark (3.383s)
[2023-08-28T09:53:47.036+0700][3.384s] GC(6) Concurrent Mark From Roots
[2023-08-28T09:53:47.036+0700][3.384s] GC(6) Using 2 workers of 2 for marking
[2023-08-28T09:53:47.050+0700][3.398s] GC(6) Concurrent Mark From Roots 14.829ms
[2023-08-28T09:53:47.050+0700][3.399s] GC(6) Concurrent Preclean
[2023-08-28T09:53:47.051+0700][3.399s] GC(6) Concurrent Preclean 0.209ms
[2023-08-28T09:53:47.051+0700][3.399s] GC(6) Concurrent Mark (3.383s, 3.399s) 15.246ms
[2023-08-28T09:53:47.051+0700][3.399s] GC(6) Pause Remark
[2023-08-28T09:53:47.054+0700][3.402s] GC(6) Cleaned string and symbol table, strings: 16200 processed, 22 removed, symbols: 116123 processed, 41 removed
[2023-08-28T09:53:47.054+0700][3.403s] GC(6) Pause Remark 25M->25M(512M) 3.187ms
[2023-08-28T09:53:47.054+0700][3.403s] GC(6) User=0.00s Sys=0.00s Real=0.00s
[2023-08-28T09:53:47.054+0700][3.403s] GC(6) Concurrent Rebuild Remembered Sets
[2023-08-28T09:53:47.065+0700][3.412s] GC(6) Concurrent Rebuild Remembered Sets 9.714ms
[2023-08-28T09:53:47.065+0700][3.413s] GC(6) Pause Cleanup
[2023-08-28T09:53:47.065+0700][3.413s] GC(6) Pause Cleanup 25M->25M(512M) 0.190ms
[2023-08-28T09:53:47.065+0700][3.413s] GC(6) User=0.00s Sys=0.00s Real=0.00s
[2023-08-28T09:53:47.065+0700][3.413s] GC(6) Concurrent Cleanup for Next Mark
[2023-08-28T09:53:47.067+0700][3.415s] GC(6) Concurrent Cleanup for Next Mark 2.153ms
[2023-08-28T09:53:47.067+0700][3.415s] GC(6) Concurrent Cycle 33.574ms
[2023-08-28T09:53:48.453+0700][4.801s] GC(7) Pause Young (Normal) (G1 Evacuation Pause)
[2023-08-28T09:53:48.453+0700][4.801s] GC(7) Using 8 workers of 8 for evacuation
[2023-08-28T09:53:48.464+0700][4.812s] GC(7)   Pre Evacuate Collection Set: 0.0ms
[2023-08-28T09:53:48.464+0700][4.812s] GC(7)   Evacuate Collection Set: 7.6ms
[2023-08-28T09:53:48.464+0700][4.812s] GC(7)   Post Evacuate Collection Set: 2.5ms
[2023-08-28T09:53:48.464+0700][4.812s] GC(7)   Other: 0.3ms
[2023-08-28T09:53:48.464+0700][4.812s] GC(7) Eden regions: 126->0(291)
[2023-08-28T09:53:48.464+0700][4.812s] GC(7) Survivor regions: 5->11(17)
[2023-08-28T09:53:48.464+0700][4.812s] GC(7) Old regions: 17->17
[2023-08-28T09:53:48.464+0700][4.812s] GC(7) Humongous regions: 5->4
[2023-08-28T09:53:48.464+0700][4.812s] GC(7) Metaspace: 46848K(48128K)->46848K(48128K) NonClass: 41450K(42240K)->41450K(42240K) Class: 5398K(5888K)->5398K(5888K)
[2023-08-28T09:53:48.464+0700][4.812s] GC(7) Pause Young (Normal) (G1 Evacuation Pause) 151M->30M(512M) 10.665ms
[2023-08-28T09:53:48.464+0700][4.812s] GC(7) User=0.00s Sys=0.00s Real=0.01s
[2023-08-28T10:09:01.949+0700][918.297s] GC(8) Pause Young (Concurrent Start) (Metadata GC Threshold)
[2023-08-28T10:09:01.953+0700][918.300s] GC(8) Using 8 workers of 8 for evacuation
[2023-08-28T10:09:02.102+0700][918.450s] GC(8)   Pre Evacuate Collection Set: 16.8ms
[2023-08-28T10:09:02.102+0700][918.450s] GC(8)   Evacuate Collection Set: 110.9ms
[2023-08-28T10:09:02.102+0700][918.450s] GC(8)   Post Evacuate Collection Set: 7.6ms
[2023-08-28T10:09:02.102+0700][918.450s] GC(8)   Other: 20.5ms
[2023-08-28T10:09:02.102+0700][918.450s] GC(8) Eden regions: 276->0(287)
[2023-08-28T10:09:02.102+0700][918.450s] GC(8) Survivor regions: 11->20(38)
[2023-08-28T10:09:02.102+0700][918.450s] GC(8) Old regions: 17->17
[2023-08-28T10:09:02.102+0700][918.450s] GC(8) Humongous regions: 4->4
[2023-08-28T10:09:02.102+0700][918.450s] GC(8) Metaspace: 58808K(60160K)->58808K(60160K) NonClass: 51957K(52736K)->51957K(52736K) Class: 6851K(7424K)->6851K(7424K)
[2023-08-28T10:09:02.103+0700][918.451s] GC(8) Pause Young (Concurrent Start) (Metadata GC Threshold) 306M->40M(512M) 154.186ms
[2023-08-28T10:09:02.103+0700][918.451s] GC(8) User=0.05s Sys=0.23s Real=0.15s
[2023-08-28T10:09:02.104+0700][918.452s] GC(9) Concurrent Cycle
[2023-08-28T10:09:02.104+0700][918.452s] GC(9) Concurrent Clear Claimed Marks
[2023-08-28T10:09:02.104+0700][918.452s] GC(9) Concurrent Clear Claimed Marks 0.105ms
[2023-08-28T10:09:02.104+0700][918.452s] GC(9) Concurrent Scan Root Regions
[2023-08-28T10:09:02.112+0700][918.460s] GC(9) Concurrent Scan Root Regions 8.024ms
[2023-08-28T10:09:02.112+0700][918.460s] GC(9) Concurrent Mark (918.460s)
[2023-08-28T10:09:02.112+0700][918.460s] GC(9) Concurrent Mark From Roots
[2023-08-28T10:09:02.112+0700][918.460s] GC(9) Using 2 workers of 2 for marking
[2023-08-28T10:09:02.136+0700][918.484s] GC(9) Concurrent Mark From Roots 23.642ms
[2023-08-28T10:09:02.136+0700][918.484s] GC(9) Concurrent Preclean
[2023-08-28T10:09:02.136+0700][918.484s] GC(9) Concurrent Preclean 0.200ms
[2023-08-28T10:09:02.136+0700][918.484s] GC(9) Concurrent Mark (918.460s, 918.484s) 23.938ms
[2023-08-28T10:09:02.137+0700][918.484s] GC(9) Pause Remark
[2023-08-28T10:09:02.311+0700][918.660s] GC(9) Cleaned string and symbol table, strings: 25989 processed, 996 removed, symbols: 175396 processed, 393 removed
[2023-08-28T10:09:02.312+0700][918.661s] GC(9) Pause Remark 40M->40M(512M) 176.288ms
[2023-08-28T10:09:02.312+0700][918.661s] GC(9) User=0.00s Sys=0.05s Real=0.17s
[2023-08-28T10:09:02.312+0700][918.661s] GC(9) Concurrent Rebuild Remembered Sets
[2023-08-28T10:09:02.320+0700][918.668s] GC(9) Concurrent Rebuild Remembered Sets 7.273ms
[2023-08-28T10:09:02.320+0700][918.668s] GC(9) Pause Cleanup
[2023-08-28T10:09:02.320+0700][918.668s] GC(9) Pause Cleanup 41M->41M(512M) 0.107ms
[2023-08-28T10:09:02.320+0700][918.669s] GC(9) User=0.00s Sys=0.00s Real=0.00s
[2023-08-28T10:09:02.320+0700][918.669s] GC(9) Concurrent Cleanup for Next Mark
[2023-08-28T10:09:02.324+0700][918.672s] GC(9) Concurrent Cleanup for Next Mark 3.583ms
[2023-08-28T10:09:02.324+0700][918.672s] GC(9) Concurrent Cycle 220.582ms
[2023-08-30T10:41:57.451+0700][175700.063s] GC(10) Pause Young (Normal) (G1 Evacuation Pause)
[2023-08-30T10:41:57.455+0700][175700.067s] GC(10) Using 8 workers of 8 for evacuation
[2023-08-30T10:41:57.641+0700][175700.253s] GC(10)   Pre Evacuate Collection Set: 2.7ms
[2023-08-30T10:41:57.641+0700][175700.253s] GC(10)   Evacuate Collection Set: 155.7ms
[2023-08-30T10:41:57.641+0700][175700.253s] GC(10)   Post Evacuate Collection Set: 17.6ms
[2023-08-30T10:41:57.641+0700][175700.253s] GC(10)   Other: 18.7ms
[2023-08-30T10:41:57.641+0700][175700.253s] GC(10) Eden regions: 287->0(287)
[2023-08-30T10:41:57.641+0700][175700.253s] GC(10) Survivor regions: 20->20(39)
[2023-08-30T10:41:57.641+0700][175700.253s] GC(10) Old regions: 17->17
[2023-08-30T10:41:57.641+0700][175700.253s] GC(10) Humongous regions: 4->4
[2023-08-30T10:41:57.641+0700][175700.253s] GC(10) Metaspace: 59510K(61312K)->59510K(61312K) NonClass: 52639K(53760K)->52639K(53760K) Class: 6870K(7552K)->6870K(7552K)
[2023-08-30T10:41:57.642+0700][175700.254s] GC(10) Pause Young (Normal) (G1 Evacuation Pause) 327M->40M(512M) 191.569ms
[2023-08-30T10:41:57.642+0700][175700.254s] GC(10) User=0.16s Sys=0.16s Real=0.19s
[2023-08-30T11:28:30.498+0700][178493.111s] Heap
[2023-08-30T11:28:30.499+0700][178493.112s]  garbage-first heap   total 524288K, used 215240K [0x00000000e0000000, 0x0000000100000000)
[2023-08-30T11:28:30.499+0700][178493.112s]   region size 1024K, 192 young (196608K), 20 survivors (20480K)
[2023-08-30T11:28:30.499+0700][178493.112s]  Metaspace       used 60637K, capacity 61940K, committed 62080K, reserved 1103872K
[2023-08-30T11:28:30.499+0700][178493.112s]   class space    used 6958K, capacity 7470K, committed 7552K, reserved 1048576K
